+ printf 'CUBRID=%s\nfixture=%s\nhelpers=%s\n' /mnt/install /home/vimkim/gh/cb/CBRD-27398-pgbuf-inspector-contract/build_preset_debug_gcc/bin/pgbuf_inspector_fixture /home/vimkim/gh/cb/CBRD-27398-pgbuf-inspector-contract/unit_tests/pgbuf_inspector
CUBRID=/mnt/install
fixture=/home/vimkim/gh/cb/CBRD-27398-pgbuf-inspector-contract/build_preset_debug_gcc/bin/pgbuf_inspector_fixture
helpers=/home/vimkim/gh/cb/CBRD-27398-pgbuf-inspector-contract/unit_tests/pgbuf_inspector
+ command -v cubrid
/mnt/CTP/shell/init_path/cubrid
+ cubrid_rel

CUBRID 11.5.0 (11.5.0.2545-e5f3cdf) (64bit debug build for Linux) (Sep  9 2026 18:38:21)

+ git -C /home/vimkim/gh/cb/CBRD-27398-pgbuf-inspector-contract/unit_tests/pgbuf_inspector rev-parse HEAD
481d26c4770b799ebcd1981a6ebbc8434376ff93
+ git rev-parse HEAD
a648d78f599504fe0c916628ea51ea3f2b5f7ca7
+ sha256sum /mnt/install/bin/cub_server /mnt/install/lib/libcubrid.so /home/vimkim/gh/cb/CBRD-27398-pgbuf-inspector-contract/build_preset_debug_gcc/bin/pgbuf_inspector_fixture /home/vimkim/gh/cb/CBRD-27398-pgbuf-inspector-contract/unit_tests/pgbuf_inspector/controlled_observation.py /home/vimkim/gh/cb/CBRD-27398-pgbuf-inspector-contract/unit_tests/pgbuf_inspector/server_attachment.py
2baa59f72cea19ac6fae73a3fe92eb8d5c61eea01129790aa56856b244ef4b81  /mnt/install/bin/cub_server
f169f822d0db97474476970a437e1ef0cb0fdde176abcb8efccf135c029fb54d  /mnt/install/lib/libcubrid.so
e6d59ff1f837b1c18dd4b14f6ae90d8a64a28edde2565c4937f25325001718f0  /home/vimkim/gh/cb/CBRD-27398-pgbuf-inspector-contract/build_preset_debug_gcc/bin/pgbuf_inspector_fixture
780ea18060ee2bc4fddf81b766fff0aa62722fa1d38d29d8409d6ece2e4fd5a6  /home/vimkim/gh/cb/CBRD-27398-pgbuf-inspector-contract/unit_tests/pgbuf_inspector/controlled_observation.py
fe54b20f572b7d3761bfdd9127afb280c0ed67d5079ed04db2f7c287a3be5f1f  /home/vimkim/gh/cb/CBRD-27398-pgbuf-inspector-contract/unit_tests/pgbuf_inspector/server_attachment.py
+ ldd /home/vimkim/gh/cb/CBRD-27398-pgbuf-inspector-contract/build_preset_debug_gcc/bin/pgbuf_inspector_fixture
	linux-vdso.so.1 (0x00007ffe505cc000)
	libcubrid.so.11.5 => /mnt/install/lib/libcubrid.so.11.5 (0x00007fa61e600000)
	libcascci.so.11.2 => /mnt/install/lib/libcascci.so.11.2 (0x00007fa61e000000)
	libm.so.6 => /lib64/libm.so.6 (0x00007fa61df25000)
	libgcc_s.so.1 => /lib64/libgcc_s.so.1 (0x00007fa61fe46000)
	libc.so.6 => /lib64/libc.so.6 (0x00007fa61dc00000)
	/lib64/ld-linux-x86-64.so.2 (0x00007fa61fe90000)
