[WebServer]     Finished `dev` profile [unoptimized + debuginfo] target(s) in 0.06s

[WebServer] Bound to 127.0.0.1:41739
[WebServer] Available at (non-exhaustive list):
[WebServer]     http://127.0.0.1:41739
[WebServer] Holding one immutable reading; a changed input invalidates this session.

[WebServer]     Finished `dev` profile [unoptimized + debuginfo] target(s) in 0.06s

[WebServer] Bound to 127.0.0.1:41740
[WebServer] Available at (non-exhaustive list):
[WebServer]     http://127.0.0.1:41740
[WebServer] Holding one immutable reading; a changed input invalidates this session.

[WebServer]     Finished `dev` profile [unoptimized + debuginfo] target(s) in 0.06s

[WebServer] Bound to 127.0.0.1:41741
[WebServer] Available at (non-exhaustive list):
[WebServer]     http://127.0.0.1:41741
[WebServer] Following the input every 500 ms; a change publishes a new generation.

[WebServer]     Finished `dev` profile [unoptimized + debuginfo] target(s) in 0.06s

[WebServer] Bound to 127.0.0.1:41743
[WebServer] Available at (non-exhaustive list):
[WebServer]     http://127.0.0.1:41743
[WebServer] Following the input every 500 ms; a change publishes a new generation.


Running 10 tests using 1 worker

(node:2951599) Warning: The 'NO_COLOR' env is ignored due to the 'FORCE_COLOR' env being set.
(Use `node --trace-warnings ...` to show where the warning was created)


[1/10] [chromium] › e2e/multitab-observations.spec.ts:27:3 › 1 mixed tabs preserve request scope and disk navigation under simultaneous and staggered demand
[chromium] › e2e/multitab-observations.spec.ts:27:3 › 1 mixed tabs preserve request scope and disk navigation under simultaneous and staggered demand
demand 1/0 simultaneous volume/0

response 1/0 simultaneous 200 1

demand 1/0 staggered volume/0

response 1/0 staggered 200 2

[2/10] [chromium] › e2e/multitab-observations.spec.ts:27:3 › 8 mixed tabs preserve request scope and disk navigation under simultaneous and staggered demand
[chromium] › e2e/multitab-observations.spec.ts:27:3 › 8 mixed tabs preserve request scope and disk navigation under simultaneous and staggered demand
demand 8/0 simultaneous volume/0

demand 8/1 simultaneous sector/0/0

demand 8/2 simultaneous page/0/10

demand 8/3 simultaneous volume/0

demand 8/4 simultaneous sector/0/0

demand 8/5 simultaneous page/0/10

demand 8/6 simultaneous volume/0

demand 8/7 simultaneous sector/0/0

response 8/4 simultaneous 200 3

response 8/1 simultaneous 200 3

response 8/6 simultaneous 200 3

response 8/2 simultaneous 200 3

response 8/5 simultaneous 200 3

response 8/7 simultaneous 200 3

response 8/0 simultaneous 200 3

response 8/3 simultaneous 200 3

demand 8/0 staggered volume/0

response 8/0 staggered 200 4

demand 8/1 staggered sector/0/0

response 8/1 staggered 200 5

demand 8/2 staggered page/0/10

response 8/2 staggered 200 6

demand 8/3 staggered volume/0

response 8/3 staggered 200 7

demand 8/4 staggered sector/0/0

response 8/4 staggered 200 8

demand 8/5 staggered page/0/10

response 8/5 staggered 200 9

demand 8/6 staggered volume/0

response 8/6 staggered 200 10

demand 8/7 staggered sector/0/0

response 8/7 staggered 200 11

[3/10] [chromium] › e2e/multitab-observations.spec.ts:27:3 › 32 mixed tabs preserve request scope and disk navigation under simultaneous and staggered demand
[chromium] › e2e/multitab-observations.spec.ts:27:3 › 32 mixed tabs preserve request scope and disk navigation under simultaneous and staggered demand
demand 32/0 simultaneous volume/0

demand 32/1 simultaneous sector/0/0

demand 32/2 simultaneous page/0/10

demand 32/3 simultaneous volume/0

demand 32/4 simultaneous sector/0/0

demand 32/5 simultaneous page/0/10

demand 32/6 simultaneous volume/0

demand 32/7 simultaneous sector/0/0

demand 32/8 simultaneous page/0/10

demand 32/9 simultaneous volume/0

demand 32/10 simultaneous sector/0/0

demand 32/11 simultaneous page/0/10

demand 32/12 simultaneous volume/0

demand 32/13 simultaneous sector/0/0

demand 32/14 simultaneous page/0/10

demand 32/15 simultaneous volume/0

demand 32/16 simultaneous sector/0/0

demand 32/17 simultaneous page/0/10

demand 32/18 simultaneous volume/0

demand 32/19 simultaneous sector/0/0

demand 32/20 simultaneous page/0/10

demand 32/21 simultaneous volume/0

demand 32/22 simultaneous sector/0/0

demand 32/23 simultaneous page/0/10

demand 32/24 simultaneous volume/0

demand 32/25 simultaneous sector/0/0

demand 32/26 simultaneous page/0/10

demand 32/27 simultaneous volume/0

demand 32/28 simultaneous sector/0/0

demand 32/29 simultaneous page/0/10

demand 32/30 simultaneous volume/0

demand 32/31 simultaneous sector/0/0

response 32/11 simultaneous 200 12

response 32/20 simultaneous 200 12

response 32/8 simultaneous 200 12

response 32/2 simultaneous 200 12

response 32/5 simultaneous 200 12

response 32/23 simultaneous 200 12

response 32/29 simultaneous 200 12

response 32/17 simultaneous 200 12

response 32/1 simultaneous 200 12

response 32/16 simultaneous 200 12

response 32/10 simultaneous 200 12

response 32/31 simultaneous 200 12

response 32/13 simultaneous 200 12

response 32/14 simultaneous 200 12

response 32/26 simultaneous 200 12

response 32/19 simultaneous 200 12

response 32/4 simultaneous 200 12

response 32/28 simultaneous 200 12

response 32/22 simultaneous 200 12

response 32/7 simultaneous 200 12

response 32/0 simultaneous 200 12

response 32/25 simultaneous 200 12

response 32/3 simultaneous 200 12

response 32/21 simultaneous 200 12

response 32/18 simultaneous 200 12

response 32/15 simultaneous 200 12

response 32/24 simultaneous 200 12

response 32/27 simultaneous 200 12

response 32/6 simultaneous 200 12

response 32/9 simultaneous 200 12

response 32/30 simultaneous 200 12

response 32/12 simultaneous 200 12

demand 32/0 staggered volume/0

response 32/0 staggered 200 15

demand 32/1 staggered sector/0/0

response 32/1 staggered 200 16

demand 32/2 staggered page/0/10

response 32/2 staggered 200 17

demand 32/3 staggered volume/0

response 32/3 staggered 200 18

demand 32/4 staggered sector/0/0

response 32/4 staggered 200 19

demand 32/5 staggered page/0/10

response 32/5 staggered 200 20

demand 32/6 staggered volume/0

response 32/6 staggered 200 21

demand 32/7 staggered sector/0/0

response 32/7 staggered 200 22

demand 32/8 staggered page/0/10

response 32/8 staggered 200 23

demand 32/9 staggered volume/0

response 32/9 staggered 200 24

demand 32/10 staggered sector/0/0

response 32/10 staggered 200 25

demand 32/11 staggered page/0/10

response 32/11 staggered 200 26

demand 32/12 staggered volume/0

response 32/12 staggered 200 27

demand 32/13 staggered sector/0/0

response 32/13 staggered 200 28

demand 32/14 staggered page/0/10

response 32/14 staggered 200 29

demand 32/15 staggered volume/0

response 32/15 staggered 200 30

demand 32/16 staggered sector/0/0

response 32/16 staggered 200 31

demand 32/17 staggered page/0/10

response 32/17 staggered 200 32

demand 32/18 staggered volume/0

response 32/18 staggered 200 33

demand 32/19 staggered sector/0/0

response 32/19 staggered 200 34

demand 32/20 staggered page/0/10

response 32/20 staggered 200 35

demand 32/21 staggered volume/0

response 32/21 staggered 200 36

demand 32/22 staggered sector/0/0

response 32/22 staggered 200 37

demand 32/23 staggered page/0/10

response 32/23 staggered 200 38

demand 32/24 staggered volume/0

response 32/24 staggered 200 39

demand 32/25 staggered sector/0/0

response 32/25 staggered 200 40

demand 32/26 staggered page/0/10

response 32/26 staggered 200 41

demand 32/27 staggered volume/0

response 32/27 staggered 200 42

demand 32/28 staggered sector/0/0

response 32/28 staggered 200 43

demand 32/29 staggered page/0/10

response 32/29 staggered 200 44

demand 32/30 staggered volume/0

response 32/30 staggered 200 45

demand 32/31 staggered sector/0/0

response 32/31 staggered 200 46

[4/10] [chromium] › e2e/multitab-observations.spec.ts:91:3 › volume/0 paused evidence only sees other-tab availability and expires while hidden requests stay silent
[5/10] [chromium] › e2e/multitab-observations.spec.ts:91:3 › sector/0/0 paused evidence only sees other-tab availability and expires while hidden requests stay silent
(node:2953263) Warning: The 'NO_COLOR' env is ignored due to the 'FORCE_COLOR' env being set.
(Use `node --trace-warnings ...` to show where the warning was created)


[6/10] [firefox] › e2e/multitab-observations.spec.ts:27:3 › 1 mixed tabs preserve request scope and disk navigation under simultaneous and staggered demand
[firefox] › e2e/multitab-observations.spec.ts:27:3 › 1 mixed tabs preserve request scope and disk navigation under simultaneous and staggered demand
demand 1/0 simultaneous volume/0

response 1/0 simultaneous 200 53

demand 1/0 staggered volume/0

response 1/0 staggered 200 54

[7/10] [firefox] › e2e/multitab-observations.spec.ts:27:3 › 8 mixed tabs preserve request scope and disk navigation under simultaneous and staggered demand
[firefox] › e2e/multitab-observations.spec.ts:27:3 › 8 mixed tabs preserve request scope and disk navigation under simultaneous and staggered demand
demand 8/0 simultaneous volume/0

demand 8/1 simultaneous sector/0/0

demand 8/2 simultaneous page/0/10

demand 8/3 simultaneous volume/0

demand 8/4 simultaneous sector/0/0

demand 8/5 simultaneous page/0/10

demand 8/6 simultaneous volume/0

demand 8/7 simultaneous sector/0/0

response 8/1 simultaneous 200 55

response 8/5 simultaneous 200 55

response 8/2 simultaneous 200 55

response 8/4 simultaneous 200 55

response 8/7 simultaneous 200 55

response 8/3 simultaneous 200 55

response 8/6 simultaneous 200 55

response 8/0 simultaneous 200 55

demand 8/0 staggered volume/0

response 8/0 staggered 200 56

demand 8/1 staggered sector/0/0

response 8/1 staggered 200 57

demand 8/2 staggered page/0/10

response 8/2 staggered 200 58

demand 8/3 staggered volume/0

response 8/3 staggered 200 59

demand 8/4 staggered sector/0/0

response 8/4 staggered 200 60

demand 8/5 staggered page/0/10

response 8/5 staggered 200 61

demand 8/6 staggered volume/0

response 8/6 staggered 200 62

demand 8/7 staggered sector/0/0

response 8/7 staggered 200 63

[8/10] [firefox] › e2e/multitab-observations.spec.ts:27:3 › 32 mixed tabs preserve request scope and disk navigation under simultaneous and staggered demand
[firefox] › e2e/multitab-observations.spec.ts:27:3 › 32 mixed tabs preserve request scope and disk navigation under simultaneous and staggered demand
demand 32/0 simultaneous volume/0

demand 32/1 simultaneous sector/0/0

demand 32/2 simultaneous page/0/10

demand 32/3 simultaneous volume/0

demand 32/4 simultaneous sector/0/0

demand 32/5 simultaneous page/0/10

demand 32/6 simultaneous volume/0

demand 32/7 simultaneous sector/0/0

demand 32/8 simultaneous page/0/10

demand 32/9 simultaneous volume/0

demand 32/10 simultaneous sector/0/0

demand 32/11 simultaneous page/0/10

demand 32/12 simultaneous volume/0

demand 32/13 simultaneous sector/0/0

demand 32/14 simultaneous page/0/10

demand 32/15 simultaneous volume/0

demand 32/16 simultaneous sector/0/0

demand 32/17 simultaneous page/0/10

demand 32/18 simultaneous volume/0

demand 32/19 simultaneous sector/0/0

demand 32/20 simultaneous page/0/10

demand 32/21 simultaneous volume/0

demand 32/22 simultaneous sector/0/0

demand 32/23 simultaneous page/0/10

demand 32/24 simultaneous volume/0

demand 32/25 simultaneous sector/0/0

demand 32/26 simultaneous page/0/10

demand 32/27 simultaneous volume/0

demand 32/28 simultaneous sector/0/0

demand 32/29 simultaneous page/0/10

demand 32/30 simultaneous volume/0

demand 32/31 simultaneous sector/0/0

response 32/2 simultaneous 200 64

response 32/1 simultaneous 200 64

response 32/23 simultaneous 200 64

response 32/17 simultaneous 200 64

response 32/20 simultaneous 200 65

response 32/8 simultaneous 200 65

response 32/7 simultaneous 200 65

response 32/16 simultaneous 200 65

response 32/14 simultaneous 200 65

response 32/5 simultaneous 200 65

response 32/11 simultaneous 200 65

response 32/4 simultaneous 200 65

response 32/13 simultaneous 200 65

response 32/28 simultaneous 200 66

response 32/10 simultaneous 200 66

response 32/26 simultaneous 200 66

response 32/25 simultaneous 200 66

response 32/29 simultaneous 200 66

response 32/22 simultaneous 200 66

response 32/19 simultaneous 200 67

response 32/31 simultaneous 200 67

response 32/0 simultaneous 200 67

response 32/9 simultaneous 200 67

response 32/3 simultaneous 200 68

response 32/30 simultaneous 200 68

response 32/24 simultaneous 200 68

response 32/27 simultaneous 200 69

response 32/18 simultaneous 200 70

response 32/21 simultaneous 200 70

response 32/15 simultaneous 200 70

response 32/12 simultaneous 200 71

response 32/6 simultaneous 200 71

demand 32/0 staggered volume/0

response 32/0 staggered 200 76

demand 32/1 staggered sector/0/0

response 32/1 staggered 200 77

demand 32/2 staggered page/0/10

response 32/2 staggered 200 78

demand 32/3 staggered volume/0

response 32/3 staggered 200 79

demand 32/4 staggered sector/0/0

response 32/4 staggered 200 80

demand 32/5 staggered page/0/10

response 32/5 staggered 200 81

demand 32/6 staggered volume/0

response 32/6 staggered 200 82

demand 32/7 staggered sector/0/0

response 32/7 staggered 200 83

demand 32/8 staggered page/0/10

response 32/8 staggered 200 84

demand 32/9 staggered volume/0

response 32/9 staggered 200 85

demand 32/10 staggered sector/0/0

response 32/10 staggered 200 86

demand 32/11 staggered page/0/10

response 32/11 staggered 200 87

demand 32/12 staggered volume/0

response 32/12 staggered 200 88

demand 32/13 staggered sector/0/0

response 32/13 staggered 200 89

demand 32/14 staggered page/0/10

response 32/14 staggered 200 90

demand 32/15 staggered volume/0

response 32/15 staggered 200 91

demand 32/16 staggered sector/0/0

response 32/16 staggered 200 92

demand 32/17 staggered page/0/10

response 32/17 staggered 200 93

demand 32/18 staggered volume/0

response 32/18 staggered 200 94

demand 32/19 staggered sector/0/0

response 32/19 staggered 200 95

demand 32/20 staggered page/0/10

response 32/20 staggered 200 96

demand 32/21 staggered volume/0

response 32/21 staggered 200 97

demand 32/22 staggered sector/0/0

response 32/22 staggered 200 98

demand 32/23 staggered page/0/10

response 32/23 staggered 200 99

demand 32/24 staggered volume/0

response 32/24 staggered 200 100

demand 32/25 staggered sector/0/0

response 32/25 staggered 200 101

demand 32/26 staggered page/0/10

response 32/26 staggered 200 102

demand 32/27 staggered volume/0

response 32/27 staggered 200 103

demand 32/28 staggered sector/0/0

response 32/28 staggered 200 104

demand 32/29 staggered page/0/10

response 32/29 staggered 200 105

demand 32/30 staggered volume/0

response 32/30 staggered 200 106

demand 32/31 staggered sector/0/0

response 32/31 staggered 200 107

[9/10] [firefox] › e2e/multitab-observations.spec.ts:91:3 › volume/0 paused evidence only sees other-tab availability and expires while hidden requests stay silent
[10/10] [firefox] › e2e/multitab-observations.spec.ts:91:3 › sector/0/0 paused evidence only sees other-tab availability and expires while hidden requests stay silent
  1) [firefox] › e2e/multitab-observations.spec.ts:91:3 › sector/0/0 paused evidence only sees other-tab availability and expires while hidden requests stay silent

    Test timeout of 30000ms exceeded.

    Error: page.goto: Test ended.
    Call log:
      - navigating to "http://127.0.0.1:41741/page/0/10", waiting until "commit"


      104 |     const other = await browser.newPage();
      105 |     try {
    > 106 |       await other.goto("http://127.0.0.1:41741/page/0/10", { waitUntil: "commit" });
          |                   ^
      107 |       await other.getByRole("button", { name: "Enable observations" }).click();
      108 |       await expect(other.getByRole("region", { name: "Selected-page buffer observation" })).toContainText("Observed resident");
      109 |       await other.getByRole("button", { name: "Pause", exact: true }).click();
        at /home/vimkim/temp/volmap/web/e2e/multitab-observations.spec.ts:106:19

    Error Context: test-results/multitab-observations-sect-59db8-hidden-requests-stay-silent-firefox/error-context.md

    attachment #2: trace (application/zip) ─────────────────────────────────────────────────────────
    test-results/multitab-observations-sect-59db8-hidden-requests-stay-silent-firefox/trace.zip
    Usage:

        pnpm exec playwright show-trace test-results/multitab-observations-sect-59db8-hidden-requests-stay-silent-firefox/trace.zip

    ────────────────────────────────────────────────────────────────────────────────────────────────


  1 failed
    [firefox] › e2e/multitab-observations.spec.ts:91:3 › sector/0/0 paused evidence only sees other-tab availability and expires while hidden requests stay silent
  9 passed (2.5m)
