[0mdirenv: loading ~/gh/cb/CBRD-27398-pgbuf-inspector-contract/.envrc
Preset Mode: debug_gcc
Install Dir: /home/vimkim/.cub/install/CBRD-27398-pgbuf-inspector-contract/debug_gcc
DB Dir: /home/vimkim/.cub/db/CBRD-27398-pgbuf-inspector-contract/commondb
Build Dir: /home/vimkim/gh/cb/CBRD-27398-pgbuf-inspector-contract/build_preset_debug_gcc
[0mdirenv: loading ~/gh/cb/CBRD-27398-pgbuf-inspector-contract/.envrc
Preset Mode: debug_gcc
Install Dir: /home/vimkim/.cub/install/CBRD-27398-pgbuf-inspector-contract/debug_gcc
DB Dir: /home/vimkim/.cub/db/CBRD-27398-pgbuf-inspector-contract/commondb
Build Dir: /home/vimkim/gh/cb/CBRD-27398-pgbuf-inspector-contract/build_preset_debug_gcc
[0mdirenv: loading ~/gh/cb/CBRD-27398-pgbuf-inspector-contract/.envrc
Preset Mode: debug_gcc
Install Dir: /home/vimkim/.cub/install/CBRD-27398-pgbuf-inspector-contract/debug_gcc
DB Dir: /home/vimkim/.cub/db/CBRD-27398-pgbuf-inspector-contract/commondb
Build Dir: /home/vimkim/gh/cb/CBRD-27398-pgbuf-inspector-contract/build_preset_debug_gcc
Using JAVA_HOME JDK: /home/vimkim/.local/share/mise/installs/java/temurin-8.0.462+8
[0mdirenv: loading ~/gh/cb/CBRD-27398-pgbuf-inspector-contract/.envrc
Preset Mode: debug_gcc
Install Dir: /home/vimkim/.cub/install/CBRD-27398-pgbuf-inspector-contract/debug_gcc
DB Dir: /home/vimkim/.cub/db/CBRD-27398-pgbuf-inspector-contract/commondb
Build Dir: /home/vimkim/gh/cb/CBRD-27398-pgbuf-inspector-contract/build_preset_debug_gcc
Logging build output to: /home/vimkim/gh/cb/CBRD-27398-pgbuf-inspector-contract/build_preset_debug_gcc/build.log
[0mdirenv: loading ~/gh/cb/CBRD-27398-pgbuf-inspector-contract/.envrc
Preset Mode: debug_gcc
Install Dir: /home/vimkim/.cub/install/CBRD-27398-pgbuf-inspector-contract/debug_gcc
DB Dir: /home/vimkim/.cub/db/CBRD-27398-pgbuf-inspector-contract/commondb
Build Dir: /home/vimkim/gh/cb/CBRD-27398-pgbuf-inspector-contract/build_preset_debug_gcc
[1/8] Running utility command for pl_install_jdk
[INFO] Install JDK 8
[2/8] Performing update step for 'catch2'
[3/8] No patch step for 'catch2'
[4/8] Performing configure step for 'catch2'
loading initial cache file /home/vimkim/gh/cb/CBRD-27398-pgbuf-inspector-contract/build_preset_debug_gcc/unit_tests/catch2-prefix/tmp/catch2-cache-Debug.cmake
-- Configuring done (0.1s)
-- Generating done (0.0s)
-- Build files have been written to: /home/vimkim/gh/cb/CBRD-27398-pgbuf-inspector-contract/build_preset_debug_gcc/unit_tests/catch2-prefix/src/catch2-build
[5/8] Performing build step for 'catch2'
ninja: no work to do.
[6/8] No install step for 'catch2'
[7/8] Completed 'catch2'
[8/8] Running utility command for pl_build
> Task :pl_server:generateGrammarSource UP-TO-DATE
> Task :pl_server:compileJava UP-TO-DATE
> Task :pl_server:processResources UP-TO-DATE
> Task :pl_server:classes UP-TO-DATE
> Task :pl_server:jar UP-TO-DATE
> Task :pl_server:startScripts UP-TO-DATE
> Task :pl_server:distTar UP-TO-DATE
> Task :pl_server:distZip UP-TO-DATE
> Task :pl_server:assemble UP-TO-DATE
> Task :pl_server:check
> Task :pl_server:build

BUILD SUCCESSFUL in 2s
7 actionable tasks: 7 up-to-date
-- Install configuration: "Debug"
-- Up-to-date: /home/vimkim/.cub/install/CBRD-27398-pgbuf-inspector-contract/debug_gcc/vm/pl_server.jar
-- Up-to-date: /home/vimkim/.cub/install/CBRD-27398-pgbuf-inspector-contract/debug_gcc/vm/logging.properties
-- Up-to-date: /home/vimkim/.cub/install/CBRD-27398-pgbuf-inspector-contract/debug_gcc/lib/libcubridsa.so.11.5
-- Up-to-date: /home/vimkim/.cub/install/CBRD-27398-pgbuf-inspector-contract/debug_gcc/lib/libcubridsa.so
-- Up-to-date: /home/vimkim/.cub/install/CBRD-27398-pgbuf-inspector-contract/debug_gcc/lib/libcubridcs.so.11.5
-- Up-to-date: /home/vimkim/.cub/install/CBRD-27398-pgbuf-inspector-contract/debug_gcc/lib/libcubridcs.so
-- Up-to-date: /home/vimkim/.cub/install/CBRD-27398-pgbuf-inspector-contract/debug_gcc/lib/libcubrid.so.11.5
-- Up-to-date: /home/vimkim/.cub/install/CBRD-27398-pgbuf-inspector-contract/debug_gcc/lib/libcubrid.so
-- Up-to-date: /home/vimkim/.cub/install/CBRD-27398-pgbuf-inspector-contract/debug_gcc/include/dbi.h
-- Up-to-date: /home/vimkim/.cub/install/CBRD-27398-pgbuf-inspector-contract/debug_gcc/include/dbtran_def.h
-- Up-to-date: /home/vimkim/.cub/install/CBRD-27398-pgbuf-inspector-contract/debug_gcc/include/dbtype_def.h
-- Up-to-date: /home/vimkim/.cub/install/CBRD-27398-pgbuf-inspector-contract/debug_gcc/include/db_set_function.h
-- Up-to-date: /home/vimkim/.cub/install/CBRD-27398-pgbuf-inspector-contract/debug_gcc/include/dbtype_function.h
-- Up-to-date: /home/vimkim/.cub/install/CBRD-27398-pgbuf-inspector-contract/debug_gcc/include/db_date.h
-- Up-to-date: /home/vimkim/.cub/install/CBRD-27398-pgbuf-inspector-contract/debug_gcc/include/db_elo.h
-- Up-to-date: /home/vimkim/.cub/install/CBRD-27398-pgbuf-inspector-contract/debug_gcc/include/cache_time.h
-- Up-to-date: /home/vimkim/.cub/install/CBRD-27398-pgbuf-inspector-contract/debug_gcc/include/error_code.h
-- Up-to-date: /home/vimkim/.cub/install/CBRD-27398-pgbuf-inspector-contract/debug_gcc/include/cubrid_log.h
-- Up-to-date: /home/vimkim/.cub/install/CBRD-27398-pgbuf-inspector-contract/debug_gcc/include/cm_stat.h
-- Up-to-date: /home/vimkim/.cub/install/CBRD-27398-pgbuf-inspector-contract/debug_gcc/bin/csql
-- Up-to-date: /home/vimkim/.cub/install/CBRD-27398-pgbuf-inspector-contract/debug_gcc/bin/cub_master
-- Up-to-date: /home/vimkim/.cub/install/CBRD-27398-pgbuf-inspector-contract/debug_gcc/bin/cub_server
-- Up-to-date: /home/vimkim/.cub/install/CBRD-27398-pgbuf-inspector-contract/debug_gcc/bin/cubrid
-- Up-to-date: /home/vimkim/.cub/install/CBRD-27398-pgbuf-inspector-contract/debug_gcc/bin/cub_commdb
-- Up-to-date: /home/vimkim/.cub/install/CBRD-27398-pgbuf-inspector-contract/debug_gcc/bin/cubrid_rel
-- Up-to-date: /home/vimkim/.cub/install/CBRD-27398-pgbuf-inspector-contract/debug_gcc/bin/loadjava
-- Up-to-date: /home/vimkim/.cub/install/CBRD-27398-pgbuf-inspector-contract/debug_gcc/bin/cub_pl
-- Up-to-date: /home/vimkim/.cub/install/CBRD-27398-pgbuf-inspector-contract/debug_gcc/bin/cub_admin
-- Up-to-date: /home/vimkim/.cub/install/CBRD-27398-pgbuf-inspector-contract/debug_gcc/cci/lib/libcascci.so.11.2
-- Up-to-date: /home/vimkim/.cub/install/CBRD-27398-pgbuf-inspector-contract/debug_gcc/cci/lib/libcascci.so
-- Up-to-date: /home/vimkim/.cub/install/CBRD-27398-pgbuf-inspector-contract/debug_gcc/cci/include/cas_cci.h
-- Up-to-date: /home/vimkim/.cub/install/CBRD-27398-pgbuf-inspector-contract/debug_gcc/cci/include/compat_dbtran_def.h
-- Up-to-date: /home/vimkim/.cub/install/CBRD-27398-pgbuf-inspector-contract/debug_gcc/cci/include/broker_cas_error.h
-- Up-to-date: /home/vimkim/.cub/install/CBRD-27398-pgbuf-inspector-contract/debug_gcc/include/cas_cci.h
-- Up-to-date: /home/vimkim/.cub/install/CBRD-27398-pgbuf-inspector-contract/debug_gcc/include/broker_cas_error.h
-- Up-to-date: /home/vimkim/.cub/install/CBRD-27398-pgbuf-inspector-contract/debug_gcc/include/compat_dbtran_def.h
-- Up-to-date: /home/vimkim/.cub/install/CBRD-27398-pgbuf-inspector-contract/debug_gcc/lib/libcascci.so
-- Up-to-date: /home/vimkim/.cub/install/CBRD-27398-pgbuf-inspector-contract/debug_gcc/lib/libcascci.so.11.2
-- Up-to-date: /home/vimkim/.cub/install/CBRD-27398-pgbuf-inspector-contract/debug_gcc/bin/cci_applier
-- Up-to-date: /home/vimkim/.cub/install/CBRD-27398-pgbuf-inspector-contract/debug_gcc/bin/broker_log_converter
-- Up-to-date: /home/vimkim/.cub/install/CBRD-27398-pgbuf-inspector-contract/debug_gcc/bin/broker_log_runner
-- Up-to-date: /home/vimkim/.cub/install/CBRD-27398-pgbuf-inspector-contract/debug_gcc/bin/broker_tester
-- Up-to-date: /home/vimkim/.cub/install/CBRD-27398-pgbuf-inspector-contract/debug_gcc/bin/cubrid_replay
-- Up-to-date: /home/vimkim/.cub/install/CBRD-27398-pgbuf-inspector-contract/debug_gcc/bin/cub_broker
-- Up-to-date: /home/vimkim/.cub/install/CBRD-27398-pgbuf-inspector-contract/debug_gcc/bin/cub_gateway
-- Up-to-date: /home/vimkim/.cub/install/CBRD-27398-pgbuf-inspector-contract/debug_gcc/bin/broker_monitor
-- Up-to-date: /home/vimkim/.cub/install/CBRD-27398-pgbuf-inspector-contract/debug_gcc/bin/gateway_monitor
-- Up-to-date: /home/vimkim/.cub/install/CBRD-27398-pgbuf-inspector-contract/debug_gcc/bin/broker_changer
-- Up-to-date: /home/vimkim/.cub/install/CBRD-27398-pgbuf-inspector-contract/debug_gcc/bin/cubrid_broker
-- Up-to-date: /home/vimkim/.cub/install/CBRD-27398-pgbuf-inspector-contract/debug_gcc/bin/cubrid_gateway
-- Up-to-date: /home/vimkim/.cub/install/CBRD-27398-pgbuf-inspector-contract/debug_gcc/bin/cub_cas
-- Up-to-date: /home/vimkim/.cub/install/CBRD-27398-pgbuf-inspector-contract/debug_gcc/bin/cub_cas_cgw
-- Up-to-date: /home/vimkim/.cub/install/CBRD-27398-pgbuf-inspector-contract/debug_gcc/bin/cub_proxy
-- Up-to-date: /home/vimkim/.cub/install/CBRD-27398-pgbuf-inspector-contract/debug_gcc/include/shard_key.h
-- Up-to-date: /home/vimkim/.cub/install/CBRD-27398-pgbuf-inspector-contract/debug_gcc/bin/broker_log_top
-- Up-to-date: /home/vimkim/.cub/install/CBRD-27398-pgbuf-inspector-contract/debug_gcc/lib/libbrokeradmin.so.11.5
-- Up-to-date: /home/vimkim/.cub/install/CBRD-27398-pgbuf-inspector-contract/debug_gcc/lib/libbrokeradmin.so
-- Up-to-date: /home/vimkim/.cub/install/CBRD-27398-pgbuf-inspector-contract/debug_gcc/lib/libcmstat.so.11.5
-- Up-to-date: /home/vimkim/.cub/install/CBRD-27398-pgbuf-inspector-contract/debug_gcc/lib/libcmstat.so
-- Up-to-date: /home/vimkim/.cub/install/CBRD-27398-pgbuf-inspector-contract/debug_gcc/lib/libcmdep.so.11.5
-- Up-to-date: /home/vimkim/.cub/install/CBRD-27398-pgbuf-inspector-contract/debug_gcc/lib/libcmdep.so
-- Up-to-date: /home/vimkim/.cub/install/CBRD-27398-pgbuf-inspector-contract/debug_gcc/bin/cub_jobsa
-- Up-to-date: /home/vimkim/.cub/install/CBRD-27398-pgbuf-inspector-contract/debug_gcc/bin/cub_sainfo
-- Up-to-date: /home/vimkim/.cub/install/CBRD-27398-pgbuf-inspector-contract/debug_gcc/conf/cubrid.conf
-- Up-to-date: /home/vimkim/.cub/install/CBRD-27398-pgbuf-inspector-contract/debug_gcc/conf/cubrid.conf.large
-- Up-to-date: /home/vimkim/.cub/install/CBRD-27398-pgbuf-inspector-contract/debug_gcc/conf/cubrid.conf.small
-- Up-to-date: /home/vimkim/.cub/install/CBRD-27398-pgbuf-inspector-contract/debug_gcc/conf/cubrid_broker.conf
-- Up-to-date: /home/vimkim/.cub/install/CBRD-27398-pgbuf-inspector-contract/debug_gcc/conf/cubrid_broker.conf.shard
-- Up-to-date: /home/vimkim/.cub/install/CBRD-27398-pgbuf-inspector-contract/debug_gcc/conf/cubrid_gateway.conf
-- Up-to-date: /home/vimkim/.cub/install/CBRD-27398-pgbuf-inspector-contract/debug_gcc/conf/cubrid_ha.conf
-- Up-to-date: /home/vimkim/.cub/install/CBRD-27398-pgbuf-inspector-contract/debug_gcc/conf/cubrid_hosts.conf
-- Up-to-date: /home/vimkim/.cub/install/CBRD-27398-pgbuf-inspector-contract/debug_gcc/conf/shard_connection.txt
-- Up-to-date: /home/vimkim/.cub/install/CBRD-27398-pgbuf-inspector-contract/debug_gcc/conf/shard_key.txt
-- Up-to-date: /home/vimkim/.cub/install/CBRD-27398-pgbuf-inspector-contract/debug_gcc/conf/cubrid_locales.all.txt
-- Up-to-date: /home/vimkim/.cub/install/CBRD-27398-pgbuf-inspector-contract/debug_gcc/conf/cubrid_locales.txt
-- Up-to-date: /home/vimkim/.cub/install/CBRD-27398-pgbuf-inspector-contract/debug_gcc/conf/cas_ssl_cert.crt
-- Up-to-date: /home/vimkim/.cub/install/CBRD-27398-pgbuf-inspector-contract/debug_gcc/conf/cas_ssl_cert.key
-- Up-to-date: /home/vimkim/.cub/install/CBRD-27398-pgbuf-inspector-contract/debug_gcc/msg/en_US.utf8
-- Up-to-date: /home/vimkim/.cub/install/CBRD-27398-pgbuf-inspector-contract/debug_gcc/msg/en_US.utf8/utils.msg
-- Up-to-date: /home/vimkim/.cub/install/CBRD-27398-pgbuf-inspector-contract/debug_gcc/msg/en_US.utf8/cubrid.msg
-- Up-to-date: /home/vimkim/.cub/install/CBRD-27398-pgbuf-inspector-contract/debug_gcc/msg/en_US.utf8/csql.msg
-- Up-to-date: /home/vimkim/.cub/install/CBRD-27398-pgbuf-inspector-contract/debug_gcc/msg/en_US.utf8
-- Up-to-date: /home/vimkim/.cub/install/CBRD-27398-pgbuf-inspector-contract/debug_gcc/msg/en_US.utf8/utils.cat
-- Up-to-date: /home/vimkim/.cub/install/CBRD-27398-pgbuf-inspector-contract/debug_gcc/msg/en_US.utf8/csql.cat
-- Up-to-date: /home/vimkim/.cub/install/CBRD-27398-pgbuf-inspector-contract/debug_gcc/msg/en_US.utf8/cubrid.cat
-- Up-to-date: /home/vimkim/.cub/install/CBRD-27398-pgbuf-inspector-contract/debug_gcc/msg/en_US
-- Up-to-date: /home/vimkim/.cub/install/CBRD-27398-pgbuf-inspector-contract/debug_gcc/msg/en_US/utils.msg
-- Up-to-date: /home/vimkim/.cub/install/CBRD-27398-pgbuf-inspector-contract/debug_gcc/msg/en_US/cubrid.msg
-- Up-to-date: /home/vimkim/.cub/install/CBRD-27398-pgbuf-inspector-contract/debug_gcc/msg/en_US/csql.msg
-- Up-to-date: /home/vimkim/.cub/install/CBRD-27398-pgbuf-inspector-contract/debug_gcc/msg/en_US
-- Up-to-date: /home/vimkim/.cub/install/CBRD-27398-pgbuf-inspector-contract/debug_gcc/msg/en_US/utils.cat
-- Up-to-date: /home/vimkim/.cub/install/CBRD-27398-pgbuf-inspector-contract/debug_gcc/msg/en_US/csql.cat
-- Up-to-date: /home/vimkim/.cub/install/CBRD-27398-pgbuf-inspector-contract/debug_gcc/msg/en_US/cubrid.cat
-- Up-to-date: /home/vimkim/.cub/install/CBRD-27398-pgbuf-inspector-contract/debug_gcc/msg/ko_KR.utf8
-- Up-to-date: /home/vimkim/.cub/install/CBRD-27398-pgbuf-inspector-contract/debug_gcc/msg/ko_KR.utf8/csql.msg
-- Up-to-date: /home/vimkim/.cub/install/CBRD-27398-pgbuf-inspector-contract/debug_gcc/msg/ko_KR.utf8/utils.msg
-- Up-to-date: /home/vimkim/.cub/install/CBRD-27398-pgbuf-inspector-contract/debug_gcc/msg/ko_KR.utf8/cubrid.msg
-- Up-to-date: /home/vimkim/.cub/install/CBRD-27398-pgbuf-inspector-contract/debug_gcc/msg/ko_KR.utf8
-- Up-to-date: /home/vimkim/.cub/install/CBRD-27398-pgbuf-inspector-contract/debug_gcc/msg/ko_KR.utf8/cubrid.cat
-- Up-to-date: /home/vimkim/.cub/install/CBRD-27398-pgbuf-inspector-contract/debug_gcc/msg/ko_KR.utf8/utils.cat
-- Up-to-date: /home/vimkim/.cub/install/CBRD-27398-pgbuf-inspector-contract/debug_gcc/msg/ko_KR.utf8/csql.cat
-- Up-to-date: /home/vimkim/.cub/install/CBRD-27398-pgbuf-inspector-contract/debug_gcc/msg/ko_KR.euckr
-- Up-to-date: /home/vimkim/.cub/install/CBRD-27398-pgbuf-inspector-contract/debug_gcc/msg/ko_KR.euckr/csql.msg
-- Up-to-date: /home/vimkim/.cub/install/CBRD-27398-pgbuf-inspector-contract/debug_gcc/msg/ko_KR.euckr/cubrid.msg
-- Up-to-date: /home/vimkim/.cub/install/CBRD-27398-pgbuf-inspector-contract/debug_gcc/msg/ko_KR.euckr/utils.msg
-- Up-to-date: /home/vimkim/.cub/install/CBRD-27398-pgbuf-inspector-contract/debug_gcc/msg/ko_KR.euckr
-- Up-to-date: /home/vimkim/.cub/install/CBRD-27398-pgbuf-inspector-contract/debug_gcc/msg/ko_KR.euckr/csql.cat
-- Up-to-date: /home/vimkim/.cub/install/CBRD-27398-pgbuf-inspector-contract/debug_gcc/msg/ko_KR.euckr/cubrid.cat
-- Up-to-date: /home/vimkim/.cub/install/CBRD-27398-pgbuf-inspector-contract/debug_gcc/msg/ko_KR.euckr/utils.cat
-- Up-to-date: /home/vimkim/.cub/install/CBRD-27398-pgbuf-inspector-contract/debug_gcc/demo/demodb_objects
-- Up-to-date: /home/vimkim/.cub/install/CBRD-27398-pgbuf-inspector-contract/debug_gcc/demo/demodb_schema
-- Up-to-date: /home/vimkim/.cub/install/CBRD-27398-pgbuf-inspector-contract/debug_gcc/demo/make_cubrid_demo.sh
-- Up-to-date: /home/vimkim/.cub/install/CBRD-27398-pgbuf-inspector-contract/debug_gcc/share/init.d/cubrid-ha
-- Up-to-date: /home/vimkim/.cub/install/CBRD-27398-pgbuf-inspector-contract/debug_gcc/share/init.d/cubrid
-- Up-to-date: /home/vimkim/.cub/install/CBRD-27398-pgbuf-inspector-contract/debug_gcc/share/scripts/check_reserved.sql
-- Up-to-date: /home/vimkim/.cub/install/CBRD-27398-pgbuf-inspector-contract/debug_gcc/share/scripts/broker_log_top.py
-- Up-to-date: /home/vimkim/.cub/install/CBRD-27398-pgbuf-inspector-contract/debug_gcc/share/scripts/brokerstatus_to_csv.py
-- Up-to-date: /home/vimkim/.cub/install/CBRD-27398-pgbuf-inspector-contract/debug_gcc/share/scripts/statdump_to_csv.py
-- Up-to-date: /home/vimkim/.cub/install/CBRD-27398-pgbuf-inspector-contract/debug_gcc/share/scripts/ha/ha_make_slavedb.sh
-- Up-to-date: /home/vimkim/.cub/install/CBRD-27398-pgbuf-inspector-contract/debug_gcc/share/scripts/ha/VERSION
-- Up-to-date: /home/vimkim/.cub/install/CBRD-27398-pgbuf-inspector-contract/debug_gcc/share/scripts/ha/README
-- Up-to-date: /home/vimkim/.cub/install/CBRD-27398-pgbuf-inspector-contract/debug_gcc/share/scripts/ha/functions/ha_check_environment.sh
-- Up-to-date: /home/vimkim/.cub/install/CBRD-27398-pgbuf-inspector-contract/debug_gcc/share/scripts/ha/functions/ha_check_script.sh
-- Up-to-date: /home/vimkim/.cub/install/CBRD-27398-pgbuf-inspector-contract/debug_gcc/share/scripts/ha/expect/scp_from.exp
-- Up-to-date: /home/vimkim/.cub/install/CBRD-27398-pgbuf-inspector-contract/debug_gcc/share/scripts/ha/expect/scp_to.exp
-- Up-to-date: /home/vimkim/.cub/install/CBRD-27398-pgbuf-inspector-contract/debug_gcc/share/scripts/ha/expect/ssh.exp
-- Up-to-date: /home/vimkim/.cub/install/CBRD-27398-pgbuf-inspector-contract/debug_gcc/share/scripts/ha/common/common.sh
-- Up-to-date: /home/vimkim/.cub/install/CBRD-27398-pgbuf-inspector-contract/debug_gcc/share/systemtap/tapset/cubrid_func.stp
-- Up-to-date: /home/vimkim/.cub/install/CBRD-27398-pgbuf-inspector-contract/debug_gcc/share/systemtap/tapset/scripts/buffer_access.stp
-- Up-to-date: /home/vimkim/.cub/install/CBRD-27398-pgbuf-inspector-contract/debug_gcc/share/systemtap/tapset/scripts/global_time.stp
-- Up-to-date: /home/vimkim/.cub/install/CBRD-27398-pgbuf-inspector-contract/debug_gcc/share/systemtap/tapset/scripts/io_stat.stp
-- Up-to-date: /home/vimkim/.cub/install/CBRD-27398-pgbuf-inspector-contract/debug_gcc/share/systemtap/tapset/scripts/lock_time.stp
-- Up-to-date: /home/vimkim/.cub/install/CBRD-27398-pgbuf-inspector-contract/debug_gcc/share/systemtap/tapset/scripts/obj_access.stp
-- Up-to-date: /home/vimkim/.cub/install/CBRD-27398-pgbuf-inspector-contract/debug_gcc/share/systemtap/tapset/scripts/query_time.stp
-- Up-to-date: /home/vimkim/.cub/install/CBRD-27398-pgbuf-inspector-contract/debug_gcc/share/systemtap/tapset/scripts/transaction.stp
-- Up-to-date: /home/vimkim/.cub/install/CBRD-27398-pgbuf-inspector-contract/debug_gcc/share/systemtap/tapset/scripts/topcallstack_helper.stp
-- Up-to-date: /home/vimkim/.cub/install/CBRD-27398-pgbuf-inspector-contract/debug_gcc/share/systemtap/tapset/scripts/get_file_line.sh
-- Up-to-date: /home/vimkim/.cub/install/CBRD-27398-pgbuf-inspector-contract/debug_gcc/share/systemtap/tapset/scripts/topcallstack
-- Up-to-date: /home/vimkim/.cub/install/CBRD-27398-pgbuf-inspector-contract/debug_gcc/share/scripts/setup.sh
-- Up-to-date: /home/vimkim/.cub/install/CBRD-27398-pgbuf-inspector-contract/debug_gcc/share/scripts/cubrid.sh
-- Up-to-date: /home/vimkim/.cub/install/CBRD-27398-pgbuf-inspector-contract/debug_gcc/share/scripts/cubrid.csh
-- Up-to-date: /home/vimkim/.cub/install/CBRD-27398-pgbuf-inspector-contract/debug_gcc/share/scripts/unloaddb.sh
-- Up-to-date: /home/vimkim/.cub/install/CBRD-27398-pgbuf-inspector-contract/debug_gcc/share/scripts/restore_to_newdb.sh
-- Up-to-date: /home/vimkim/.cub/install/CBRD-27398-pgbuf-inspector-contract/debug_gcc/share/scripts/check_index_ovfps.sh
-- Up-to-date: /home/vimkim/.cub/install/CBRD-27398-pgbuf-inspector-contract/debug_gcc/bin/make_locale.sh
-- Up-to-date: /home/vimkim/.cub/install/CBRD-27398-pgbuf-inspector-contract/debug_gcc/locales/loclib/build_locale.sh
-- Up-to-date: /home/vimkim/.cub/install/CBRD-27398-pgbuf-inspector-contract/debug_gcc/locales/data
-- Up-to-date: /home/vimkim/.cub/install/CBRD-27398-pgbuf-inspector-contract/debug_gcc/locales/data/codepages
-- Up-to-date: /home/vimkim/.cub/install/CBRD-27398-pgbuf-inspector-contract/debug_gcc/locales/data/codepages/8859-1.TXT
-- Up-to-date: /home/vimkim/.cub/install/CBRD-27398-pgbuf-inspector-contract/debug_gcc/locales/data/codepages/8859-15.TXT
-- Up-to-date: /home/vimkim/.cub/install/CBRD-27398-pgbuf-inspector-contract/debug_gcc/locales/data/codepages/8859-9.TXT
-- Up-to-date: /home/vimkim/.cub/install/CBRD-27398-pgbuf-inspector-contract/debug_gcc/locales/data/codepages/CP1250.TXT
-- Up-to-date: /home/vimkim/.cub/install/CBRD-27398-pgbuf-inspector-contract/debug_gcc/locales/data/codepages/CP1258.TXT
-- Up-to-date: /home/vimkim/.cub/install/CBRD-27398-pgbuf-inspector-contract/debug_gcc/locales/data/codepages/CP932.TXT
-- Up-to-date: /home/vimkim/.cub/install/CBRD-27398-pgbuf-inspector-contract/debug_gcc/locales/data/codepages/CP936.TXT
-- Up-to-date: /home/vimkim/.cub/install/CBRD-27398-pgbuf-inspector-contract/debug_gcc/locales/data/codepages/CP949.TXT
-- Up-to-date: /home/vimkim/.cub/install/CBRD-27398-pgbuf-inspector-contract/debug_gcc/locales/data/ducet.txt
-- Up-to-date: /home/vimkim/.cub/install/CBRD-27398-pgbuf-inspector-contract/debug_gcc/locales/data/ldml
-- Up-to-date: /home/vimkim/.cub/install/CBRD-27398-pgbuf-inspector-contract/debug_gcc/locales/data/ldml/common_collations.xml
-- Up-to-date: /home/vimkim/.cub/install/CBRD-27398-pgbuf-inspector-contract/debug_gcc/locales/data/ldml/cubrid_de_DE.xml
-- Up-to-date: /home/vimkim/.cub/install/CBRD-27398-pgbuf-inspector-contract/debug_gcc/locales/data/ldml/cubrid_es_ES.xml
-- Up-to-date: /home/vimkim/.cub/install/CBRD-27398-pgbuf-inspector-contract/debug_gcc/locales/data/ldml/cubrid_fr_FR.xml
-- Up-to-date: /home/vimkim/.cub/install/CBRD-27398-pgbuf-inspector-contract/debug_gcc/locales/data/ldml/cubrid_it_IT.xml
-- Up-to-date: /home/vimkim/.cub/install/CBRD-27398-pgbuf-inspector-contract/debug_gcc/locales/data/ldml/cubrid_ja_JP.xml
-- Up-to-date: /home/vimkim/.cub/install/CBRD-27398-pgbuf-inspector-contract/debug_gcc/locales/data/ldml/cubrid_km_KH.xml
-- Up-to-date: /home/vimkim/.cub/install/CBRD-27398-pgbuf-inspector-contract/debug_gcc/locales/data/ldml/cubrid_ko_KR.xml
-- Up-to-date: /home/vimkim/.cub/install/CBRD-27398-pgbuf-inspector-contract/debug_gcc/locales/data/ldml/cubrid_ro_RO.xml
-- Up-to-date: /home/vimkim/.cub/install/CBRD-27398-pgbuf-inspector-contract/debug_gcc/locales/data/ldml/cubrid_tr_TR.xml
-- Up-to-date: /home/vimkim/.cub/install/CBRD-27398-pgbuf-inspector-contract/debug_gcc/locales/data/ldml/cubrid_vi_VN.xml
-- Up-to-date: /home/vimkim/.cub/install/CBRD-27398-pgbuf-inspector-contract/debug_gcc/locales/data/ldml/cubrid_zh_CN.xml
-- Up-to-date: /home/vimkim/.cub/install/CBRD-27398-pgbuf-inspector-contract/debug_gcc/locales/data/unicodedata.txt
-- Up-to-date: /home/vimkim/.cub/install/CBRD-27398-pgbuf-inspector-contract/debug_gcc/locales/loclib/locale_lib_common.h
-- Up-to-date: /home/vimkim/.cub/install/CBRD-27398-pgbuf-inspector-contract/debug_gcc/lib/libcubrid_timezones.so.11.5
-- Up-to-date: /home/vimkim/.cub/install/CBRD-27398-pgbuf-inspector-contract/debug_gcc/lib/libcubrid_timezones.so
-- Up-to-date: /home/vimkim/.cub/install/CBRD-27398-pgbuf-inspector-contract/debug_gcc/bin/make_tz.sh
-- Up-to-date: /home/vimkim/.cub/install/CBRD-27398-pgbuf-inspector-contract/debug_gcc/timezones/tzlib/build_tz.sh
-- Up-to-date: /home/vimkim/.cub/install/CBRD-27398-pgbuf-inspector-contract/debug_gcc/timezones/tzdata
-- Up-to-date: /home/vimkim/.cub/install/CBRD-27398-pgbuf-inspector-contract/debug_gcc/timezones/tzdata/africa
-- Up-to-date: /home/vimkim/.cub/install/CBRD-27398-pgbuf-inspector-contract/debug_gcc/timezones/tzdata/antarctica
-- Up-to-date: /home/vimkim/.cub/install/CBRD-27398-pgbuf-inspector-contract/debug_gcc/timezones/tzdata/asia
-- Up-to-date: /home/vimkim/.cub/install/CBRD-27398-pgbuf-inspector-contract/debug_gcc/timezones/tzdata/australasia
-- Up-to-date: /home/vimkim/.cub/install/CBRD-27398-pgbuf-inspector-contract/debug_gcc/timezones/tzdata/backward
-- Up-to-date: /home/vimkim/.cub/install/CBRD-27398-pgbuf-inspector-contract/debug_gcc/timezones/tzdata/etcetera
-- Up-to-date: /home/vimkim/.cub/install/CBRD-27398-pgbuf-inspector-contract/debug_gcc/timezones/tzdata/europe
-- Up-to-date: /home/vimkim/.cub/install/CBRD-27398-pgbuf-inspector-contract/debug_gcc/timezones/tzdata/iso3166.tab
-- Up-to-date: /home/vimkim/.cub/install/CBRD-27398-pgbuf-inspector-contract/debug_gcc/timezones/tzdata/leapseconds
-- Up-to-date: /home/vimkim/.cub/install/CBRD-27398-pgbuf-inspector-contract/debug_gcc/timezones/tzdata/northamerica
-- Up-to-date: /home/vimkim/.cub/install/CBRD-27398-pgbuf-inspector-contract/debug_gcc/timezones/tzdata/pacificnew
-- Up-to-date: /home/vimkim/.cub/install/CBRD-27398-pgbuf-inspector-contract/debug_gcc/timezones/tzdata/southamerica
-- Up-to-date: /home/vimkim/.cub/install/CBRD-27398-pgbuf-inspector-contract/debug_gcc/timezones/tzdata/windowsZones.xml
-- Up-to-date: /home/vimkim/.cub/install/CBRD-27398-pgbuf-inspector-contract/debug_gcc/timezones/tzdata/zone.tab
-- Up-to-date: /home/vimkim/.cub/install/CBRD-27398-pgbuf-inspector-contract/debug_gcc/timezones/tzlib/timezone_lib_common.h
-- Up-to-date: /home/vimkim/.cub/install/CBRD-27398-pgbuf-inspector-contract/debug_gcc/include
-- Up-to-date: /home/vimkim/.cub/install/CBRD-27398-pgbuf-inspector-contract/debug_gcc/include/gmock
-- Up-to-date: /home/vimkim/.cub/install/CBRD-27398-pgbuf-inspector-contract/debug_gcc/include/gmock/gmock-actions.h
-- Up-to-date: /home/vimkim/.cub/install/CBRD-27398-pgbuf-inspector-contract/debug_gcc/include/gmock/gmock-cardinalities.h
-- Up-to-date: /home/vimkim/.cub/install/CBRD-27398-pgbuf-inspector-contract/debug_gcc/include/gmock/gmock-function-mocker.h
-- Up-to-date: /home/vimkim/.cub/install/CBRD-27398-pgbuf-inspector-contract/debug_gcc/include/gmock/gmock-matchers.h
-- Up-to-date: /home/vimkim/.cub/install/CBRD-27398-pgbuf-inspector-contract/debug_gcc/include/gmock/gmock-more-actions.h
-- Up-to-date: /home/vimkim/.cub/install/CBRD-27398-pgbuf-inspector-contract/debug_gcc/include/gmock/gmock-more-matchers.h
-- Up-to-date: /home/vimkim/.cub/install/CBRD-27398-pgbuf-inspector-contract/debug_gcc/include/gmock/gmock-nice-strict.h
-- Up-to-date: /home/vimkim/.cub/install/CBRD-27398-pgbuf-inspector-contract/debug_gcc/include/gmock/gmock-spec-builders.h
-- Up-to-date: /home/vimkim/.cub/install/CBRD-27398-pgbuf-inspector-contract/debug_gcc/include/gmock/gmock.h
-- Up-to-date: /home/vimkim/.cub/install/CBRD-27398-pgbuf-inspector-contract/debug_gcc/include/gmock/internal
-- Up-to-date: /home/vimkim/.cub/install/CBRD-27398-pgbuf-inspector-contract/debug_gcc/include/gmock/internal/custom
-- Up-to-date: /home/vimkim/.cub/install/CBRD-27398-pgbuf-inspector-contract/debug_gcc/include/gmock/internal/custom/README.md
-- Up-to-date: /home/vimkim/.cub/install/CBRD-27398-pgbuf-inspector-contract/debug_gcc/include/gmock/internal/custom/gmock-generated-actions.h
-- Up-to-date: /home/vimkim/.cub/install/CBRD-27398-pgbuf-inspector-contract/debug_gcc/include/gmock/internal/custom/gmock-matchers.h
-- Up-to-date: /home/vimkim/.cub/install/CBRD-27398-pgbuf-inspector-contract/debug_gcc/include/gmock/internal/custom/gmock-port.h
-- Up-to-date: /home/vimkim/.cub/install/CBRD-27398-pgbuf-inspector-contract/debug_gcc/include/gmock/internal/gmock-internal-utils.h
-- Up-to-date: /home/vimkim/.cub/install/CBRD-27398-pgbuf-inspector-contract/debug_gcc/include/gmock/internal/gmock-port.h
-- Up-to-date: /home/vimkim/.cub/install/CBRD-27398-pgbuf-inspector-contract/debug_gcc/include/gmock/internal/gmock-pp.h
-- Up-to-date: /home/vimkim/.cub/install/CBRD-27398-pgbuf-inspector-contract/debug_gcc/lib64/libgmock.a
-- Up-to-date: /home/vimkim/.cub/install/CBRD-27398-pgbuf-inspector-contract/debug_gcc/lib64/libgmock_main.a
-- Up-to-date: /home/vimkim/.cub/install/CBRD-27398-pgbuf-inspector-contract/debug_gcc/lib64/pkgconfig/gmock.pc
-- Up-to-date: /home/vimkim/.cub/install/CBRD-27398-pgbuf-inspector-contract/debug_gcc/lib64/pkgconfig/gmock_main.pc
-- Up-to-date: /home/vimkim/.cub/install/CBRD-27398-pgbuf-inspector-contract/debug_gcc/lib64/cmake/GTest/GTestTargets.cmake
-- Up-to-date: /home/vimkim/.cub/install/CBRD-27398-pgbuf-inspector-contract/debug_gcc/lib64/cmake/GTest/GTestTargets-debug.cmake
-- Up-to-date: /home/vimkim/.cub/install/CBRD-27398-pgbuf-inspector-contract/debug_gcc/lib64/cmake/GTest/GTestConfigVersion.cmake
-- Up-to-date: /home/vimkim/.cub/install/CBRD-27398-pgbuf-inspector-contract/debug_gcc/lib64/cmake/GTest/GTestConfig.cmake
-- Up-to-date: /home/vimkim/.cub/install/CBRD-27398-pgbuf-inspector-contract/debug_gcc/include
-- Up-to-date: /home/vimkim/.cub/install/CBRD-27398-pgbuf-inspector-contract/debug_gcc/include/gtest
-- Up-to-date: /home/vimkim/.cub/install/CBRD-27398-pgbuf-inspector-contract/debug_gcc/include/gtest/gtest-assertion-result.h
-- Up-to-date: /home/vimkim/.cub/install/CBRD-27398-pgbuf-inspector-contract/debug_gcc/include/gtest/gtest-death-test.h
-- Up-to-date: /home/vimkim/.cub/install/CBRD-27398-pgbuf-inspector-contract/debug_gcc/include/gtest/gtest-matchers.h
-- Up-to-date: /home/vimkim/.cub/install/CBRD-27398-pgbuf-inspector-contract/debug_gcc/include/gtest/gtest-message.h
-- Up-to-date: /home/vimkim/.cub/install/CBRD-27398-pgbuf-inspector-contract/debug_gcc/include/gtest/gtest-param-test.h
-- Up-to-date: /home/vimkim/.cub/install/CBRD-27398-pgbuf-inspector-contract/debug_gcc/include/gtest/gtest-printers.h
-- Up-to-date: /home/vimkim/.cub/install/CBRD-27398-pgbuf-inspector-contract/debug_gcc/include/gtest/gtest-spi.h
-- Up-to-date: /home/vimkim/.cub/install/CBRD-27398-pgbuf-inspector-contract/debug_gcc/include/gtest/gtest-test-part.h
-- Up-to-date: /home/vimkim/.cub/install/CBRD-27398-pgbuf-inspector-contract/debug_gcc/include/gtest/gtest-typed-test.h
-- Up-to-date: /home/vimkim/.cub/install/CBRD-27398-pgbuf-inspector-contract/debug_gcc/include/gtest/gtest.h
-- Up-to-date: /home/vimkim/.cub/install/CBRD-27398-pgbuf-inspector-contract/debug_gcc/include/gtest/gtest_pred_impl.h
-- Up-to-date: /home/vimkim/.cub/install/CBRD-27398-pgbuf-inspector-contract/debug_gcc/include/gtest/gtest_prod.h
-- Up-to-date: /home/vimkim/.cub/install/CBRD-27398-pgbuf-inspector-contract/debug_gcc/include/gtest/internal
-- Up-to-date: /home/vimkim/.cub/install/CBRD-27398-pgbuf-inspector-contract/debug_gcc/include/gtest/internal/custom
-- Up-to-date: /home/vimkim/.cub/install/CBRD-27398-pgbuf-inspector-contract/debug_gcc/include/gtest/internal/custom/README.md
-- Up-to-date: /home/vimkim/.cub/install/CBRD-27398-pgbuf-inspector-contract/debug_gcc/include/gtest/internal/custom/gtest-port.h
-- Up-to-date: /home/vimkim/.cub/install/CBRD-27398-pgbuf-inspector-contract/debug_gcc/include/gtest/internal/custom/gtest-printers.h
-- Up-to-date: /home/vimkim/.cub/install/CBRD-27398-pgbuf-inspector-contract/debug_gcc/include/gtest/internal/custom/gtest.h
-- Up-to-date: /home/vimkim/.cub/install/CBRD-27398-pgbuf-inspector-contract/debug_gcc/include/gtest/internal/gtest-death-test-internal.h
-- Up-to-date: /home/vimkim/.cub/install/CBRD-27398-pgbuf-inspector-contract/debug_gcc/include/gtest/internal/gtest-filepath.h
-- Up-to-date: /home/vimkim/.cub/install/CBRD-27398-pgbuf-inspector-contract/debug_gcc/include/gtest/internal/gtest-internal.h
-- Up-to-date: /home/vimkim/.cub/install/CBRD-27398-pgbuf-inspector-contract/debug_gcc/include/gtest/internal/gtest-param-util.h
-- Up-to-date: /home/vimkim/.cub/install/CBRD-27398-pgbuf-inspector-contract/debug_gcc/include/gtest/internal/gtest-port-arch.h
-- Up-to-date: /home/vimkim/.cub/install/CBRD-27398-pgbuf-inspector-contract/debug_gcc/include/gtest/internal/gtest-port.h
-- Up-to-date: /home/vimkim/.cub/install/CBRD-27398-pgbuf-inspector-contract/debug_gcc/include/gtest/internal/gtest-string.h
-- Up-to-date: /home/vimkim/.cub/install/CBRD-27398-pgbuf-inspector-contract/debug_gcc/include/gtest/internal/gtest-type-util.h
-- Up-to-date: /home/vimkim/.cub/install/CBRD-27398-pgbuf-inspector-contract/debug_gcc/lib64/libgtest.a
-- Up-to-date: /home/vimkim/.cub/install/CBRD-27398-pgbuf-inspector-contract/debug_gcc/lib64/libgtest_main.a
-- Up-to-date: /home/vimkim/.cub/install/CBRD-27398-pgbuf-inspector-contract/debug_gcc/lib64/pkgconfig/gtest.pc
-- Up-to-date: /home/vimkim/.cub/install/CBRD-27398-pgbuf-inspector-contract/debug_gcc/lib64/pkgconfig/gtest_main.pc
-- Up-to-date: /home/vimkim/.cub/install/CBRD-27398-pgbuf-inspector-contract/debug_gcc/log
-- Up-to-date: /home/vimkim/.cub/install/CBRD-27398-pgbuf-inspector-contract/debug_gcc/var
-- Up-to-date: /home/vimkim/.cub/install/CBRD-27398-pgbuf-inspector-contract/debug_gcc/tmp
-- Up-to-date: /home/vimkim/.cub/install/CBRD-27398-pgbuf-inspector-contract/debug_gcc/databases
-- Up-to-date: /home/vimkim/.cub/install/CBRD-27398-pgbuf-inspector-contract/debug_gcc/var/CUBRID_SOCK
-- Up-to-date: /home/vimkim/.cub/install/CBRD-27398-pgbuf-inspector-contract/debug_gcc/3rdparty
-- Up-to-date: /home/vimkim/.cub/install/CBRD-27398-pgbuf-inspector-contract/debug_gcc/3rdparty/adoptium.temurin_license.txt
-- Up-to-date: /home/vimkim/.cub/install/CBRD-27398-pgbuf-inspector-contract/debug_gcc/3rdparty/adoptium.temurin_license_assembly_exception.txt
-- Up-to-date: /home/vimkim/.cub/install/CBRD-27398-pgbuf-inspector-contract/debug_gcc/3rdparty/libedit_license.txt
-- Up-to-date: /home/vimkim/.cub/install/CBRD-27398-pgbuf-inspector-contract/debug_gcc/3rdparty/libexpat_license.txt
-- Up-to-date: /home/vimkim/.cub/install/CBRD-27398-pgbuf-inspector-contract/debug_gcc/3rdparty/libjansson_license.txt
-- Up-to-date: /home/vimkim/.cub/install/CBRD-27398-pgbuf-inspector-contract/debug_gcc/3rdparty/libodbc_license.txt
-- Up-to-date: /home/vimkim/.cub/install/CBRD-27398-pgbuf-inspector-contract/debug_gcc/3rdparty/libopenssl_license.txt
-- Up-to-date: /home/vimkim/.cub/install/CBRD-27398-pgbuf-inspector-contract/debug_gcc/3rdparty/libtbb_license.txt
-- Up-to-date: /home/vimkim/.cub/install/CBRD-27398-pgbuf-inspector-contract/debug_gcc/3rdparty/lz4_license.txt
-- Up-to-date: /home/vimkim/.cub/install/CBRD-27398-pgbuf-inspector-contract/debug_gcc/3rdparty/rapidjson_license.txt
-- Up-to-date: /home/vimkim/.cub/install/CBRD-27398-pgbuf-inspector-contract/debug_gcc/3rdparty/re2_license.txt
-- Up-to-date: /home/vimkim/.cub/install/CBRD-27398-pgbuf-inspector-contract/debug_gcc/./COPYING
-- Up-to-date: /home/vimkim/.cub/install/CBRD-27398-pgbuf-inspector-contract/debug_gcc/./CREDITS
-- Up-to-date: /home/vimkim/.cub/install/CBRD-27398-pgbuf-inspector-contract/debug_gcc/./README.md
-- Up-to-date: /home/vimkim/.cub/install/CBRD-27398-pgbuf-inspector-contract/debug_gcc/./README_TAR_INSTALL
-- Up-to-date: /home/vimkim/.cub/install/CBRD-27398-pgbuf-inspector-contract/debug_gcc/databases/databases.txt.sample
-- Up-to-date: /home/vimkim/.cub/install/CBRD-27398-pgbuf-inspector-contract/debug_gcc/var/CUBRID_SOCK/README.txt
-- Up-to-date: /home/vimkim/.cub/install/CBRD-27398-pgbuf-inspector-contract/debug_gcc/tmp/README.txt
Build and install completed successfully!
~/my-cubrid/bin/cubrid-build-coordinator.sh runtime 300 -- ctest --test-dir "$CUBRID_BUILD_DIR" --output-on-failure --verbose
Internal ctest changing into directory: /home/vimkim/gh/cb/CBRD-27398-pgbuf-inspector-contract/build_preset_debug_gcc
UpdateCTestConfiguration  from :/home/vimkim/gh/cb/CBRD-27398-pgbuf-inspector-contract/build_preset_debug_gcc/DartConfiguration.tcl
UpdateCTestConfiguration  from :/home/vimkim/gh/cb/CBRD-27398-pgbuf-inspector-contract/build_preset_debug_gcc/DartConfiguration.tcl
Test project /home/vimkim/gh/cb/CBRD-27398-pgbuf-inspector-contract/build_preset_debug_gcc
Constructing a list of tests
Done constructing a list of tests
Updating test list for fixtures
Added 0 tests to meet fixture requirements
Checking test dependency graph...
Checking test dependency graph end
test 1
      Start  1: oos_setup_db

1: Test command: /usr/bin/cmake "-E" "env" "CUBRID=/home/vimkim/.cub/install/CBRD-27398-pgbuf-inspector-contract/debug_gcc" "CUBRID_DATABASES=/home/vimkim/.cub/db/CBRD-27398-pgbuf-inspector-contract/commondb" "PATH=/home/vimkim/gh/cb/CBRD-27398-pgbuf-inspector-contract/build_preset_debug_gcc/vm/jdk8/bin:/home/vimkim/gh/ctp/run-sql/CTP/bin:/home/vimkim/gh/ctp/run-sql/CTP/common/script:/home/vimkim/.local/opt/bison-3.0.5/bin:/home/vimkim/.cub/install/CBRD-27398-pgbuf-inspector-contract/debug_gcc/bin:/home/vimkim/.cargo/bin:/home/vimkim/.local/share/mise/shims:/home/vimkim/.cargo/bin/:/opt/bison-3.0.5/bin/:/home/vimkim/.local/bin/:/home/vimkim/mybin/:/home/vimkim/my-cubrid/bin/:/home/vimkim/.config/my-scripts/bin/:/home/linuxbrew/.linuxbrew/bin:/home/vimkim/.nix-profile/bin/:/nix/var/nix/profiles/default/bin/:/usr/local/bin:/usr/bin:/usr/local/sbin:/usr/sbin" "bash" "/home/vimkim/gh/cb/CBRD-27398-pgbuf-inspector-contract/unit_tests/oos/scripts/setup_unittestdb.sh"
1: Working Directory: /home/vimkim/gh/cb/CBRD-27398-pgbuf-inspector-contract/build_preset_debug_gcc/unit_tests/oos
1: Test timeout computed to be: 10000000
 1/27 Test  #1: oos_setup_db .....................   Passed    0.25 sec
test 3
      Start  3: test_oos

3: Test command: /home/vimkim/gh/cb/CBRD-27398-pgbuf-inspector-contract/build_preset_debug_gcc/bin/test_oos
3: Working Directory: /home/vimkim/gh/cb/CBRD-27398-pgbuf-inspector-contract/build_preset_debug_gcc/unit_tests/oos
3: Test timeout computed to be: 30
3: [==========] Running 21 tests from 1 test suite.
3: [----------] Global test environment set-up.
3: test_oos: /home/vimkim/gh/cb/CBRD-27398-pgbuf-inspector-contract/unit_tests/oos/test_oos_common.hpp:62: void ServerEnv::StartServer(): Assertion `err == NO_ERROR' failed.
 2/27 Test  #3: test_oos .........................Subprocess aborted***Exception:   0.15 sec
[==========] Running 21 tests from 1 test suite.
[----------] Global test environment set-up.
test_oos: /home/vimkim/gh/cb/CBRD-27398-pgbuf-inspector-contract/unit_tests/oos/test_oos_common.hpp:62: void ServerEnv::StartServer(): Assertion `err == NO_ERROR' failed.

test 4
      Start  4: test_oos_delete

4: Test command: /home/vimkim/gh/cb/CBRD-27398-pgbuf-inspector-contract/build_preset_debug_gcc/bin/test_oos_delete
4: Working Directory: /home/vimkim/gh/cb/CBRD-27398-pgbuf-inspector-contract/build_preset_debug_gcc/unit_tests/oos
4: Test timeout computed to be: 30
4: [==========] Running 7 tests from 1 test suite.
4: [----------] Global test environment set-up.
4: test_oos_delete: /home/vimkim/gh/cb/CBRD-27398-pgbuf-inspector-contract/unit_tests/oos/test_oos_common.hpp:62: void ServerEnv::StartServer(): Assertion `err == NO_ERROR' failed.
 3/27 Test  #4: test_oos_delete ..................Subprocess aborted***Exception:   0.03 sec
[==========] Running 7 tests from 1 test suite.
[----------] Global test environment set-up.
test_oos_delete: /home/vimkim/gh/cb/CBRD-27398-pgbuf-inspector-contract/unit_tests/oos/test_oos_common.hpp:62: void ServerEnv::StartServer(): Assertion `err == NO_ERROR' failed.

test 5
      Start  5: test_oos_remove_file

5: Test command: /home/vimkim/gh/cb/CBRD-27398-pgbuf-inspector-contract/build_preset_debug_gcc/bin/test_oos_remove_file
5: Working Directory: /home/vimkim/gh/cb/CBRD-27398-pgbuf-inspector-contract/build_preset_debug_gcc/unit_tests/oos
5: Test timeout computed to be: 30
5: [==========] Running 6 tests from 1 test suite.
5: [----------] Global test environment set-up.
5: test_oos_remove_file: /home/vimkim/gh/cb/CBRD-27398-pgbuf-inspector-contract/unit_tests/oos/test_oos_common.hpp:62: void ServerEnv::StartServer(): Assertion `err == NO_ERROR' failed.
 4/27 Test  #5: test_oos_remove_file .............Subprocess aborted***Exception:   0.03 sec
[==========] Running 6 tests from 1 test suite.
[----------] Global test environment set-up.
test_oos_remove_file: /home/vimkim/gh/cb/CBRD-27398-pgbuf-inspector-contract/unit_tests/oos/test_oos_common.hpp:62: void ServerEnv::StartServer(): Assertion `err == NO_ERROR' failed.

test 6
      Start  6: test_oos_bestspace

6: Test command: /home/vimkim/gh/cb/CBRD-27398-pgbuf-inspector-contract/build_preset_debug_gcc/bin/test_oos_bestspace
6: Working Directory: /home/vimkim/gh/cb/CBRD-27398-pgbuf-inspector-contract/build_preset_debug_gcc/unit_tests/oos
6: Test timeout computed to be: 30
6: [==========] Running 21 tests from 1 test suite.
6: [----------] Global test environment set-up.
6: test_oos_bestspace: /home/vimkim/gh/cb/CBRD-27398-pgbuf-inspector-contract/unit_tests/oos/test_oos_common.hpp:62: void ServerEnv::StartServer(): Assertion `err == NO_ERROR' failed.
 5/27 Test  #6: test_oos_bestspace ...............Subprocess aborted***Exception:   0.03 sec
[==========] Running 21 tests from 1 test suite.
[----------] Global test environment set-up.
test_oos_bestspace: /home/vimkim/gh/cb/CBRD-27398-pgbuf-inspector-contract/unit_tests/oos/test_oos_common.hpp:62: void ServerEnv::StartServer(): Assertion `err == NO_ERROR' failed.

test 10
      Start 10: test_oos_server

10: Test command: /home/vimkim/gh/cb/CBRD-27398-pgbuf-inspector-contract/build_preset_debug_gcc/bin/test_oos_server
10: Working Directory: /home/vimkim/gh/cb/CBRD-27398-pgbuf-inspector-contract/build_preset_debug_gcc/unit_tests/oos
10: Test timeout computed to be: 60
10: [==========] Running 34 tests from 1 test suite.
10: [----------] Global test environment set-up.
10: boot_restart_server failed: -1
 6/27 Test #10: test_oos_server ..................Subprocess aborted***Exception:   1.35 sec
[==========] Running 34 tests from 1 test suite.
[----------] Global test environment set-up.
boot_restart_server failed: -1

test 11
      Start 11: test_oos_delete_server

11: Test command: /home/vimkim/gh/cb/CBRD-27398-pgbuf-inspector-contract/build_preset_debug_gcc/bin/test_oos_delete_server
11: Working Directory: /home/vimkim/gh/cb/CBRD-27398-pgbuf-inspector-contract/build_preset_debug_gcc/unit_tests/oos
11: Test timeout computed to be: 60
11: [==========] Running 7 tests from 1 test suite.
11: [----------] Global test environment set-up.
11: boot_restart_server failed: -1
 7/27 Test #11: test_oos_delete_server ...........Subprocess aborted***Exception:   1.73 sec
[==========] Running 7 tests from 1 test suite.
[----------] Global test environment set-up.
boot_restart_server failed: -1

test 12
      Start 12: test_oos_remove_file_server

12: Test command: /home/vimkim/gh/cb/CBRD-27398-pgbuf-inspector-contract/build_preset_debug_gcc/bin/test_oos_remove_file_server
12: Working Directory: /home/vimkim/gh/cb/CBRD-27398-pgbuf-inspector-contract/build_preset_debug_gcc/unit_tests/oos
12: Test timeout computed to be: 60
12: [==========] Running 6 tests from 1 test suite.
12: [----------] Global test environment set-up.
12: boot_restart_server failed: -1
 8/27 Test #12: test_oos_remove_file_server ......Subprocess aborted***Exception:   1.73 sec
[==========] Running 6 tests from 1 test suite.
[----------] Global test environment set-up.
boot_restart_server failed: -1

test 13
      Start 13: test_oos_mock_vacuum_server

13: Test command: /home/vimkim/gh/cb/CBRD-27398-pgbuf-inspector-contract/build_preset_debug_gcc/bin/test_oos_mock_vacuum_server
13: Working Directory: /home/vimkim/gh/cb/CBRD-27398-pgbuf-inspector-contract/build_preset_debug_gcc/unit_tests/oos
13: Test timeout computed to be: 60
13: [==========] Running 6 tests from 1 test suite.
13: [----------] Global test environment set-up.
13: boot_restart_server failed: -1
 9/27 Test #13: test_oos_mock_vacuum_server ......Subprocess aborted***Exception:   1.76 sec
[==========] Running 6 tests from 1 test suite.
[----------] Global test environment set-up.
boot_restart_server failed: -1

test 14
      Start 14: test_oos_vacuum_server

14: Test command: /home/vimkim/gh/cb/CBRD-27398-pgbuf-inspector-contract/build_preset_debug_gcc/bin/test_oos_vacuum_server
14: Working Directory: /home/vimkim/gh/cb/CBRD-27398-pgbuf-inspector-contract/build_preset_debug_gcc/unit_tests/oos
14: Test timeout computed to be: 60
14: [==========] Running 9 tests from 1 test suite.
14: [----------] Global test environment set-up.
14: boot_restart_server failed: -1
10/27 Test #14: test_oos_vacuum_server ...........Subprocess aborted***Exception:   2.03 sec
[==========] Running 9 tests from 1 test suite.
[----------] Global test environment set-up.
boot_restart_server failed: -1

test 15
      Start 15: test_oos_real_vacuum_server

15: Test command: /home/vimkim/gh/cb/CBRD-27398-pgbuf-inspector-contract/build_preset_debug_gcc/bin/test_oos_real_vacuum_server
15: Working Directory: /home/vimkim/gh/cb/CBRD-27398-pgbuf-inspector-contract/build_preset_debug_gcc/unit_tests/oos
15: Test timeout computed to be: 120
15: [==========] Running 10 tests from 1 test suite.
15: [----------] Global test environment set-up.
15: boot_restart_server failed: -1
11/27 Test #15: test_oos_real_vacuum_server ......Subprocess aborted***Exception:   1.28 sec
[==========] Running 10 tests from 1 test suite.
[----------] Global test environment set-up.
boot_restart_server failed: -1

test 16
      Start 16: test_oos_sql_crud

16: Test command: /home/vimkim/gh/cb/CBRD-27398-pgbuf-inspector-contract/build_preset_debug_gcc/bin/test_oos_sql_crud
16: Working Directory: /home/vimkim/gh/cb/CBRD-27398-pgbuf-inspector-contract/build_preset_debug_gcc/unit_tests/oos/sql
16: Test timeout computed to be: 30
16: [==========] Running 8 tests from 1 test suite.
16: [----------] Global test environment set-up.
16: db_restart failed with error -113
12/27 Test #16: test_oos_sql_crud ................Subprocess aborted***Exception:   0.03 sec
[==========] Running 8 tests from 1 test suite.
[----------] Global test environment set-up.
db_restart failed with error -113

test 17
      Start 17: test_oos_sql_ddl

17: Test command: /home/vimkim/gh/cb/CBRD-27398-pgbuf-inspector-contract/build_preset_debug_gcc/bin/test_oos_sql_ddl
17: Working Directory: /home/vimkim/gh/cb/CBRD-27398-pgbuf-inspector-contract/build_preset_debug_gcc/unit_tests/oos/sql
17: Test timeout computed to be: 30
17: [==========] Running 5 tests from 1 test suite.
17: [----------] Global test environment set-up.
17: db_restart failed with error -113
13/27 Test #17: test_oos_sql_ddl .................Subprocess aborted***Exception:   0.02 sec
[==========] Running 5 tests from 1 test suite.
[----------] Global test environment set-up.
db_restart failed with error -113

test 18
      Start 18: test_oos_sql_delete

18: Test command: /home/vimkim/gh/cb/CBRD-27398-pgbuf-inspector-contract/build_preset_debug_gcc/bin/test_oos_sql_delete
18: Working Directory: /home/vimkim/gh/cb/CBRD-27398-pgbuf-inspector-contract/build_preset_debug_gcc/unit_tests/oos/sql
18: Test timeout computed to be: 30
18: [==========] Running 8 tests from 1 test suite.
18: [----------] Global test environment set-up.
18: db_restart failed with error -113
14/27 Test #18: test_oos_sql_delete ..............Subprocess aborted***Exception:   0.02 sec
[==========] Running 8 tests from 1 test suite.
[----------] Global test environment set-up.
db_restart failed with error -113

test 19
      Start 19: test_oos_sql_boundary

19: Test command: /home/vimkim/gh/cb/CBRD-27398-pgbuf-inspector-contract/build_preset_debug_gcc/bin/test_oos_sql_boundary
19: Working Directory: /home/vimkim/gh/cb/CBRD-27398-pgbuf-inspector-contract/build_preset_debug_gcc/unit_tests/oos/sql
19: Test timeout computed to be: 30
19: [==========] Running 8 tests from 1 test suite.
19: [----------] Global test environment set-up.
19: db_restart failed with error -113
15/27 Test #19: test_oos_sql_boundary ............Subprocess aborted***Exception:   0.02 sec
[==========] Running 8 tests from 1 test suite.
[----------] Global test environment set-up.
db_restart failed with error -113

test 20
      Start 20: test_oos_sql_update_delete

20: Test command: /home/vimkim/gh/cb/CBRD-27398-pgbuf-inspector-contract/build_preset_debug_gcc/bin/test_oos_sql_update_delete
20: Working Directory: /home/vimkim/gh/cb/CBRD-27398-pgbuf-inspector-contract/build_preset_debug_gcc/unit_tests/oos/sql
20: Test timeout computed to be: 30
20: [==========] Running 7 tests from 1 test suite.
20: [----------] Global test environment set-up.
20: db_restart failed with error -113
16/27 Test #20: test_oos_sql_update_delete .......Subprocess aborted***Exception:   0.02 sec
[==========] Running 7 tests from 1 test suite.
[----------] Global test environment set-up.
db_restart failed with error -113

test 21
      Start 21: test_oos_sql_txn

21: Test command: /home/vimkim/gh/cb/CBRD-27398-pgbuf-inspector-contract/build_preset_debug_gcc/bin/test_oos_sql_txn
21: Working Directory: /home/vimkim/gh/cb/CBRD-27398-pgbuf-inspector-contract/build_preset_debug_gcc/unit_tests/oos/sql
21: Test timeout computed to be: 30
21: [==========] Running 8 tests from 1 test suite.
21: [----------] Global test environment set-up.
21: db_restart failed with error -113
17/27 Test #21: test_oos_sql_txn .................Subprocess aborted***Exception:   0.02 sec
[==========] Running 8 tests from 1 test suite.
[----------] Global test environment set-up.
db_restart failed with error -113

test 22
      Start 22: test_oos_sql_bigone

22: Test command: /home/vimkim/gh/cb/CBRD-27398-pgbuf-inspector-contract/build_preset_debug_gcc/bin/test_oos_sql_bigone
22: Working Directory: /home/vimkim/gh/cb/CBRD-27398-pgbuf-inspector-contract/build_preset_debug_gcc/unit_tests/oos/sql
22: Test timeout computed to be: 30
22: [==========] Running 4 tests from 1 test suite.
22: [----------] Global test environment set-up.
22: db_restart failed with error -113
18/27 Test #22: test_oos_sql_bigone ..............Subprocess aborted***Exception:   0.02 sec
[==========] Running 4 tests from 1 test suite.
[----------] Global test environment set-up.
db_restart failed with error -113

test 23
      Start 23: test_oos_sql_eager_cleanup

23: Test command: /home/vimkim/gh/cb/CBRD-27398-pgbuf-inspector-contract/build_preset_debug_gcc/bin/test_oos_sql_eager_cleanup
23: Working Directory: /home/vimkim/gh/cb/CBRD-27398-pgbuf-inspector-contract/build_preset_debug_gcc/unit_tests/oos/sql
23: Test timeout computed to be: 30
23: [==========] Running 12 tests from 1 test suite.
23: [----------] Global test environment set-up.
23: db_restart failed with error -113
19/27 Test #23: test_oos_sql_eager_cleanup .......Subprocess aborted***Exception:   0.02 sec
[==========] Running 12 tests from 1 test suite.
[----------] Global test environment set-up.
db_restart failed with error -113

test 24
      Start 24: test_oos_sql_storage

24: Test command: /home/vimkim/gh/cb/CBRD-27398-pgbuf-inspector-contract/build_preset_debug_gcc/bin/test_oos_sql_storage
24: Working Directory: /home/vimkim/gh/cb/CBRD-27398-pgbuf-inspector-contract/build_preset_debug_gcc/unit_tests/oos/sql
24: Test timeout computed to be: 30
24: [==========] Running 15 tests from 1 test suite.
24: [----------] Global test environment set-up.
24: db_restart failed with error -113
20/27 Test #24: test_oos_sql_storage .............Subprocess aborted***Exception:   0.02 sec
[==========] Running 15 tests from 1 test suite.
[----------] Global test environment set-up.
db_restart failed with error -113

test 25
      Start 25: test_oos_sql_show

25: Test command: /home/vimkim/gh/cb/CBRD-27398-pgbuf-inspector-contract/build_preset_debug_gcc/bin/test_oos_sql_show
25: Working Directory: /home/vimkim/gh/cb/CBRD-27398-pgbuf-inspector-contract/build_preset_debug_gcc/unit_tests/oos/sql
25: Test timeout computed to be: 30
25: [==========] Running 4 tests from 1 test suite.
25: [----------] Global test environment set-up.
25: db_restart failed with error -113
21/27 Test #25: test_oos_sql_show ................Subprocess aborted***Exception:   0.02 sec
[==========] Running 4 tests from 1 test suite.
[----------] Global test environment set-up.
db_restart failed with error -113

test 26
      Start 26: test_oos_sql_visible_version

26: Test command: /home/vimkim/gh/cb/CBRD-27398-pgbuf-inspector-contract/build_preset_debug_gcc/bin/test_oos_sql_visible_version
26: Working Directory: /home/vimkim/gh/cb/CBRD-27398-pgbuf-inspector-contract/build_preset_debug_gcc/unit_tests/oos/sql
26: Test timeout computed to be: 30
26: [==========] Running 2 tests from 1 test suite.
26: [----------] Global test environment set-up.
26: db_restart failed with error -113
22/27 Test #26: test_oos_sql_visible_version .....Subprocess aborted***Exception:   0.02 sec
[==========] Running 2 tests from 1 test suite.
[----------] Global test environment set-up.
db_restart failed with error -113

test 2
      Start  2: oos_cleanup_db

2: Test command: /usr/bin/cmake "-E" "env" "CUBRID=/home/vimkim/.cub/install/CBRD-27398-pgbuf-inspector-contract/debug_gcc" "CUBRID_DATABASES=/home/vimkim/.cub/db/CBRD-27398-pgbuf-inspector-contract/commondb" "PATH=/home/vimkim/gh/cb/CBRD-27398-pgbuf-inspector-contract/build_preset_debug_gcc/vm/jdk8/bin:/home/vimkim/gh/ctp/run-sql/CTP/bin:/home/vimkim/gh/ctp/run-sql/CTP/common/script:/home/vimkim/.local/opt/bison-3.0.5/bin:/home/vimkim/.cub/install/CBRD-27398-pgbuf-inspector-contract/debug_gcc/bin:/home/vimkim/.cargo/bin:/home/vimkim/.local/share/mise/shims:/home/vimkim/.cargo/bin/:/opt/bison-3.0.5/bin/:/home/vimkim/.local/bin/:/home/vimkim/mybin/:/home/vimkim/my-cubrid/bin/:/home/vimkim/.config/my-scripts/bin/:/home/linuxbrew/.linuxbrew/bin:/home/vimkim/.nix-profile/bin/:/nix/var/nix/profiles/default/bin/:/usr/local/bin:/usr/bin:/usr/local/sbin:/usr/sbin" "bash" "/home/vimkim/gh/cb/CBRD-27398-pgbuf-inspector-contract/unit_tests/oos/scripts/cleanup_unittestdb.sh"
2: Working Directory: /home/vimkim/gh/cb/CBRD-27398-pgbuf-inspector-contract/build_preset_debug_gcc/unit_tests/oos
2: Test timeout computed to be: 30
2: @ cubrid server stop: unittestdb
2: ++ cubrid server 'unittestdb' is not running.
2: Unable to mount disk volume "/home/vimkim/.cub/db/CBRD-27398-pgbuf-inspector-contract/commondb/unittestdb/unittestdb_lgat". The database "/home/vimkim/.cub/db/CBRD-27398-pgbuf-inspector-contract/commondb/unittestdb/unittestdb", to which the disk volume belongs, is in use by user vimkim on process 2376066 of host dev2 since Wed Sep  9 18:20:53 2026.
23/27 Test  #2: oos_cleanup_db ...................***Failed    0.14 sec
@ cubrid server stop: unittestdb
++ cubrid server 'unittestdb' is not running.
Unable to mount disk volume "/home/vimkim/.cub/db/CBRD-27398-pgbuf-inspector-contract/commondb/unittestdb/unittestdb_lgat". The database "/home/vimkim/.cub/db/CBRD-27398-pgbuf-inspector-contract/commondb/unittestdb/unittestdb", to which the disk volume belongs, is in use by user vimkim on process 2376066 of host dev2 since Wed Sep  9 18:20:53 2026.

test 7
      Start  7: test_oos_record_flags

7: Test command: /home/vimkim/gh/cb/CBRD-27398-pgbuf-inspector-contract/build_preset_debug_gcc/bin/test_oos_record_flags
7: Working Directory: /home/vimkim/gh/cb/CBRD-27398-pgbuf-inspector-contract/build_preset_debug_gcc/unit_tests/oos
7: Test timeout computed to be: 10000000
7: [==========] Running 1 test from 1 test suite.
7: [----------] Global test environment set-up.
7: [----------] 1 test from OosRecordFlags
7: [ RUN      ] OosRecordFlags.OosFlagIsSeparateFromMvccFlags
7: [       OK ] OosRecordFlags.OosFlagIsSeparateFromMvccFlags (0 ms)
7: [----------] 1 test from OosRecordFlags (0 ms total)
7: 
7: [----------] Global test environment tear-down
7: [==========] 1 test from 1 test suite ran. (0 ms total)
7: [  PASSED  ] 1 test.
24/27 Test  #7: test_oos_record_flags ............   Passed    0.02 sec
test 8
      Start  8: test_byte_span_writer

8: Test command: /home/vimkim/gh/cb/CBRD-27398-pgbuf-inspector-contract/build_preset_debug_gcc/bin/test_byte_span_writer
8: Working Directory: /home/vimkim/gh/cb/CBRD-27398-pgbuf-inspector-contract/build_preset_debug_gcc/unit_tests/oos
8: Test timeout computed to be: 10000000
8: [==========] Running 7 tests from 1 test suite.
8: [----------] Global test environment set-up.
8: [----------] 7 tests from ByteSpanWriter
8: [ RUN      ] ByteSpanWriter.EmptyState
8: [       OK ] ByteSpanWriter.EmptyState (0 ms)
8: [ RUN      ] ByteSpanWriter.AppendWithinCapacityAdvancesCursorAndCopies
8: [       OK ] ByteSpanWriter.AppendWithinCapacityAdvancesCursorAndCopies (0 ms)
8: [ RUN      ] ByteSpanWriter.AppendOverflowFailsAndDoesNotWrite
8: [       OK ] ByteSpanWriter.AppendOverflowFailsAndDoesNotWrite (0 ms)
8: [ RUN      ] ByteSpanWriter.RecoveryAfterFailedAppend
8: [       OK ] ByteSpanWriter.RecoveryAfterFailedAppend (0 ms)
8: [ RUN      ] ByteSpanWriter.FullWriterRejectsNonZeroAppendButAcceptsZero
8: [       OK ] ByteSpanWriter.FullWriterRejectsNonZeroAppendButAcceptsZero (0 ms)
8: [ RUN      ] ByteSpanWriter.ZeroCapacitySpanIsImmediatelyFull
8: [       OK ] ByteSpanWriter.ZeroCapacitySpanIsImmediatelyFull (0 ms)
8: [ RUN      ] ByteSpanWriter.OverflowByExactlyOneByteIsCaught
8: [       OK ] ByteSpanWriter.OverflowByExactlyOneByteIsCaught (0 ms)
8: [----------] 7 tests from ByteSpanWriter (0 ms total)
8: 
8: [----------] Global test environment tear-down
8: [==========] 7 tests from 1 test suite ran. (0 ms total)
8: [  PASSED  ] 7 tests.
25/27 Test  #8: test_byte_span_writer ............   Passed    0.01 sec
test 9
      Start  9: test_oos_tde_gate

9: Test command: /home/vimkim/gh/cb/CBRD-27398-pgbuf-inspector-contract/build_preset_debug_gcc/bin/test_oos_tde_gate
9: Working Directory: /home/vimkim/gh/cb/CBRD-27398-pgbuf-inspector-contract/build_preset_debug_gcc/unit_tests/oos
9: Test timeout computed to be: 10000000
9: [==========] Running 3 tests from 1 test suite.
9: [----------] Global test environment set-up.
9: [----------] 3 tests from TdeUserDataGate
9: [ RUN      ] TdeUserDataGate.OosForwardDeleteIsEncryptedRcvindex
9: [       OK ] TdeUserDataGate.OosForwardDeleteIsEncryptedRcvindex (0 ms)
9: [ RUN      ] TdeUserDataGate.SiblingAndBaselineDeletePathsAreGated
9: [       OK ] TdeUserDataGate.SiblingAndBaselineDeletePathsAreGated (0 ms)
9: [ RUN      ] TdeUserDataGate.MetadataOnlyHeapOpIsNotGated
9: [       OK ] TdeUserDataGate.MetadataOnlyHeapOpIsNotGated (0 ms)
9: [----------] 3 tests from TdeUserDataGate (0 ms total)
9: 
9: [----------] Global test environment tear-down
9: [==========] 3 tests from 1 test suite ran. (0 ms total)
9: [  PASSED  ] 3 tests.
26/27 Test  #9: test_oos_tde_gate ................   Passed    0.01 sec
test 27
      Start 27: test_pgbuf_inspector

27: Test command: /home/vimkim/gh/cb/CBRD-27398-pgbuf-inspector-contract/build_preset_debug_gcc/bin/test_pgbuf_inspector
27: Working Directory: /home/vimkim/gh/cb/CBRD-27398-pgbuf-inspector-contract/build_preset_debug_gcc/unit_tests/pgbuf_inspector
27: Test timeout computed to be: 10000000
27: ===============================================================================
27: All tests passed (382649 assertions in 61 test cases)
27: 
27/27 Test #27: test_pgbuf_inspector .............   Passed   35.19 sec

19% tests passed, 22 tests failed out of 27

Total Test time (real) =  45.97 sec

The following tests FAILED:
	  2 - oos_cleanup_db (Failed)
	  3 - test_oos (Subprocess aborted)
	  4 - test_oos_delete (Subprocess aborted)
	  5 - test_oos_remove_file (Subprocess aborted)
	  6 - test_oos_bestspace (Subprocess aborted)
	 10 - test_oos_server (Subprocess aborted)
	 11 - test_oos_delete_server (Subprocess aborted)
	 12 - test_oos_remove_file_server (Subprocess aborted)
	 13 - test_oos_mock_vacuum_server (Subprocess aborted)
	 14 - test_oos_vacuum_server (Subprocess aborted)
	 15 - test_oos_real_vacuum_server (Subprocess aborted)
	 16 - test_oos_sql_crud (Subprocess aborted)
	 17 - test_oos_sql_ddl (Subprocess aborted)
	 18 - test_oos_sql_delete (Subprocess aborted)
	 19 - test_oos_sql_boundary (Subprocess aborted)
	 20 - test_oos_sql_update_delete (Subprocess aborted)
	 21 - test_oos_sql_txn (Subprocess aborted)
	 22 - test_oos_sql_bigone (Subprocess aborted)
	 23 - test_oos_sql_eager_cleanup (Subprocess aborted)
	 24 - test_oos_sql_storage (Subprocess aborted)
	 25 - test_oos_sql_show (Subprocess aborted)
	 26 - test_oos_sql_visible_version (Subprocess aborted)
Errors while running CTest
error: recipe `ctest` failed on line 178 with exit code 8
