[0mdirenv: loading ~/gh/cb/CBRD-27398-pgbuf-inspector-contract/.envrc
Preset Mode: debug_gcc
Install Dir: /home/vimkim/.cub/install/CBRD-27398-pgbuf-inspector-contract/debug_gcc
DB Dir: /home/vimkim/.cub/db/CBRD-27398-pgbuf-inspector-contract/commondb
Build Dir: /home/vimkim/gh/cb/CBRD-27398-pgbuf-inspector-contract/build_preset_debug_gcc
[0mdirenv: loading ~/gh/cb/CBRD-27398-pgbuf-inspector-contract/.envrc
Preset Mode: debug_gcc
Install Dir: /home/vimkim/.cub/install/CBRD-27398-pgbuf-inspector-contract/debug_gcc
DB Dir: /home/vimkim/.cub/db/CBRD-27398-pgbuf-inspector-contract/commondb
Build Dir: /home/vimkim/gh/cb/CBRD-27398-pgbuf-inspector-contract/build_preset_debug_gcc
[0mdirenv: loading ~/gh/cb/CBRD-27398-pgbuf-inspector-contract/.envrc
Preset Mode: debug_gcc
Install Dir: /home/vimkim/.cub/install/CBRD-27398-pgbuf-inspector-contract/debug_gcc
DB Dir: /home/vimkim/.cub/db/CBRD-27398-pgbuf-inspector-contract/commondb
Build Dir: /home/vimkim/gh/cb/CBRD-27398-pgbuf-inspector-contract/build_preset_debug_gcc
Using JAVA_HOME JDK: /home/vimkim/.local/share/mise/installs/java/temurin-8.0.462+8
[0mdirenv: loading ~/gh/cb/CBRD-27398-pgbuf-inspector-contract/.envrc
Preset Mode: debug_gcc
Install Dir: /home/vimkim/.cub/install/CBRD-27398-pgbuf-inspector-contract/debug_gcc
DB Dir: /home/vimkim/.cub/db/CBRD-27398-pgbuf-inspector-contract/commondb
Build Dir: /home/vimkim/gh/cb/CBRD-27398-pgbuf-inspector-contract/build_preset_debug_gcc
Logging build output to: /home/vimkim/gh/cb/CBRD-27398-pgbuf-inspector-contract/build_preset_debug_gcc/build.log
[0mdirenv: loading ~/gh/cb/CBRD-27398-pgbuf-inspector-contract/.envrc
Preset Mode: debug_gcc
Install Dir: /home/vimkim/.cub/install/CBRD-27398-pgbuf-inspector-contract/debug_gcc
DB Dir: /home/vimkim/.cub/db/CBRD-27398-pgbuf-inspector-contract/commondb
Build Dir: /home/vimkim/gh/cb/CBRD-27398-pgbuf-inspector-contract/build_preset_debug_gcc
[1/8] Running utility command for pl_install_jdk
[INFO] Install JDK 8
[2/8] Performing update step for 'catch2'
[3/8] No patch step for 'catch2'
[4/8] Performing configure step for 'catch2'
loading initial cache file /home/vimkim/gh/cb/CBRD-27398-pgbuf-inspector-contract/build_preset_debug_gcc/unit_tests/catch2-prefix/tmp/catch2-cache-Debug.cmake
-- Configuring done (0.0s)
-- Generating done (0.0s)
-- Build files have been written to: /home/vimkim/gh/cb/CBRD-27398-pgbuf-inspector-contract/build_preset_debug_gcc/unit_tests/catch2-prefix/src/catch2-build
[5/8] Performing build step for 'catch2'
ninja: no work to do.
[6/8] No install step for 'catch2'
[7/8] Completed 'catch2'
[8/8] Running utility command for pl_build
> Task :pl_server:generateGrammarSource UP-TO-DATE
> Task :pl_server:compileJava UP-TO-DATE
> Task :pl_server:processResources UP-TO-DATE
> Task :pl_server:classes UP-TO-DATE
> Task :pl_server:jar UP-TO-DATE
> Task :pl_server:startScripts UP-TO-DATE
> Task :pl_server:distTar UP-TO-DATE
> Task :pl_server:distZip UP-TO-DATE
> Task :pl_server:assemble UP-TO-DATE
> Task :pl_server:check
> Task :pl_server:build

BUILD SUCCESSFUL in 612ms
7 actionable tasks: 7 up-to-date
-- Install configuration: "Debug"
-- Up-to-date: /home/vimkim/.cub/install/CBRD-27398-pgbuf-inspector-contract/debug_gcc/vm/pl_server.jar
-- Up-to-date: /home/vimkim/.cub/install/CBRD-27398-pgbuf-inspector-contract/debug_gcc/vm/logging.properties
-- Up-to-date: /home/vimkim/.cub/install/CBRD-27398-pgbuf-inspector-contract/debug_gcc/lib/libcubridsa.so.11.5
-- Up-to-date: /home/vimkim/.cub/install/CBRD-27398-pgbuf-inspector-contract/debug_gcc/lib/libcubridsa.so
-- Up-to-date: /home/vimkim/.cub/install/CBRD-27398-pgbuf-inspector-contract/debug_gcc/lib/libcubridcs.so.11.5
-- Up-to-date: /home/vimkim/.cub/install/CBRD-27398-pgbuf-inspector-contract/debug_gcc/lib/libcubridcs.so
-- Up-to-date: /home/vimkim/.cub/install/CBRD-27398-pgbuf-inspector-contract/debug_gcc/lib/libcubrid.so.11.5
-- Up-to-date: /home/vimkim/.cub/install/CBRD-27398-pgbuf-inspector-contract/debug_gcc/lib/libcubrid.so
-- Up-to-date: /home/vimkim/.cub/install/CBRD-27398-pgbuf-inspector-contract/debug_gcc/include/dbi.h
-- Up-to-date: /home/vimkim/.cub/install/CBRD-27398-pgbuf-inspector-contract/debug_gcc/include/dbtran_def.h
-- Up-to-date: /home/vimkim/.cub/install/CBRD-27398-pgbuf-inspector-contract/debug_gcc/include/dbtype_def.h
-- Up-to-date: /home/vimkim/.cub/install/CBRD-27398-pgbuf-inspector-contract/debug_gcc/include/db_set_function.h
-- Up-to-date: /home/vimkim/.cub/install/CBRD-27398-pgbuf-inspector-contract/debug_gcc/include/dbtype_function.h
-- Up-to-date: /home/vimkim/.cub/install/CBRD-27398-pgbuf-inspector-contract/debug_gcc/include/db_date.h
-- Up-to-date: /home/vimkim/.cub/install/CBRD-27398-pgbuf-inspector-contract/debug_gcc/include/db_elo.h
-- Up-to-date: /home/vimkim/.cub/install/CBRD-27398-pgbuf-inspector-contract/debug_gcc/include/cache_time.h
-- Up-to-date: /home/vimkim/.cub/install/CBRD-27398-pgbuf-inspector-contract/debug_gcc/include/error_code.h
-- Up-to-date: /home/vimkim/.cub/install/CBRD-27398-pgbuf-inspector-contract/debug_gcc/include/cubrid_log.h
-- Up-to-date: /home/vimkim/.cub/install/CBRD-27398-pgbuf-inspector-contract/debug_gcc/include/cm_stat.h
-- Up-to-date: /home/vimkim/.cub/install/CBRD-27398-pgbuf-inspector-contract/debug_gcc/bin/csql
-- Up-to-date: /home/vimkim/.cub/install/CBRD-27398-pgbuf-inspector-contract/debug_gcc/bin/cub_master
-- Up-to-date: /home/vimkim/.cub/install/CBRD-27398-pgbuf-inspector-contract/debug_gcc/bin/cub_server
-- Up-to-date: /home/vimkim/.cub/install/CBRD-27398-pgbuf-inspector-contract/debug_gcc/bin/cubrid
-- Up-to-date: /home/vimkim/.cub/install/CBRD-27398-pgbuf-inspector-contract/debug_gcc/bin/cub_commdb
-- Up-to-date: /home/vimkim/.cub/install/CBRD-27398-pgbuf-inspector-contract/debug_gcc/bin/cubrid_rel
-- Up-to-date: /home/vimkim/.cub/install/CBRD-27398-pgbuf-inspector-contract/debug_gcc/bin/loadjava
-- Up-to-date: /home/vimkim/.cub/install/CBRD-27398-pgbuf-inspector-contract/debug_gcc/bin/cub_pl
-- Up-to-date: /home/vimkim/.cub/install/CBRD-27398-pgbuf-inspector-contract/debug_gcc/bin/cub_admin
-- Up-to-date: /home/vimkim/.cub/install/CBRD-27398-pgbuf-inspector-contract/debug_gcc/cci/lib/libcascci.so.11.2
-- Up-to-date: /home/vimkim/.cub/install/CBRD-27398-pgbuf-inspector-contract/debug_gcc/cci/lib/libcascci.so
-- Up-to-date: /home/vimkim/.cub/install/CBRD-27398-pgbuf-inspector-contract/debug_gcc/cci/include/cas_cci.h
-- Up-to-date: /home/vimkim/.cub/install/CBRD-27398-pgbuf-inspector-contract/debug_gcc/cci/include/compat_dbtran_def.h
-- Up-to-date: /home/vimkim/.cub/install/CBRD-27398-pgbuf-inspector-contract/debug_gcc/cci/include/broker_cas_error.h
-- Up-to-date: /home/vimkim/.cub/install/CBRD-27398-pgbuf-inspector-contract/debug_gcc/include/cas_cci.h
-- Up-to-date: /home/vimkim/.cub/install/CBRD-27398-pgbuf-inspector-contract/debug_gcc/include/broker_cas_error.h
-- Up-to-date: /home/vimkim/.cub/install/CBRD-27398-pgbuf-inspector-contract/debug_gcc/include/compat_dbtran_def.h
-- Up-to-date: /home/vimkim/.cub/install/CBRD-27398-pgbuf-inspector-contract/debug_gcc/lib/libcascci.so
-- Up-to-date: /home/vimkim/.cub/install/CBRD-27398-pgbuf-inspector-contract/debug_gcc/lib/libcascci.so.11.2
-- Up-to-date: /home/vimkim/.cub/install/CBRD-27398-pgbuf-inspector-contract/debug_gcc/bin/cci_applier
-- Up-to-date: /home/vimkim/.cub/install/CBRD-27398-pgbuf-inspector-contract/debug_gcc/bin/broker_log_converter
-- Up-to-date: /home/vimkim/.cub/install/CBRD-27398-pgbuf-inspector-contract/debug_gcc/bin/broker_log_runner
-- Up-to-date: /home/vimkim/.cub/install/CBRD-27398-pgbuf-inspector-contract/debug_gcc/bin/broker_tester
-- Up-to-date: /home/vimkim/.cub/install/CBRD-27398-pgbuf-inspector-contract/debug_gcc/bin/cubrid_replay
-- Up-to-date: /home/vimkim/.cub/install/CBRD-27398-pgbuf-inspector-contract/debug_gcc/bin/cub_broker
-- Up-to-date: /home/vimkim/.cub/install/CBRD-27398-pgbuf-inspector-contract/debug_gcc/bin/cub_gateway
-- Up-to-date: /home/vimkim/.cub/install/CBRD-27398-pgbuf-inspector-contract/debug_gcc/bin/broker_monitor
-- Up-to-date: /home/vimkim/.cub/install/CBRD-27398-pgbuf-inspector-contract/debug_gcc/bin/gateway_monitor
-- Up-to-date: /home/vimkim/.cub/install/CBRD-27398-pgbuf-inspector-contract/debug_gcc/bin/broker_changer
-- Up-to-date: /home/vimkim/.cub/install/CBRD-27398-pgbuf-inspector-contract/debug_gcc/bin/cubrid_broker
-- Up-to-date: /home/vimkim/.cub/install/CBRD-27398-pgbuf-inspector-contract/debug_gcc/bin/cubrid_gateway
-- Up-to-date: /home/vimkim/.cub/install/CBRD-27398-pgbuf-inspector-contract/debug_gcc/bin/cub_cas
-- Up-to-date: /home/vimkim/.cub/install/CBRD-27398-pgbuf-inspector-contract/debug_gcc/bin/cub_cas_cgw
-- Up-to-date: /home/vimkim/.cub/install/CBRD-27398-pgbuf-inspector-contract/debug_gcc/bin/cub_proxy
-- Up-to-date: /home/vimkim/.cub/install/CBRD-27398-pgbuf-inspector-contract/debug_gcc/include/shard_key.h
-- Up-to-date: /home/vimkim/.cub/install/CBRD-27398-pgbuf-inspector-contract/debug_gcc/bin/broker_log_top
-- Up-to-date: /home/vimkim/.cub/install/CBRD-27398-pgbuf-inspector-contract/debug_gcc/lib/libbrokeradmin.so.11.5
-- Up-to-date: /home/vimkim/.cub/install/CBRD-27398-pgbuf-inspector-contract/debug_gcc/lib/libbrokeradmin.so
-- Up-to-date: /home/vimkim/.cub/install/CBRD-27398-pgbuf-inspector-contract/debug_gcc/lib/libcmstat.so.11.5
-- Up-to-date: /home/vimkim/.cub/install/CBRD-27398-pgbuf-inspector-contract/debug_gcc/lib/libcmstat.so
-- Up-to-date: /home/vimkim/.cub/install/CBRD-27398-pgbuf-inspector-contract/debug_gcc/lib/libcmdep.so.11.5
-- Up-to-date: /home/vimkim/.cub/install/CBRD-27398-pgbuf-inspector-contract/debug_gcc/lib/libcmdep.so
-- Up-to-date: /home/vimkim/.cub/install/CBRD-27398-pgbuf-inspector-contract/debug_gcc/bin/cub_jobsa
-- Up-to-date: /home/vimkim/.cub/install/CBRD-27398-pgbuf-inspector-contract/debug_gcc/bin/cub_sainfo
-- Up-to-date: /home/vimkim/.cub/install/CBRD-27398-pgbuf-inspector-contract/debug_gcc/conf/cubrid.conf
-- Up-to-date: /home/vimkim/.cub/install/CBRD-27398-pgbuf-inspector-contract/debug_gcc/conf/cubrid.conf.large
-- Up-to-date: /home/vimkim/.cub/install/CBRD-27398-pgbuf-inspector-contract/debug_gcc/conf/cubrid.conf.small
-- Up-to-date: /home/vimkim/.cub/install/CBRD-27398-pgbuf-inspector-contract/debug_gcc/conf/cubrid_broker.conf
-- Up-to-date: /home/vimkim/.cub/install/CBRD-27398-pgbuf-inspector-contract/debug_gcc/conf/cubrid_broker.conf.shard
-- Up-to-date: /home/vimkim/.cub/install/CBRD-27398-pgbuf-inspector-contract/debug_gcc/conf/cubrid_gateway.conf
-- Up-to-date: /home/vimkim/.cub/install/CBRD-27398-pgbuf-inspector-contract/debug_gcc/conf/cubrid_ha.conf
-- Up-to-date: /home/vimkim/.cub/install/CBRD-27398-pgbuf-inspector-contract/debug_gcc/conf/cubrid_hosts.conf
-- Up-to-date: /home/vimkim/.cub/install/CBRD-27398-pgbuf-inspector-contract/debug_gcc/conf/shard_connection.txt
-- Up-to-date: /home/vimkim/.cub/install/CBRD-27398-pgbuf-inspector-contract/debug_gcc/conf/shard_key.txt
-- Up-to-date: /home/vimkim/.cub/install/CBRD-27398-pgbuf-inspector-contract/debug_gcc/conf/cubrid_locales.all.txt
-- Up-to-date: /home/vimkim/.cub/install/CBRD-27398-pgbuf-inspector-contract/debug_gcc/conf/cubrid_locales.txt
-- Up-to-date: /home/vimkim/.cub/install/CBRD-27398-pgbuf-inspector-contract/debug_gcc/conf/cas_ssl_cert.crt
-- Up-to-date: /home/vimkim/.cub/install/CBRD-27398-pgbuf-inspector-contract/debug_gcc/conf/cas_ssl_cert.key
-- Up-to-date: /home/vimkim/.cub/install/CBRD-27398-pgbuf-inspector-contract/debug_gcc/msg/en_US.utf8
-- Up-to-date: /home/vimkim/.cub/install/CBRD-27398-pgbuf-inspector-contract/debug_gcc/msg/en_US.utf8/utils.msg
-- Up-to-date: /home/vimkim/.cub/install/CBRD-27398-pgbuf-inspector-contract/debug_gcc/msg/en_US.utf8/cubrid.msg
-- Up-to-date: /home/vimkim/.cub/install/CBRD-27398-pgbuf-inspector-contract/debug_gcc/msg/en_US.utf8/csql.msg
-- Up-to-date: /home/vimkim/.cub/install/CBRD-27398-pgbuf-inspector-contract/debug_gcc/msg/en_US.utf8
-- Up-to-date: /home/vimkim/.cub/install/CBRD-27398-pgbuf-inspector-contract/debug_gcc/msg/en_US.utf8/utils.cat
-- Up-to-date: /home/vimkim/.cub/install/CBRD-27398-pgbuf-inspector-contract/debug_gcc/msg/en_US.utf8/csql.cat
-- Up-to-date: /home/vimkim/.cub/install/CBRD-27398-pgbuf-inspector-contract/debug_gcc/msg/en_US.utf8/cubrid.cat
-- Up-to-date: /home/vimkim/.cub/install/CBRD-27398-pgbuf-inspector-contract/debug_gcc/msg/en_US
-- Up-to-date: /home/vimkim/.cub/install/CBRD-27398-pgbuf-inspector-contract/debug_gcc/msg/en_US/utils.msg
-- Up-to-date: /home/vimkim/.cub/install/CBRD-27398-pgbuf-inspector-contract/debug_gcc/msg/en_US/cubrid.msg
-- Up-to-date: /home/vimkim/.cub/install/CBRD-27398-pgbuf-inspector-contract/debug_gcc/msg/en_US/csql.msg
-- Up-to-date: /home/vimkim/.cub/install/CBRD-27398-pgbuf-inspector-contract/debug_gcc/msg/en_US
-- Up-to-date: /home/vimkim/.cub/install/CBRD-27398-pgbuf-inspector-contract/debug_gcc/msg/en_US/utils.cat
-- Up-to-date: /home/vimkim/.cub/install/CBRD-27398-pgbuf-inspector-contract/debug_gcc/msg/en_US/csql.cat
-- Up-to-date: /home/vimkim/.cub/install/CBRD-27398-pgbuf-inspector-contract/debug_gcc/msg/en_US/cubrid.cat
-- Up-to-date: /home/vimkim/.cub/install/CBRD-27398-pgbuf-inspector-contract/debug_gcc/msg/ko_KR.utf8
-- Up-to-date: /home/vimkim/.cub/install/CBRD-27398-pgbuf-inspector-contract/debug_gcc/msg/ko_KR.utf8/csql.msg
-- Up-to-date: /home/vimkim/.cub/install/CBRD-27398-pgbuf-inspector-contract/debug_gcc/msg/ko_KR.utf8/utils.msg
-- Up-to-date: /home/vimkim/.cub/install/CBRD-27398-pgbuf-inspector-contract/debug_gcc/msg/ko_KR.utf8/cubrid.msg
-- Up-to-date: /home/vimkim/.cub/install/CBRD-27398-pgbuf-inspector-contract/debug_gcc/msg/ko_KR.utf8
-- Up-to-date: /home/vimkim/.cub/install/CBRD-27398-pgbuf-inspector-contract/debug_gcc/msg/ko_KR.utf8/cubrid.cat
-- Up-to-date: /home/vimkim/.cub/install/CBRD-27398-pgbuf-inspector-contract/debug_gcc/msg/ko_KR.utf8/utils.cat
-- Up-to-date: /home/vimkim/.cub/install/CBRD-27398-pgbuf-inspector-contract/debug_gcc/msg/ko_KR.utf8/csql.cat
-- Up-to-date: /home/vimkim/.cub/install/CBRD-27398-pgbuf-inspector-contract/debug_gcc/msg/ko_KR.euckr
-- Up-to-date: /home/vimkim/.cub/install/CBRD-27398-pgbuf-inspector-contract/debug_gcc/msg/ko_KR.euckr/csql.msg
-- Up-to-date: /home/vimkim/.cub/install/CBRD-27398-pgbuf-inspector-contract/debug_gcc/msg/ko_KR.euckr/cubrid.msg
-- Up-to-date: /home/vimkim/.cub/install/CBRD-27398-pgbuf-inspector-contract/debug_gcc/msg/ko_KR.euckr/utils.msg
-- Up-to-date: /home/vimkim/.cub/install/CBRD-27398-pgbuf-inspector-contract/debug_gcc/msg/ko_KR.euckr
-- Up-to-date: /home/vimkim/.cub/install/CBRD-27398-pgbuf-inspector-contract/debug_gcc/msg/ko_KR.euckr/csql.cat
-- Up-to-date: /home/vimkim/.cub/install/CBRD-27398-pgbuf-inspector-contract/debug_gcc/msg/ko_KR.euckr/cubrid.cat
-- Up-to-date: /home/vimkim/.cub/install/CBRD-27398-pgbuf-inspector-contract/debug_gcc/msg/ko_KR.euckr/utils.cat
-- Up-to-date: /home/vimkim/.cub/install/CBRD-27398-pgbuf-inspector-contract/debug_gcc/demo/demodb_objects
-- Up-to-date: /home/vimkim/.cub/install/CBRD-27398-pgbuf-inspector-contract/debug_gcc/demo/demodb_schema
-- Up-to-date: /home/vimkim/.cub/install/CBRD-27398-pgbuf-inspector-contract/debug_gcc/demo/make_cubrid_demo.sh
-- Up-to-date: /home/vimkim/.cub/install/CBRD-27398-pgbuf-inspector-contract/debug_gcc/share/init.d/cubrid-ha
-- Up-to-date: /home/vimkim/.cub/install/CBRD-27398-pgbuf-inspector-contract/debug_gcc/share/init.d/cubrid
-- Up-to-date: /home/vimkim/.cub/install/CBRD-27398-pgbuf-inspector-contract/debug_gcc/share/scripts/check_reserved.sql
-- Up-to-date: /home/vimkim/.cub/install/CBRD-27398-pgbuf-inspector-contract/debug_gcc/share/scripts/broker_log_top.py
-- Up-to-date: /home/vimkim/.cub/install/CBRD-27398-pgbuf-inspector-contract/debug_gcc/share/scripts/brokerstatus_to_csv.py
-- Up-to-date: /home/vimkim/.cub/install/CBRD-27398-pgbuf-inspector-contract/debug_gcc/share/scripts/statdump_to_csv.py
-- Up-to-date: /home/vimkim/.cub/install/CBRD-27398-pgbuf-inspector-contract/debug_gcc/share/scripts/ha/ha_make_slavedb.sh
-- Up-to-date: /home/vimkim/.cub/install/CBRD-27398-pgbuf-inspector-contract/debug_gcc/share/scripts/ha/VERSION
-- Up-to-date: /home/vimkim/.cub/install/CBRD-27398-pgbuf-inspector-contract/debug_gcc/share/scripts/ha/README
-- Up-to-date: /home/vimkim/.cub/install/CBRD-27398-pgbuf-inspector-contract/debug_gcc/share/scripts/ha/functions/ha_check_environment.sh
-- Up-to-date: /home/vimkim/.cub/install/CBRD-27398-pgbuf-inspector-contract/debug_gcc/share/scripts/ha/functions/ha_check_script.sh
-- Up-to-date: /home/vimkim/.cub/install/CBRD-27398-pgbuf-inspector-contract/debug_gcc/share/scripts/ha/expect/scp_from.exp
-- Up-to-date: /home/vimkim/.cub/install/CBRD-27398-pgbuf-inspector-contract/debug_gcc/share/scripts/ha/expect/scp_to.exp
-- Up-to-date: /home/vimkim/.cub/install/CBRD-27398-pgbuf-inspector-contract/debug_gcc/share/scripts/ha/expect/ssh.exp
-- Up-to-date: /home/vimkim/.cub/install/CBRD-27398-pgbuf-inspector-contract/debug_gcc/share/scripts/ha/common/common.sh
-- Up-to-date: /home/vimkim/.cub/install/CBRD-27398-pgbuf-inspector-contract/debug_gcc/share/systemtap/tapset/cubrid_func.stp
-- Up-to-date: /home/vimkim/.cub/install/CBRD-27398-pgbuf-inspector-contract/debug_gcc/share/systemtap/tapset/scripts/buffer_access.stp
-- Up-to-date: /home/vimkim/.cub/install/CBRD-27398-pgbuf-inspector-contract/debug_gcc/share/systemtap/tapset/scripts/global_time.stp
-- Up-to-date: /home/vimkim/.cub/install/CBRD-27398-pgbuf-inspector-contract/debug_gcc/share/systemtap/tapset/scripts/io_stat.stp
-- Up-to-date: /home/vimkim/.cub/install/CBRD-27398-pgbuf-inspector-contract/debug_gcc/share/systemtap/tapset/scripts/lock_time.stp
-- Up-to-date: /home/vimkim/.cub/install/CBRD-27398-pgbuf-inspector-contract/debug_gcc/share/systemtap/tapset/scripts/obj_access.stp
-- Up-to-date: /home/vimkim/.cub/install/CBRD-27398-pgbuf-inspector-contract/debug_gcc/share/systemtap/tapset/scripts/query_time.stp
-- Up-to-date: /home/vimkim/.cub/install/CBRD-27398-pgbuf-inspector-contract/debug_gcc/share/systemtap/tapset/scripts/transaction.stp
-- Up-to-date: /home/vimkim/.cub/install/CBRD-27398-pgbuf-inspector-contract/debug_gcc/share/systemtap/tapset/scripts/topcallstack_helper.stp
-- Up-to-date: /home/vimkim/.cub/install/CBRD-27398-pgbuf-inspector-contract/debug_gcc/share/systemtap/tapset/scripts/get_file_line.sh
-- Up-to-date: /home/vimkim/.cub/install/CBRD-27398-pgbuf-inspector-contract/debug_gcc/share/systemtap/tapset/scripts/topcallstack
-- Up-to-date: /home/vimkim/.cub/install/CBRD-27398-pgbuf-inspector-contract/debug_gcc/share/scripts/setup.sh
-- Up-to-date: /home/vimkim/.cub/install/CBRD-27398-pgbuf-inspector-contract/debug_gcc/share/scripts/cubrid.sh
-- Up-to-date: /home/vimkim/.cub/install/CBRD-27398-pgbuf-inspector-contract/debug_gcc/share/scripts/cubrid.csh
-- Up-to-date: /home/vimkim/.cub/install/CBRD-27398-pgbuf-inspector-contract/debug_gcc/share/scripts/unloaddb.sh
-- Up-to-date: /home/vimkim/.cub/install/CBRD-27398-pgbuf-inspector-contract/debug_gcc/share/scripts/restore_to_newdb.sh
-- Up-to-date: /home/vimkim/.cub/install/CBRD-27398-pgbuf-inspector-contract/debug_gcc/share/scripts/check_index_ovfps.sh
-- Up-to-date: /home/vimkim/.cub/install/CBRD-27398-pgbuf-inspector-contract/debug_gcc/bin/make_locale.sh
-- Up-to-date: /home/vimkim/.cub/install/CBRD-27398-pgbuf-inspector-contract/debug_gcc/locales/loclib/build_locale.sh
-- Up-to-date: /home/vimkim/.cub/install/CBRD-27398-pgbuf-inspector-contract/debug_gcc/locales/data
-- Up-to-date: /home/vimkim/.cub/install/CBRD-27398-pgbuf-inspector-contract/debug_gcc/locales/data/codepages
-- Up-to-date: /home/vimkim/.cub/install/CBRD-27398-pgbuf-inspector-contract/debug_gcc/locales/data/codepages/8859-1.TXT
-- Up-to-date: /home/vimkim/.cub/install/CBRD-27398-pgbuf-inspector-contract/debug_gcc/locales/data/codepages/8859-15.TXT
-- Up-to-date: /home/vimkim/.cub/install/CBRD-27398-pgbuf-inspector-contract/debug_gcc/locales/data/codepages/8859-9.TXT
-- Up-to-date: /home/vimkim/.cub/install/CBRD-27398-pgbuf-inspector-contract/debug_gcc/locales/data/codepages/CP1250.TXT
-- Up-to-date: /home/vimkim/.cub/install/CBRD-27398-pgbuf-inspector-contract/debug_gcc/locales/data/codepages/CP1258.TXT
-- Up-to-date: /home/vimkim/.cub/install/CBRD-27398-pgbuf-inspector-contract/debug_gcc/locales/data/codepages/CP932.TXT
-- Up-to-date: /home/vimkim/.cub/install/CBRD-27398-pgbuf-inspector-contract/debug_gcc/locales/data/codepages/CP936.TXT
-- Up-to-date: /home/vimkim/.cub/install/CBRD-27398-pgbuf-inspector-contract/debug_gcc/locales/data/codepages/CP949.TXT
-- Up-to-date: /home/vimkim/.cub/install/CBRD-27398-pgbuf-inspector-contract/debug_gcc/locales/data/ducet.txt
-- Up-to-date: /home/vimkim/.cub/install/CBRD-27398-pgbuf-inspector-contract/debug_gcc/locales/data/ldml
-- Up-to-date: /home/vimkim/.cub/install/CBRD-27398-pgbuf-inspector-contract/debug_gcc/locales/data/ldml/common_collations.xml
-- Up-to-date: /home/vimkim/.cub/install/CBRD-27398-pgbuf-inspector-contract/debug_gcc/locales/data/ldml/cubrid_de_DE.xml
-- Up-to-date: /home/vimkim/.cub/install/CBRD-27398-pgbuf-inspector-contract/debug_gcc/locales/data/ldml/cubrid_es_ES.xml
-- Up-to-date: /home/vimkim/.cub/install/CBRD-27398-pgbuf-inspector-contract/debug_gcc/locales/data/ldml/cubrid_fr_FR.xml
-- Up-to-date: /home/vimkim/.cub/install/CBRD-27398-pgbuf-inspector-contract/debug_gcc/locales/data/ldml/cubrid_it_IT.xml
-- Up-to-date: /home/vimkim/.cub/install/CBRD-27398-pgbuf-inspector-contract/debug_gcc/locales/data/ldml/cubrid_ja_JP.xml
-- Up-to-date: /home/vimkim/.cub/install/CBRD-27398-pgbuf-inspector-contract/debug_gcc/locales/data/ldml/cubrid_km_KH.xml
-- Up-to-date: /home/vimkim/.cub/install/CBRD-27398-pgbuf-inspector-contract/debug_gcc/locales/data/ldml/cubrid_ko_KR.xml
-- Up-to-date: /home/vimkim/.cub/install/CBRD-27398-pgbuf-inspector-contract/debug_gcc/locales/data/ldml/cubrid_ro_RO.xml
-- Up-to-date: /home/vimkim/.cub/install/CBRD-27398-pgbuf-inspector-contract/debug_gcc/locales/data/ldml/cubrid_tr_TR.xml
-- Up-to-date: /home/vimkim/.cub/install/CBRD-27398-pgbuf-inspector-contract/debug_gcc/locales/data/ldml/cubrid_vi_VN.xml
-- Up-to-date: /home/vimkim/.cub/install/CBRD-27398-pgbuf-inspector-contract/debug_gcc/locales/data/ldml/cubrid_zh_CN.xml
-- Up-to-date: /home/vimkim/.cub/install/CBRD-27398-pgbuf-inspector-contract/debug_gcc/locales/data/unicodedata.txt
-- Up-to-date: /home/vimkim/.cub/install/CBRD-27398-pgbuf-inspector-contract/debug_gcc/locales/loclib/locale_lib_common.h
-- Up-to-date: /home/vimkim/.cub/install/CBRD-27398-pgbuf-inspector-contract/debug_gcc/lib/libcubrid_timezones.so.11.5
-- Up-to-date: /home/vimkim/.cub/install/CBRD-27398-pgbuf-inspector-contract/debug_gcc/lib/libcubrid_timezones.so
-- Up-to-date: /home/vimkim/.cub/install/CBRD-27398-pgbuf-inspector-contract/debug_gcc/bin/make_tz.sh
-- Up-to-date: /home/vimkim/.cub/install/CBRD-27398-pgbuf-inspector-contract/debug_gcc/timezones/tzlib/build_tz.sh
-- Up-to-date: /home/vimkim/.cub/install/CBRD-27398-pgbuf-inspector-contract/debug_gcc/timezones/tzdata
-- Up-to-date: /home/vimkim/.cub/install/CBRD-27398-pgbuf-inspector-contract/debug_gcc/timezones/tzdata/africa
-- Up-to-date: /home/vimkim/.cub/install/CBRD-27398-pgbuf-inspector-contract/debug_gcc/timezones/tzdata/antarctica
-- Up-to-date: /home/vimkim/.cub/install/CBRD-27398-pgbuf-inspector-contract/debug_gcc/timezones/tzdata/asia
-- Up-to-date: /home/vimkim/.cub/install/CBRD-27398-pgbuf-inspector-contract/debug_gcc/timezones/tzdata/australasia
-- Up-to-date: /home/vimkim/.cub/install/CBRD-27398-pgbuf-inspector-contract/debug_gcc/timezones/tzdata/backward
-- Up-to-date: /home/vimkim/.cub/install/CBRD-27398-pgbuf-inspector-contract/debug_gcc/timezones/tzdata/etcetera
-- Up-to-date: /home/vimkim/.cub/install/CBRD-27398-pgbuf-inspector-contract/debug_gcc/timezones/tzdata/europe
-- Up-to-date: /home/vimkim/.cub/install/CBRD-27398-pgbuf-inspector-contract/debug_gcc/timezones/tzdata/iso3166.tab
-- Up-to-date: /home/vimkim/.cub/install/CBRD-27398-pgbuf-inspector-contract/debug_gcc/timezones/tzdata/leapseconds
-- Up-to-date: /home/vimkim/.cub/install/CBRD-27398-pgbuf-inspector-contract/debug_gcc/timezones/tzdata/northamerica
-- Up-to-date: /home/vimkim/.cub/install/CBRD-27398-pgbuf-inspector-contract/debug_gcc/timezones/tzdata/pacificnew
-- Up-to-date: /home/vimkim/.cub/install/CBRD-27398-pgbuf-inspector-contract/debug_gcc/timezones/tzdata/southamerica
-- Up-to-date: /home/vimkim/.cub/install/CBRD-27398-pgbuf-inspector-contract/debug_gcc/timezones/tzdata/windowsZones.xml
-- Up-to-date: /home/vimkim/.cub/install/CBRD-27398-pgbuf-inspector-contract/debug_gcc/timezones/tzdata/zone.tab
-- Up-to-date: /home/vimkim/.cub/install/CBRD-27398-pgbuf-inspector-contract/debug_gcc/timezones/tzlib/timezone_lib_common.h
-- Up-to-date: /home/vimkim/.cub/install/CBRD-27398-pgbuf-inspector-contract/debug_gcc/include
-- Up-to-date: /home/vimkim/.cub/install/CBRD-27398-pgbuf-inspector-contract/debug_gcc/include/gmock
-- Up-to-date: /home/vimkim/.cub/install/CBRD-27398-pgbuf-inspector-contract/debug_gcc/include/gmock/gmock-actions.h
-- Up-to-date: /home/vimkim/.cub/install/CBRD-27398-pgbuf-inspector-contract/debug_gcc/include/gmock/gmock-cardinalities.h
-- Up-to-date: /home/vimkim/.cub/install/CBRD-27398-pgbuf-inspector-contract/debug_gcc/include/gmock/gmock-function-mocker.h
-- Up-to-date: /home/vimkim/.cub/install/CBRD-27398-pgbuf-inspector-contract/debug_gcc/include/gmock/gmock-matchers.h
-- Up-to-date: /home/vimkim/.cub/install/CBRD-27398-pgbuf-inspector-contract/debug_gcc/include/gmock/gmock-more-actions.h
-- Up-to-date: /home/vimkim/.cub/install/CBRD-27398-pgbuf-inspector-contract/debug_gcc/include/gmock/gmock-more-matchers.h
-- Up-to-date: /home/vimkim/.cub/install/CBRD-27398-pgbuf-inspector-contract/debug_gcc/include/gmock/gmock-nice-strict.h
-- Up-to-date: /home/vimkim/.cub/install/CBRD-27398-pgbuf-inspector-contract/debug_gcc/include/gmock/gmock-spec-builders.h
-- Up-to-date: /home/vimkim/.cub/install/CBRD-27398-pgbuf-inspector-contract/debug_gcc/include/gmock/gmock.h
-- Up-to-date: /home/vimkim/.cub/install/CBRD-27398-pgbuf-inspector-contract/debug_gcc/include/gmock/internal
-- Up-to-date: /home/vimkim/.cub/install/CBRD-27398-pgbuf-inspector-contract/debug_gcc/include/gmock/internal/custom
-- Up-to-date: /home/vimkim/.cub/install/CBRD-27398-pgbuf-inspector-contract/debug_gcc/include/gmock/internal/custom/README.md
-- Up-to-date: /home/vimkim/.cub/install/CBRD-27398-pgbuf-inspector-contract/debug_gcc/include/gmock/internal/custom/gmock-generated-actions.h
-- Up-to-date: /home/vimkim/.cub/install/CBRD-27398-pgbuf-inspector-contract/debug_gcc/include/gmock/internal/custom/gmock-matchers.h
-- Up-to-date: /home/vimkim/.cub/install/CBRD-27398-pgbuf-inspector-contract/debug_gcc/include/gmock/internal/custom/gmock-port.h
-- Up-to-date: /home/vimkim/.cub/install/CBRD-27398-pgbuf-inspector-contract/debug_gcc/include/gmock/internal/gmock-internal-utils.h
-- Up-to-date: /home/vimkim/.cub/install/CBRD-27398-pgbuf-inspector-contract/debug_gcc/include/gmock/internal/gmock-port.h
-- Up-to-date: /home/vimkim/.cub/install/CBRD-27398-pgbuf-inspector-contract/debug_gcc/include/gmock/internal/gmock-pp.h
-- Up-to-date: /home/vimkim/.cub/install/CBRD-27398-pgbuf-inspector-contract/debug_gcc/lib64/libgmock.a
-- Up-to-date: /home/vimkim/.cub/install/CBRD-27398-pgbuf-inspector-contract/debug_gcc/lib64/libgmock_main.a
-- Up-to-date: /home/vimkim/.cub/install/CBRD-27398-pgbuf-inspector-contract/debug_gcc/lib64/pkgconfig/gmock.pc
-- Up-to-date: /home/vimkim/.cub/install/CBRD-27398-pgbuf-inspector-contract/debug_gcc/lib64/pkgconfig/gmock_main.pc
-- Up-to-date: /home/vimkim/.cub/install/CBRD-27398-pgbuf-inspector-contract/debug_gcc/lib64/cmake/GTest/GTestTargets.cmake
-- Up-to-date: /home/vimkim/.cub/install/CBRD-27398-pgbuf-inspector-contract/debug_gcc/lib64/cmake/GTest/GTestTargets-debug.cmake
-- Up-to-date: /home/vimkim/.cub/install/CBRD-27398-pgbuf-inspector-contract/debug_gcc/lib64/cmake/GTest/GTestConfigVersion.cmake
-- Up-to-date: /home/vimkim/.cub/install/CBRD-27398-pgbuf-inspector-contract/debug_gcc/lib64/cmake/GTest/GTestConfig.cmake
-- Up-to-date: /home/vimkim/.cub/install/CBRD-27398-pgbuf-inspector-contract/debug_gcc/include
-- Up-to-date: /home/vimkim/.cub/install/CBRD-27398-pgbuf-inspector-contract/debug_gcc/include/gtest
-- Up-to-date: /home/vimkim/.cub/install/CBRD-27398-pgbuf-inspector-contract/debug_gcc/include/gtest/gtest-assertion-result.h
-- Up-to-date: /home/vimkim/.cub/install/CBRD-27398-pgbuf-inspector-contract/debug_gcc/include/gtest/gtest-death-test.h
-- Up-to-date: /home/vimkim/.cub/install/CBRD-27398-pgbuf-inspector-contract/debug_gcc/include/gtest/gtest-matchers.h
-- Up-to-date: /home/vimkim/.cub/install/CBRD-27398-pgbuf-inspector-contract/debug_gcc/include/gtest/gtest-message.h
-- Up-to-date: /home/vimkim/.cub/install/CBRD-27398-pgbuf-inspector-contract/debug_gcc/include/gtest/gtest-param-test.h
-- Up-to-date: /home/vimkim/.cub/install/CBRD-27398-pgbuf-inspector-contract/debug_gcc/include/gtest/gtest-printers.h
-- Up-to-date: /home/vimkim/.cub/install/CBRD-27398-pgbuf-inspector-contract/debug_gcc/include/gtest/gtest-spi.h
-- Up-to-date: /home/vimkim/.cub/install/CBRD-27398-pgbuf-inspector-contract/debug_gcc/include/gtest/gtest-test-part.h
-- Up-to-date: /home/vimkim/.cub/install/CBRD-27398-pgbuf-inspector-contract/debug_gcc/include/gtest/gtest-typed-test.h
-- Up-to-date: /home/vimkim/.cub/install/CBRD-27398-pgbuf-inspector-contract/debug_gcc/include/gtest/gtest.h
-- Up-to-date: /home/vimkim/.cub/install/CBRD-27398-pgbuf-inspector-contract/debug_gcc/include/gtest/gtest_pred_impl.h
-- Up-to-date: /home/vimkim/.cub/install/CBRD-27398-pgbuf-inspector-contract/debug_gcc/include/gtest/gtest_prod.h
-- Up-to-date: /home/vimkim/.cub/install/CBRD-27398-pgbuf-inspector-contract/debug_gcc/include/gtest/internal
-- Up-to-date: /home/vimkim/.cub/install/CBRD-27398-pgbuf-inspector-contract/debug_gcc/include/gtest/internal/custom
-- Up-to-date: /home/vimkim/.cub/install/CBRD-27398-pgbuf-inspector-contract/debug_gcc/include/gtest/internal/custom/README.md
-- Up-to-date: /home/vimkim/.cub/install/CBRD-27398-pgbuf-inspector-contract/debug_gcc/include/gtest/internal/custom/gtest-port.h
-- Up-to-date: /home/vimkim/.cub/install/CBRD-27398-pgbuf-inspector-contract/debug_gcc/include/gtest/internal/custom/gtest-printers.h
-- Up-to-date: /home/vimkim/.cub/install/CBRD-27398-pgbuf-inspector-contract/debug_gcc/include/gtest/internal/custom/gtest.h
-- Up-to-date: /home/vimkim/.cub/install/CBRD-27398-pgbuf-inspector-contract/debug_gcc/include/gtest/internal/gtest-death-test-internal.h
-- Up-to-date: /home/vimkim/.cub/install/CBRD-27398-pgbuf-inspector-contract/debug_gcc/include/gtest/internal/gtest-filepath.h
-- Up-to-date: /home/vimkim/.cub/install/CBRD-27398-pgbuf-inspector-contract/debug_gcc/include/gtest/internal/gtest-internal.h
-- Up-to-date: /home/vimkim/.cub/install/CBRD-27398-pgbuf-inspector-contract/debug_gcc/include/gtest/internal/gtest-param-util.h
-- Up-to-date: /home/vimkim/.cub/install/CBRD-27398-pgbuf-inspector-contract/debug_gcc/include/gtest/internal/gtest-port-arch.h
-- Up-to-date: /home/vimkim/.cub/install/CBRD-27398-pgbuf-inspector-contract/debug_gcc/include/gtest/internal/gtest-port.h
-- Up-to-date: /home/vimkim/.cub/install/CBRD-27398-pgbuf-inspector-contract/debug_gcc/include/gtest/internal/gtest-string.h
-- Up-to-date: /home/vimkim/.cub/install/CBRD-27398-pgbuf-inspector-contract/debug_gcc/include/gtest/internal/gtest-type-util.h
-- Up-to-date: /home/vimkim/.cub/install/CBRD-27398-pgbuf-inspector-contract/debug_gcc/lib64/libgtest.a
-- Up-to-date: /home/vimkim/.cub/install/CBRD-27398-pgbuf-inspector-contract/debug_gcc/lib64/libgtest_main.a
-- Up-to-date: /home/vimkim/.cub/install/CBRD-27398-pgbuf-inspector-contract/debug_gcc/lib64/pkgconfig/gtest.pc
-- Up-to-date: /home/vimkim/.cub/install/CBRD-27398-pgbuf-inspector-contract/debug_gcc/lib64/pkgconfig/gtest_main.pc
-- Up-to-date: /home/vimkim/.cub/install/CBRD-27398-pgbuf-inspector-contract/debug_gcc/log
-- Up-to-date: /home/vimkim/.cub/install/CBRD-27398-pgbuf-inspector-contract/debug_gcc/var
-- Up-to-date: /home/vimkim/.cub/install/CBRD-27398-pgbuf-inspector-contract/debug_gcc/tmp
-- Up-to-date: /home/vimkim/.cub/install/CBRD-27398-pgbuf-inspector-contract/debug_gcc/databases
-- Up-to-date: /home/vimkim/.cub/install/CBRD-27398-pgbuf-inspector-contract/debug_gcc/var/CUBRID_SOCK
-- Up-to-date: /home/vimkim/.cub/install/CBRD-27398-pgbuf-inspector-contract/debug_gcc/3rdparty
-- Up-to-date: /home/vimkim/.cub/install/CBRD-27398-pgbuf-inspector-contract/debug_gcc/3rdparty/adoptium.temurin_license.txt
-- Up-to-date: /home/vimkim/.cub/install/CBRD-27398-pgbuf-inspector-contract/debug_gcc/3rdparty/adoptium.temurin_license_assembly_exception.txt
-- Up-to-date: /home/vimkim/.cub/install/CBRD-27398-pgbuf-inspector-contract/debug_gcc/3rdparty/libedit_license.txt
-- Up-to-date: /home/vimkim/.cub/install/CBRD-27398-pgbuf-inspector-contract/debug_gcc/3rdparty/libexpat_license.txt
-- Up-to-date: /home/vimkim/.cub/install/CBRD-27398-pgbuf-inspector-contract/debug_gcc/3rdparty/libjansson_license.txt
-- Up-to-date: /home/vimkim/.cub/install/CBRD-27398-pgbuf-inspector-contract/debug_gcc/3rdparty/libodbc_license.txt
-- Up-to-date: /home/vimkim/.cub/install/CBRD-27398-pgbuf-inspector-contract/debug_gcc/3rdparty/libopenssl_license.txt
-- Up-to-date: /home/vimkim/.cub/install/CBRD-27398-pgbuf-inspector-contract/debug_gcc/3rdparty/libtbb_license.txt
-- Up-to-date: /home/vimkim/.cub/install/CBRD-27398-pgbuf-inspector-contract/debug_gcc/3rdparty/lz4_license.txt
-- Up-to-date: /home/vimkim/.cub/install/CBRD-27398-pgbuf-inspector-contract/debug_gcc/3rdparty/rapidjson_license.txt
-- Up-to-date: /home/vimkim/.cub/install/CBRD-27398-pgbuf-inspector-contract/debug_gcc/3rdparty/re2_license.txt
-- Up-to-date: /home/vimkim/.cub/install/CBRD-27398-pgbuf-inspector-contract/debug_gcc/./COPYING
-- Up-to-date: /home/vimkim/.cub/install/CBRD-27398-pgbuf-inspector-contract/debug_gcc/./CREDITS
-- Up-to-date: /home/vimkim/.cub/install/CBRD-27398-pgbuf-inspector-contract/debug_gcc/./README.md
-- Up-to-date: /home/vimkim/.cub/install/CBRD-27398-pgbuf-inspector-contract/debug_gcc/./README_TAR_INSTALL
-- Up-to-date: /home/vimkim/.cub/install/CBRD-27398-pgbuf-inspector-contract/debug_gcc/databases/databases.txt.sample
-- Up-to-date: /home/vimkim/.cub/install/CBRD-27398-pgbuf-inspector-contract/debug_gcc/var/CUBRID_SOCK/README.txt
-- Up-to-date: /home/vimkim/.cub/install/CBRD-27398-pgbuf-inspector-contract/debug_gcc/tmp/README.txt
Build and install completed successfully!
~/my-cubrid/bin/cubrid-build-coordinator.sh runtime 300 -- ctest --test-dir "$CUBRID_BUILD_DIR" --output-on-failure --verbose
Internal ctest changing into directory: /home/vimkim/gh/cb/CBRD-27398-pgbuf-inspector-contract/build_preset_debug_gcc
UpdateCTestConfiguration  from :/home/vimkim/gh/cb/CBRD-27398-pgbuf-inspector-contract/build_preset_debug_gcc/DartConfiguration.tcl
UpdateCTestConfiguration  from :/home/vimkim/gh/cb/CBRD-27398-pgbuf-inspector-contract/build_preset_debug_gcc/DartConfiguration.tcl
Test project /home/vimkim/gh/cb/CBRD-27398-pgbuf-inspector-contract/build_preset_debug_gcc
Constructing a list of tests
Done constructing a list of tests
Updating test list for fixtures
Added 0 tests to meet fixture requirements
Checking test dependency graph...
Checking test dependency graph end
test 1
      Start  1: oos_setup_db

1: Test command: /usr/bin/cmake "-E" "env" "CUBRID=/home/vimkim/.cub/install/CBRD-27398-pgbuf-inspector-contract/debug_gcc" "CUBRID_DATABASES=/home/vimkim/.cub/db/CBRD-27398-pgbuf-inspector-contract/commondb" "PATH=/home/vimkim/gh/cb/CBRD-27398-pgbuf-inspector-contract/build_preset_debug_gcc/vm/jdk8/bin:/home/vimkim/gh/ctp/run-sql/CTP/bin:/home/vimkim/gh/ctp/run-sql/CTP/common/script:/home/vimkim/.local/opt/bison-3.0.5/bin:/home/vimkim/.cub/install/CBRD-27398-pgbuf-inspector-contract/debug_gcc/bin:/home/vimkim/.cargo/bin:/home/vimkim/.local/share/mise/shims:/home/vimkim/.cargo/bin/:/opt/bison-3.0.5/bin/:/home/vimkim/.local/bin/:/home/vimkim/mybin/:/home/vimkim/my-cubrid/bin/:/home/vimkim/.config/my-scripts/bin/:/home/linuxbrew/.linuxbrew/bin:/home/vimkim/.nix-profile/bin/:/nix/var/nix/profiles/default/bin/:/usr/local/bin:/usr/bin:/usr/local/sbin:/usr/sbin" "bash" "/home/vimkim/gh/cb/CBRD-27398-pgbuf-inspector-contract/unit_tests/oos/scripts/setup_unittestdb.sh"
1: Working Directory: /home/vimkim/gh/cb/CBRD-27398-pgbuf-inspector-contract/build_preset_debug_gcc/unit_tests/oos
1: Test timeout computed to be: 10000000
 1/27 Test  #1: oos_setup_db .....................   Passed    0.03 sec
test 3
      Start  3: test_oos

3: Test command: /home/vimkim/gh/cb/CBRD-27398-pgbuf-inspector-contract/build_preset_debug_gcc/bin/test_oos
3: Working Directory: /home/vimkim/gh/cb/CBRD-27398-pgbuf-inspector-contract/build_preset_debug_gcc/unit_tests/oos
3: Test timeout computed to be: 30
3: [==========] Running 21 tests from 1 test suite.
3: [----------] Global test environment set-up.
3: ##### Starting Server For OOS Unit Testing #####
3: will be written at ./test_oos_log
3: [----------] 21 tests from OosTest
3: [ RUN      ] OosTest.OosCreateAndDestroy
3: [       OK ] OosTest.OosCreateAndDestroy (0 ms)
3: [ RUN      ] OosTest.OosCreateAndCreateAgain
3: [       OK ] OosTest.OosCreateAndCreateAgain (0 ms)
3: [ RUN      ] OosTest.OosInsertAndRead
3: [       OK ] OosTest.OosInsertAndRead (0 ms)
3: [ RUN      ] OosTest.OosInsertRejectsInvalidSource
3: [       OK ] OosTest.OosInsertRejectsInvalidSource (2549 ms)
3: [ RUN      ] OosTest.OosInsertLargerThanPageSize
3: [       OK ] OosTest.OosInsertLargerThanPageSize (0 ms)
3: [ RUN      ] OosTest.OosInsertLarge160KBString
3: [       OK ] OosTest.OosInsertLarge160KBString (2 ms)
3: [ RUN      ] OosTest.OosInsertAndRead100LargeStringsAroundMaxOosChunkSize
3: [       OK ] OosTest.OosInsertAndRead100LargeStringsAroundMaxOosChunkSize (29 ms)
3: [ RUN      ] OosTest.OosFindBestSpace
3: [       OK ] OosTest.OosFindBestSpace (0 ms)
3: [ RUN      ] OosTest.OosFindBestSpaceReturnsExistingPage
3: [       OK ] OosTest.OosFindBestSpaceReturnsExistingPage (0 ms)
3: [ RUN      ] OosTest.OosFixAndUnfixPage
3: [       OK ] OosTest.OosFixAndUnfixPage (0 ms)
3: [ RUN      ] OosTest.OosManualSlottedPageInsertAndGet
3: [       OK ] OosTest.OosManualSlottedPageInsertAndGet (0 ms)
3: [ RUN      ] OosTest.ShouldInsertIntoSamePage
3: [       OK ] OosTest.ShouldInsertIntoSamePage (0 ms)
3: [ RUN      ] OosTest.OosGetLengthWithinPage
3: [       OK ] OosTest.OosGetLengthWithinPage (0 ms)
3: [ RUN      ] OosTest.OosGetLengthAcrossPages
3: [       OK ] OosTest.OosGetLengthAcrossPages (2 ms)
3: [ RUN      ] OosTest.OosGetLengthAroundMaxChunkSize
3: [       OK ] OosTest.OosGetLengthAroundMaxChunkSize (3 ms)
3: [ RUN      ] OosTest.ShouldInsertIntoDifferentPages
3: [       OK ] OosTest.ShouldInsertIntoDifferentPages (0 ms)
3: [ RUN      ] OosTest.OosInlineFormatWriteAndReadBack
3: [       OK ] OosTest.OosInlineFormatWriteAndReadBack (0 ms)
3: [ RUN      ] OosTest.OosInlineFormatWithRealOosInsert
3: [       OK ] OosTest.OosInlineFormatWithRealOosInsert (0 ms)
3: [ RUN      ] OosTest.OosInlineLengthMatchesAcrossPages
3: [       OK ] OosTest.OosInlineLengthMatchesAcrossPages (4 ms)
3: [ RUN      ] OosTest.OosReadRejectsCallerLengthDisagreeingWithHeader
3: [       OK ] OosTest.OosReadRejectsCallerLengthDisagreeingWithHeader (5524 ms)
3: [ RUN      ] OosTest.HeapAttrvalueReadOosInlineCorruptHeader
3: [       OK ] OosTest.HeapAttrvalueReadOosInlineCorruptHeader (4287 ms)
3: [----------] 21 tests from OosTest (12404 ms total)
3: 
3: [----------] Global test environment tear-down
3: ##### Stopping Server For OOS Unit Testing #####
3: [==========] 21 tests from 1 test suite ran. (13137 ms total)
3: [  PASSED  ] 21 tests.
 2/27 Test  #3: test_oos .........................   Passed   13.16 sec
test 4
      Start  4: test_oos_delete

4: Test command: /home/vimkim/gh/cb/CBRD-27398-pgbuf-inspector-contract/build_preset_debug_gcc/bin/test_oos_delete
4: Working Directory: /home/vimkim/gh/cb/CBRD-27398-pgbuf-inspector-contract/build_preset_debug_gcc/unit_tests/oos
4: Test timeout computed to be: 30
4: [==========] Running 7 tests from 1 test suite.
4: [----------] Global test environment set-up.
4: ##### Starting Server For OOS Unit Testing #####
4: will be written at ./test_oos_log
4: [----------] 7 tests from OosDeleteTest
4: [ RUN      ] OosDeleteTest.OosDeleteBasic
4: [       OK ] OosDeleteTest.OosDeleteBasic (0 ms)
4: [ RUN      ] OosDeleteTest.OosDeleteThenReadFails
4: [       OK ] OosDeleteTest.OosDeleteThenReadFails (4844 ms)
4: [ RUN      ] OosDeleteTest.OosDeleteMultiChunk
4: [       OK ] OosDeleteTest.OosDeleteMultiChunk (0 ms)
4: [ RUN      ] OosDeleteTest.OosUpdatePattern
4: [       OK ] OosDeleteTest.OosUpdatePattern (17 ms)
4: [ RUN      ] OosDeleteTest.OosDeleteRestoresFreeSpace
4: [       OK ] OosDeleteTest.OosDeleteRestoresFreeSpace (0 ms)
4: [ RUN      ] OosDeleteTest.OosDeleteLarge160KBMultiChunk
4: [       OK ] OosDeleteTest.OosDeleteLarge160KBMultiChunk (20 ms)
4: [ RUN      ] OosDeleteTest.OosDeleteSlotBecomesUnknown
4: [       OK ] OosDeleteTest.OosDeleteSlotBecomesUnknown (0 ms)
4: [----------] 7 tests from OosDeleteTest (4883 ms total)
4: 
4: [----------] Global test environment tear-down
4: ##### Stopping Server For OOS Unit Testing #####
4: [==========] 7 tests from 1 test suite ran. (5239 ms total)
4: [  PASSED  ] 7 tests.
 3/27 Test  #4: test_oos_delete ..................   Passed    5.26 sec
test 5
      Start  5: test_oos_remove_file

5: Test command: /home/vimkim/gh/cb/CBRD-27398-pgbuf-inspector-contract/build_preset_debug_gcc/bin/test_oos_remove_file
5: Working Directory: /home/vimkim/gh/cb/CBRD-27398-pgbuf-inspector-contract/build_preset_debug_gcc/unit_tests/oos
5: Test timeout computed to be: 30
5: [==========] Running 6 tests from 1 test suite.
5: [----------] Global test environment set-up.
5: ##### Starting Server For OOS Unit Testing #####
5: will be written at ./test_oos_log
5: [----------] 6 tests from OosFileDestroyTest
5: [ RUN      ] OosFileDestroyTest.OosFileDestroyBasic
5: [       OK ] OosFileDestroyTest.OosFileDestroyBasic (0 ms)
5: [ RUN      ] OosFileDestroyTest.OosFileDestroyWithData
5: [       OK ] OosFileDestroyTest.OosFileDestroyWithData (0 ms)
5: [ RUN      ] OosFileDestroyTest.OosFileDestroyWithMultiChunkData
5: [       OK ] OosFileDestroyTest.OosFileDestroyWithMultiChunkData (0 ms)
5: [ RUN      ] OosFileDestroyTest.OosFileDestroyCacheCleared
5: [       OK ] OosFileDestroyTest.OosFileDestroyCacheCleared (0 ms)
5: [ RUN      ] OosFileDestroyTest.OosPageDestroyBasic
5: [       OK ] OosFileDestroyTest.OosPageDestroyBasic (0 ms)
5: [ RUN      ] OosFileDestroyTest.OosFileDestroyMultipleFiles
5: [       OK ] OosFileDestroyTest.OosFileDestroyMultipleFiles (0 ms)
5: [----------] 6 tests from OosFileDestroyTest (1 ms total)
5: 
5: [----------] Global test environment tear-down
5: ##### Stopping Server For OOS Unit Testing #####
5: [==========] 6 tests from 1 test suite ran. (320 ms total)
5: [  PASSED  ] 6 tests.
 4/27 Test  #5: test_oos_remove_file .............   Passed    0.34 sec
test 6
      Start  6: test_oos_bestspace

6: Test command: /home/vimkim/gh/cb/CBRD-27398-pgbuf-inspector-contract/build_preset_debug_gcc/bin/test_oos_bestspace
6: Working Directory: /home/vimkim/gh/cb/CBRD-27398-pgbuf-inspector-contract/build_preset_debug_gcc/unit_tests/oos
6: Test timeout computed to be: 30
6: [==========] Running 21 tests from 1 test suite.
6: [----------] Global test environment set-up.
6: ##### Starting Server For OOS Unit Testing #####
6: will be written at ./test_oos_log
6: [----------] 21 tests from OosBestspaceTest
6: [ RUN      ] OosBestspaceTest.BestspaceReuseAfterDelete
6: [       OK ] OosBestspaceTest.BestspaceReuseAfterDelete (0 ms)
6: [ RUN      ] OosBestspaceTest.BestspaceFullPageAllocsNew
6: [       OK ] OosBestspaceTest.BestspaceFullPageAllocsNew (0 ms)
6: [ RUN      ] OosBestspaceTest.BestspaceMultipleFilesIsolation
6: [       OK ] OosBestspaceTest.BestspaceMultipleFilesIsolation (0 ms)
6: [ RUN      ] OosBestspaceTest.BestspaceManySmallInsertsConsolidate
6: [       OK ] OosBestspaceTest.BestspaceManySmallInsertsConsolidate (1 ms)
6: [ RUN      ] OosBestspaceTest.BestspaceInsertDeleteCycle
6: [       OK ] OosBestspaceTest.BestspaceInsertDeleteCycle (0 ms)
6: [ RUN      ] OosBestspaceTest.BestspaceFindBestPageBasic
6: [       OK ] OosBestspaceTest.BestspaceFindBestPageBasic (0 ms)
6: [ RUN      ] OosBestspaceTest.BestspaceFindBestPageConsecutiveCalls
6: [       OK ] OosBestspaceTest.BestspaceFindBestPageConsecutiveCalls (0 ms)
6: [ RUN      ] OosBestspaceTest.BestspaceDeleteThenFindReclaimsPage
6: [       OK ] OosBestspaceTest.BestspaceDeleteThenFindReclaimsPage (0 ms)
6: [ RUN      ] OosBestspaceTest.BestspaceMultiChunkDeleteReuse
6: [       OK ] OosBestspaceTest.BestspaceMultiChunkDeleteReuse (0 ms)
6: [ RUN      ] OosBestspaceTest.BestspaceCacheCleanedOnFileRemove
6: [       OK ] OosBestspaceTest.BestspaceCacheCleanedOnFileRemove (0 ms)
6: [ RUN      ] OosBestspaceTest.BestspaceBulkInsertDeleteReinsert
6: [       OK ] OosBestspaceTest.BestspaceBulkInsertDeleteReinsert (3 ms)
6: [ RUN      ] OosBestspaceTest.BestspaceArrayOverflowEviction
6: [       OK ] OosBestspaceTest.BestspaceArrayOverflowEviction (7 ms)
6: [ RUN      ] OosBestspaceTest.BestspaceStaleCacheEviction
6: [       OK ] OosBestspaceTest.BestspaceStaleCacheEviction (0 ms)
6: [ RUN      ] OosBestspaceTest.BestspaceHeaderPageNeverReturned
6: [       OK ] OosBestspaceTest.BestspaceHeaderPageNeverReturned (0 ms)
6: [ RUN      ] OosBestspaceTest.BestspaceSyncRefillsCache
6: [       OK ] OosBestspaceTest.BestspaceSyncRefillsCache (0 ms)
6: [ RUN      ] OosBestspaceTest.BestspaceSecondBestRingBuffer
6: [       OK ] OosBestspaceTest.BestspaceSecondBestRingBuffer (0 ms)
6: [ RUN      ] OosBestspaceTest.BestspaceFindPageIdxBadspace
6: [       OK ] OosBestspaceTest.BestspaceFindPageIdxBadspace (0 ms)
6: [ RUN      ] OosBestspaceTest.BestspaceExactMaxChunkBoundary
6: [       OK ] OosBestspaceTest.BestspaceExactMaxChunkBoundary (0 ms)
6: [ RUN      ] OosBestspaceTest.DeleteUpdatesBestspaceCacheDirectly
6: [       OK ] OosBestspaceTest.DeleteUpdatesBestspaceCacheDirectly (0 ms)
6: [ RUN      ] OosBestspaceTest.DeleteMultipleRecordsUpdatesAllPages
6: [       OK ] OosBestspaceTest.DeleteMultipleRecordsUpdatesAllPages (2 ms)
6: [ RUN      ] OosBestspaceTest.DeletePartialChainUpdatesBestspace
6: [       OK ] OosBestspaceTest.DeletePartialChainUpdatesBestspace (1 ms)
6: [----------] 21 tests from OosBestspaceTest (22 ms total)
6: 
6: [----------] Global test environment tear-down
6: ##### Stopping Server For OOS Unit Testing #####
6: [==========] 21 tests from 1 test suite ran. (383 ms total)
6: [  PASSED  ] 21 tests.
 5/27 Test  #6: test_oos_bestspace ...............   Passed    0.41 sec
test 10
      Start 10: test_oos_server

10: Test command: /home/vimkim/gh/cb/CBRD-27398-pgbuf-inspector-contract/build_preset_debug_gcc/bin/test_oos_server
10: Working Directory: /home/vimkim/gh/cb/CBRD-27398-pgbuf-inspector-contract/build_preset_debug_gcc/unit_tests/oos
10: Test timeout computed to be: 60
10: [==========] Running 34 tests from 1 test suite.
10: [----------] Global test environment set-up.
10: ##### Starting SERVER_MODE Server For OOS Vacuum Testing #####
10: SERVER_MODE server booted successfully (tran_index=1)
10: [----------] 34 tests from OosServerTest
10: [ RUN      ] OosServerTest.OosOwnerDescriptorSupportsDiagnosticsAndProtectedIteration
10: [       OK ] OosServerTest.OosOwnerDescriptorSupportsDiagnosticsAndProtectedIteration (7 ms)
10: [ RUN      ] OosServerTest.OosPublicationBeginClearsOidAndLsaTogether
10: [       OK ] OosServerTest.OosPublicationBeginClearsOidAndLsaTogether (0 ms)
10: [ RUN      ] OosServerTest.OosPublicationBeginMissingTdesLeavesBothSidesUntouched
10: [       OK ] OosServerTest.OosPublicationBeginMissingTdesLeavesBothSidesUntouched (3099 ms)
10: [ RUN      ] OosServerTest.OosLogicalPreparationFailureSeesCleanPublicationState
10: [       OK ] OosServerTest.OosLogicalPreparationFailureSeesCleanPublicationState (3133 ms)
10: [ RUN      ] OosServerTest.OosClassLookupFailureSeesCleanPublicationState
10: [       OK ] OosServerTest.OosClassLookupFailureSeesCleanPublicationState (11518 ms)
10: [ RUN      ] OosServerTest.OosVfidLookupFailureSeesCleanPublicationState
10: [       OK ] OosServerTest.OosVfidLookupFailureSeesCleanPublicationState (1619 ms)
10: [ RUN      ] OosServerTest.OosInsertManyPartialPublicationFailureClearsBothSides
10: [       OK ] OosServerTest.OosInsertManyPartialPublicationFailureClearsBothSides (1424 ms)
10: [ RUN      ] OosServerTest.OosInsertManyPublicationAllocationFailureIsConvertedAndCleared
10: [       OK ] OosServerTest.OosInsertManyPublicationAllocationFailureIsConvertedAndCleared (0 ms)
10: [ RUN      ] OosServerTest.OosInsertManyValidationFailureDoesNotClaimPublicationStart
10: [       OK ] OosServerTest.OosInsertManyValidationFailureDoesNotClaimPublicationStart (1412 ms)
10: [ RUN      ] OosServerTest.OosSuccessfulPublicationWithoutReplicationTrackingKeepsOidOnly
10: [       OK ] OosServerTest.OosSuccessfulPublicationWithoutReplicationTrackingKeepsOidOnly (0 ms)
10: [ RUN      ] OosServerTest.OosTrackedSingleChunkBatchKeepsPairedPublication
10: [       OK ] OosServerTest.OosTrackedSingleChunkBatchKeepsPairedPublication (0 ms)
10: [ RUN      ] OosServerTest.OosTrackedMixedBatchPreservesDummyAndHeadPairing
10: [       OK ] OosServerTest.OosTrackedMixedBatchPreservesDummyAndHeadPairing (0 ms)
10: [ RUN      ] OosServerTest.ReplicaOosItemsAccumulateAndFixupConsumesInOrder
10: [       OK ] OosServerTest.ReplicaOosItemsAccumulateAndFixupConsumesInOrder (0 ms)
10: [ RUN      ] OosServerTest.ReplicaFixupRejectsInsufficientOids
10: [       OK ] OosServerTest.ReplicaFixupRejectsInsufficientOids (3330 ms)
10: [ RUN      ] OosServerTest.ReplicaFixupRejectsExtraOids
10: [       OK ] OosServerTest.ReplicaFixupRejectsExtraOids (1690 ms)
10: [ RUN      ] OosServerTest.ReplicaScalarPublicationAllocationFailureInvalidatesAccumulator
10: [       OK ] OosServerTest.ReplicaScalarPublicationAllocationFailureInvalidatesAccumulator (0 ms)
10: [ RUN      ] OosServerTest.OosCreateAndDestroy
10: [       OK ] OosServerTest.OosCreateAndDestroy (0 ms)
10: [ RUN      ] OosServerTest.OosCreateAndCreateAgain
10: [       OK ] OosServerTest.OosCreateAndCreateAgain (0 ms)
10: [ RUN      ] OosServerTest.OosInsertAndRead
10: [       OK ] OosServerTest.OosInsertAndRead (0 ms)
10: [ RUN      ] OosServerTest.OosInsertManyKeepsSinglePageLocalityAndReadManyGroupsHeadPage
10: [       OK ] OosServerTest.OosInsertManyKeepsSinglePageLocalityAndReadManyGroupsHeadPage (0 ms)
10: [ RUN      ] OosServerTest.OosInsertManyReusesOnlyPageThatFitsWholeBatch
10: [       OK ] OosServerTest.OosInsertManyReusesOnlyPageThatFitsWholeBatch (0 ms)
10: [ RUN      ] OosServerTest.OosInsertManyAllocatesFreshPageInsteadOfScatteringBatch
10: [       OK ] OosServerTest.OosInsertManyAllocatesFreshPageInsteadOfScatteringBatch (0 ms)
10: [ RUN      ] OosServerTest.OosInsertManySplitsOversizedSingleChunkRun
10: [       OK ] OosServerTest.OosInsertManySplitsOversizedSingleChunkRun (0 ms)
10: [ RUN      ] OosServerTest.OosInsertManyPreservesMixedSingleAndMultiChunkPublicationOrder
10: [       OK ] OosServerTest.OosInsertManyPreservesMixedSingleAndMultiChunkPublicationOrder (0 ms)
10: [ RUN      ] OosServerTest.OosInsertLargerThanPageSize
10: [       OK ] OosServerTest.OosInsertLargerThanPageSize (0 ms)
10: [ RUN      ] OosServerTest.OosInsertLarge160KBString
10: [       OK ] OosServerTest.OosInsertLarge160KBString (3 ms)
10: [ RUN      ] OosServerTest.OosInsertAndRead100LargeStringsAroundMaxOosChunkSize
10: [       OK ] OosServerTest.OosInsertAndRead100LargeStringsAroundMaxOosChunkSize (30 ms)
10: [ RUN      ] OosServerTest.ShouldInsertIntoSamePage
10: [       OK ] OosServerTest.ShouldInsertIntoSamePage (0 ms)
10: [ RUN      ] OosServerTest.OosGetLengthWithinPage
10: [       OK ] OosServerTest.OosGetLengthWithinPage (0 ms)
10: [ RUN      ] OosServerTest.OosGetLengthAcrossPages
10: [       OK ] OosServerTest.OosGetLengthAcrossPages (2 ms)
10: [ RUN      ] OosServerTest.OosGetLengthAroundMaxChunkSize
10: [       OK ] OosServerTest.OosGetLengthAroundMaxChunkSize (3 ms)
10: [ RUN      ] OosServerTest.OosInlineFormatWriteAndReadBack
10: [       OK ] OosServerTest.OosInlineFormatWriteAndReadBack (0 ms)
10: [ RUN      ] OosServerTest.OosInlineFormatWithRealOosInsert
10: [       OK ] OosServerTest.OosInlineFormatWithRealOosInsert (0 ms)
10: [ RUN      ] OosServerTest.OosInlineLengthMatchesAcrossPages
10: [       OK ] OosServerTest.OosInlineLengthMatchesAcrossPages (4 ms)
10: [----------] 34 tests from OosServerTest (27287 ms total)
10: 
10: [----------] Global test environment tear-down
10: ##### Stopping SERVER_MODE Server #####
10: [==========] 34 tests from 1 test suite ran. (28452 ms total)
10: [  PASSED  ] 34 tests.
 6/27 Test #10: test_oos_server ..................   Passed   29.29 sec
test 11
      Start 11: test_oos_delete_server

11: Test command: /home/vimkim/gh/cb/CBRD-27398-pgbuf-inspector-contract/build_preset_debug_gcc/bin/test_oos_delete_server
11: Working Directory: /home/vimkim/gh/cb/CBRD-27398-pgbuf-inspector-contract/build_preset_debug_gcc/unit_tests/oos
11: Test timeout computed to be: 60
11: [==========] Running 7 tests from 1 test suite.
11: [----------] Global test environment set-up.
11: ##### Starting SERVER_MODE Server For OOS Vacuum Testing #####
11: SERVER_MODE server booted successfully (tran_index=1)
11: [----------] 7 tests from OosDeleteServerTest
11: [ RUN      ] OosDeleteServerTest.OosDeleteBasic
11: [       OK ] OosDeleteServerTest.OosDeleteBasic (0 ms)
11: [ RUN      ] OosDeleteServerTest.OosDeleteThenReadFails
11: [       OK ] OosDeleteServerTest.OosDeleteThenReadFails (5837 ms)
11: [ RUN      ] OosDeleteServerTest.OosDeleteMultiChunk
11: [       OK ] OosDeleteServerTest.OosDeleteMultiChunk (0 ms)
11: [ RUN      ] OosDeleteServerTest.OosUpdatePattern
11: [       OK ] OosDeleteServerTest.OosUpdatePattern (20 ms)
11: [ RUN      ] OosDeleteServerTest.OosDeleteRestoresFreeSpace
11: [       OK ] OosDeleteServerTest.OosDeleteRestoresFreeSpace (0 ms)
11: [ RUN      ] OosDeleteServerTest.OosDeleteLarge160KBMultiChunk
11: [       OK ] OosDeleteServerTest.OosDeleteLarge160KBMultiChunk (21 ms)
11: [ RUN      ] OosDeleteServerTest.OosDeleteSlotBecomesUnknown
11: [       OK ] OosDeleteServerTest.OosDeleteSlotBecomesUnknown (0 ms)
11: [----------] 7 tests from OosDeleteServerTest (5880 ms total)
11: 
11: [----------] Global test environment tear-down
11: ##### Stopping SERVER_MODE Server #####
11: [==========] 7 tests from 1 test suite ran. (6988 ms total)
11: [  PASSED  ] 7 tests.
 7/27 Test #11: test_oos_delete_server ...........   Passed    7.28 sec
test 12
      Start 12: test_oos_remove_file_server

12: Test command: /home/vimkim/gh/cb/CBRD-27398-pgbuf-inspector-contract/build_preset_debug_gcc/bin/test_oos_remove_file_server
12: Working Directory: /home/vimkim/gh/cb/CBRD-27398-pgbuf-inspector-contract/build_preset_debug_gcc/unit_tests/oos
12: Test timeout computed to be: 60
12: [==========] Running 6 tests from 1 test suite.
12: [----------] Global test environment set-up.
12: ##### Starting SERVER_MODE Server For OOS Vacuum Testing #####
12: SERVER_MODE server booted successfully (tran_index=1)
12: [----------] 6 tests from OosFileDestroyServerTest
12: [ RUN      ] OosFileDestroyServerTest.OosFileDestroyBasic
12: [       OK ] OosFileDestroyServerTest.OosFileDestroyBasic (0 ms)
12: [ RUN      ] OosFileDestroyServerTest.OosFileDestroyWithData
12: [       OK ] OosFileDestroyServerTest.OosFileDestroyWithData (0 ms)
12: [ RUN      ] OosFileDestroyServerTest.OosFileDestroyWithMultiChunkData
12: [       OK ] OosFileDestroyServerTest.OosFileDestroyWithMultiChunkData (0 ms)
12: [ RUN      ] OosFileDestroyServerTest.OosFileDestroyCacheCleared
12: [       OK ] OosFileDestroyServerTest.OosFileDestroyCacheCleared (0 ms)
12: [ RUN      ] OosFileDestroyServerTest.OosPageDestroyBasic
12: [       OK ] OosFileDestroyServerTest.OosPageDestroyBasic (0 ms)
12: [ RUN      ] OosFileDestroyServerTest.OosFileDestroyMultipleFiles
12: [       OK ] OosFileDestroyServerTest.OosFileDestroyMultipleFiles (0 ms)
12: [----------] 6 tests from OosFileDestroyServerTest (1 ms total)
12: 
12: [----------] Global test environment tear-down
12: ##### Stopping SERVER_MODE Server #####
12: [==========] 6 tests from 1 test suite ran. (1102 ms total)
12: [  PASSED  ] 6 tests.
 8/27 Test #12: test_oos_remove_file_server ......   Passed    1.28 sec
test 13
      Start 13: test_oos_mock_vacuum_server

13: Test command: /home/vimkim/gh/cb/CBRD-27398-pgbuf-inspector-contract/build_preset_debug_gcc/bin/test_oos_mock_vacuum_server
13: Working Directory: /home/vimkim/gh/cb/CBRD-27398-pgbuf-inspector-contract/build_preset_debug_gcc/unit_tests/oos
13: Test timeout computed to be: 60
13: [==========] Running 6 tests from 1 test suite.
13: [----------] Global test environment set-up.
13: ##### Starting SERVER_MODE Server For OOS Vacuum Testing #####
13: SERVER_MODE server booted successfully (tran_index=1)
13: [----------] 6 tests from OosVacuumServer
13: [ RUN      ] OosVacuumServer.BasicInsertAndDelete
13: [       OK ] OosVacuumServer.BasicInsertAndDelete (5664 ms)
13: [ RUN      ] OosVacuumServer.MultiChunkDelete
13: [       OK ] OosVacuumServer.MultiChunkDelete (20 ms)
13: [ RUN      ] OosVacuumServer.LargeMultiPageDelete
13: [       OK ] OosVacuumServer.LargeMultiPageDelete (22 ms)
13: [ RUN      ] OosVacuumServer.MvccUpdateVacuumPattern
13: [       OK ] OosVacuumServer.MvccUpdateVacuumPattern (18 ms)
13: [ RUN      ] OosVacuumServer.BulkVacuumReclaimAndReuse
13: [       OK ] OosVacuumServer.BulkVacuumReclaimAndReuse (2 ms)
13: [ RUN      ] OosVacuumServer.MultiUpdateChurnVacuum
13: [       OK ] OosVacuumServer.MultiUpdateChurnVacuum (8 ms)
13: [----------] 6 tests from OosVacuumServer (5737 ms total)
13: 
13: [----------] Global test environment tear-down
13: ##### Stopping SERVER_MODE Server #####
13: [==========] 6 tests from 1 test suite ran. (6862 ms total)
13: [  PASSED  ] 6 tests.
 9/27 Test #13: test_oos_mock_vacuum_server ......   Passed    7.29 sec
test 14
      Start 14: test_oos_vacuum_server

14: Test command: /home/vimkim/gh/cb/CBRD-27398-pgbuf-inspector-contract/build_preset_debug_gcc/bin/test_oos_vacuum_server
14: Working Directory: /home/vimkim/gh/cb/CBRD-27398-pgbuf-inspector-contract/build_preset_debug_gcc/unit_tests/oos
14: Test timeout computed to be: 60
14: [==========] Running 9 tests from 1 test suite.
14: [----------] Global test environment set-up.
14: ##### Starting SERVER_MODE Server For OOS Vacuum Testing #####
14: SERVER_MODE server booted successfully (tran_index=1)
14: [----------] 9 tests from OosVacuumCodePathServer
14: [ RUN      ] OosVacuumCodePathServer.HeapRecdesContainsOos
14: [       OK ] OosVacuumCodePathServer.HeapRecdesContainsOos (0 ms)
14: [ RUN      ] OosVacuumCodePathServer.HeapRecdesGetOosOidsSingle
14: [       OK ] OosVacuumCodePathServer.HeapRecdesGetOosOidsSingle (0 ms)
14: [ RUN      ] OosVacuumCodePathServer.HeapRecdesGetOosOidsMultiple
14: [       OK ] OosVacuumCodePathServer.HeapRecdesGetOosOidsMultiple (0 ms)
14: [ RUN      ] OosVacuumCodePathServer.VacuumHeapOosDeleteSingle
14: [       OK ] OosVacuumCodePathServer.VacuumHeapOosDeleteSingle (5483 ms)
14: [ RUN      ] OosVacuumCodePathServer.VacuumHeapOosDeleteMultipleColumns
14: [       OK ] OosVacuumCodePathServer.VacuumHeapOosDeleteMultipleColumns (32 ms)
14: [ RUN      ] OosVacuumCodePathServer.VacuumHeapOosDeleteMultiChunk
14: [       OK ] OosVacuumCodePathServer.VacuumHeapOosDeleteMultiChunk (19 ms)
14: [ RUN      ] OosVacuumCodePathServer.VacuumHeapOosDeleteLarge160KB
14: [       OK ] OosVacuumCodePathServer.VacuumHeapOosDeleteLarge160KB (24 ms)
14: [ RUN      ] OosVacuumCodePathServer.MultiUpdateVacuumReclaimFreeSpace
14: [       OK ] OosVacuumCodePathServer.MultiUpdateVacuumReclaimFreeSpace (174 ms)
14: [ RUN      ] OosVacuumCodePathServer.BulkVacuumReclaimAndReuse
14: [       OK ] OosVacuumCodePathServer.BulkVacuumReclaimAndReuse (72 ms)
14: [----------] 9 tests from OosVacuumCodePathServer (5808 ms total)
14: 
14: [----------] Global test environment tear-down
14: ##### Stopping SERVER_MODE Server #####
14: [==========] 9 tests from 1 test suite ran. (6924 ms total)
14: [  PASSED  ] 9 tests.
10/27 Test #14: test_oos_vacuum_server ...........   Passed    7.27 sec
test 15
      Start 15: test_oos_real_vacuum_server

15: Test command: /home/vimkim/gh/cb/CBRD-27398-pgbuf-inspector-contract/build_preset_debug_gcc/bin/test_oos_real_vacuum_server
15: Working Directory: /home/vimkim/gh/cb/CBRD-27398-pgbuf-inspector-contract/build_preset_debug_gcc/unit_tests/oos
15: Test timeout computed to be: 120
15: [==========] Running 10 tests from 1 test suite.
15: [----------] Global test environment set-up.
15: ##### Starting SERVER_MODE Server For OOS Vacuum Testing #####
15: SERVER_MODE server booted successfully (tran_index=1)
15: [----------] 10 tests from OosRealVacuum
15: [ RUN      ] OosRealVacuum.SingleRowDeleteDrainsCompletely
15: [       OK ] OosRealVacuum.SingleRowDeleteDrainsCompletely (5565 ms)
15: [ RUN      ] OosRealVacuum.MultiChunkChainsDrainCompletely
15: [       OK ] OosRealVacuum.MultiChunkChainsDrainCompletely (164 ms)
15: [ RUN      ] OosRealVacuum.UpdateStaleVersionDrainsNewSurvives
15: [       OK ] OosRealVacuum.UpdateStaleVersionDrainsNewSurvives (72 ms)
15: [ RUN      ] OosRealVacuum.SnapshotBlocksReclaimThenDrains
15: [       OK ] OosRealVacuum.SnapshotBlocksReclaimThenDrains (3187 ms)
15: [ RUN      ] OosRealVacuum.TwoReadersOldestSnapshotGatesReclaim
15: [       OK ] OosRealVacuum.TwoReadersOldestSnapshotGatesReclaim (3181 ms)
15: [ RUN      ] OosRealVacuum.UpdateSnapshotBlocksOldVersionReclaim
15: [       OK ] OosRealVacuum.UpdateSnapshotBlocksOldVersionReclaim (3348 ms)
15: [ RUN      ] OosRealVacuum.LiveRowNeverReclaimed
15: [       OK ] OosRealVacuum.LiveRowNeverReclaimed (3158 ms)
15: [ RUN      ] OosRealVacuum.MultiVersionForwardChainDrains
15: [       OK ] OosRealVacuum.MultiVersionForwardChainDrains (228 ms)
15: [ RUN      ] OosRealVacuum.ChunkBoundaryExactSizes
15: [       OK ] OosRealVacuum.ChunkBoundaryExactSizes (173 ms)
15: [ RUN      ] OosRealVacuum.ReVacuumAfterDrainIsIdempotent
15: [       OK ] OosRealVacuum.ReVacuumAfterDrainIsIdempotent (1110 ms)
15: [----------] 10 tests from OosRealVacuum (20192 ms total)
15: 
15: [----------] Global test environment tear-down
15: ##### Stopping SERVER_MODE Server #####
15: [==========] 10 tests from 1 test suite ran. (21340 ms total)
15: [  PASSED  ] 10 tests.
11/27 Test #15: test_oos_real_vacuum_server ......   Passed   22.28 sec
test 16
      Start 16: test_oos_sql_crud

16: Test command: /home/vimkim/gh/cb/CBRD-27398-pgbuf-inspector-contract/build_preset_debug_gcc/bin/test_oos_sql_crud
16: Working Directory: /home/vimkim/gh/cb/CBRD-27398-pgbuf-inspector-contract/build_preset_debug_gcc/unit_tests/oos/sql
16: Test timeout computed to be: 30
16: [==========] Running 8 tests from 1 test suite.
16: [----------] Global test environment set-up.
16: ##### Starting Server For OOS SQL Testing #####
16: will be written at ./test_oos_sql_log
16: [----------] 8 tests from OosSqlCrud
16: [ RUN      ] OosSqlCrud.BasicInsertSelect
16: [       OK ] OosSqlCrud.BasicInsertSelect (50 ms)
16: [ RUN      ] OosSqlCrud.SmallRecordNoOos
16: [       OK ] OosSqlCrud.SmallRecordNoOos (9 ms)
16: [ RUN      ] OosSqlCrud.MultipleOosColumns
16: [       OK ] OosSqlCrud.MultipleOosColumns (11 ms)
16: [ RUN      ] OosSqlCrud.Cbrd27006MultiOosColumnSelectsAndUpdate
16: [       OK ] OosSqlCrud.Cbrd27006MultiOosColumnSelectsAndUpdate (12 ms)
16: [ RUN      ] OosSqlCrud.Cbrd27006MixedSingleChunkAndMultiChunkRow
16: [       OK ] OosSqlCrud.Cbrd27006MixedSingleChunkAndMultiChunkRow (10 ms)
16: [ RUN      ] OosSqlCrud.Cbrd27006ReadDispatchBatchesOnlyMultiOosProjections
16: [       OK ] OosSqlCrud.Cbrd27006ReadDispatchBatchesOnlyMultiOosProjections (12 ms)
16: [ RUN      ] OosSqlCrud.MultiChunkOos
16: [       OK ] OosSqlCrud.MultiChunkOos (10 ms)
16: [ RUN      ] OosSqlCrud.MixedChunkSizes
16: [       OK ] OosSqlCrud.MixedChunkSizes (10 ms)
16: [----------] 8 tests from OosSqlCrud (127 ms total)
16: 
16: [----------] Global test environment tear-down
16: ##### Stopping Server For OOS SQL Testing #####
16: [==========] 8 tests from 1 test suite ran. (433 ms total)
16: [  PASSED  ] 8 tests.
12/27 Test #16: test_oos_sql_crud ................   Passed    0.45 sec
test 17
      Start 17: test_oos_sql_ddl

17: Test command: /home/vimkim/gh/cb/CBRD-27398-pgbuf-inspector-contract/build_preset_debug_gcc/bin/test_oos_sql_ddl
17: Working Directory: /home/vimkim/gh/cb/CBRD-27398-pgbuf-inspector-contract/build_preset_debug_gcc/unit_tests/oos/sql
17: Test timeout computed to be: 30
17: [==========] Running 5 tests from 1 test suite.
17: [----------] Global test environment set-up.
17: ##### Starting Server For OOS SQL Testing #####
17: will be written at ./test_oos_sql_log
17: [----------] 5 tests from OosSqlDdl
17: [ RUN      ] OosSqlDdl.AlterAddColumn
17: [       OK ] OosSqlDdl.AlterAddColumn (50 ms)
17: [ RUN      ] OosSqlDdl.AlterDropOosColumn
17: [       OK ] OosSqlDdl.AlterDropOosColumn (10 ms)
17: [ RUN      ] OosSqlDdl.CreateTableAsSelect
17: [       OK ] OosSqlDdl.CreateTableAsSelect (16 ms)
17: [ RUN      ] OosSqlDdl.DropAndRecreateSameName
17: [       OK ] OosSqlDdl.DropAndRecreateSameName (17 ms)
17: [ RUN      ] OosSqlDdl.DropCreateCycles
17: [       OK ] OosSqlDdl.DropCreateCycles (24 ms)
17: [----------] 5 tests from OosSqlDdl (120 ms total)
17: 
17: [----------] Global test environment tear-down
17: ##### Stopping Server For OOS SQL Testing #####
17: [==========] 5 tests from 1 test suite ran. (431 ms total)
17: [  PASSED  ] 5 tests.
13/27 Test #17: test_oos_sql_ddl .................   Passed    0.45 sec
test 18
      Start 18: test_oos_sql_delete

18: Test command: /home/vimkim/gh/cb/CBRD-27398-pgbuf-inspector-contract/build_preset_debug_gcc/bin/test_oos_sql_delete
18: Working Directory: /home/vimkim/gh/cb/CBRD-27398-pgbuf-inspector-contract/build_preset_debug_gcc/unit_tests/oos/sql
18: Test timeout computed to be: 30
18: [==========] Running 8 tests from 1 test suite.
18: [----------] Global test environment set-up.
18: ##### Starting Server For OOS SQL Testing #####
18: will be written at ./test_oos_sql_log
18: [----------] 8 tests from OosSqlDelete
18: [ RUN      ] OosSqlDelete.DeleteSingleChunk
18: [       OK ] OosSqlDelete.DeleteSingleChunk (50 ms)
18: [ RUN      ] OosSqlDelete.DeleteMultiChunk
18: [       OK ] OosSqlDelete.DeleteMultiChunk (9 ms)
18: [ RUN      ] OosSqlDelete.DeleteLarge160KB
18: [       OK ] OosSqlDelete.DeleteLarge160KB (12 ms)
18: [ RUN      ] OosSqlDelete.DeleteSelectiveRowsIntact
18: [       OK ] OosSqlDelete.DeleteSelectiveRowsIntact (11 ms)
18: [ RUN      ] OosSqlDelete.DeleteAndReinsert
18: [       OK ] OosSqlDelete.DeleteAndReinsert (11 ms)
18: [ RUN      ] OosSqlDelete.DeleteMixedColumns
18: [       OK ] OosSqlDelete.DeleteMixedColumns (12 ms)
18: [ RUN      ] OosSqlDelete.UpdateOosColumn
18: [       OK ] OosSqlDelete.UpdateOosColumn (9 ms)
18: [ RUN      ] OosSqlDelete.DeleteAndReinsertMultiChunk
18: [       OK ] OosSqlDelete.DeleteAndReinsertMultiChunk (12 ms)
18: [----------] 8 tests from OosSqlDelete (129 ms total)
18: 
18: [----------] Global test environment tear-down
18: ##### Stopping Server For OOS SQL Testing #####
18: [==========] 8 tests from 1 test suite ran. (431 ms total)
18: [  PASSED  ] 8 tests.
14/27 Test #18: test_oos_sql_delete ..............   Passed    0.45 sec
test 19
      Start 19: test_oos_sql_boundary

19: Test command: /home/vimkim/gh/cb/CBRD-27398-pgbuf-inspector-contract/build_preset_debug_gcc/bin/test_oos_sql_boundary
19: Working Directory: /home/vimkim/gh/cb/CBRD-27398-pgbuf-inspector-contract/build_preset_debug_gcc/unit_tests/oos/sql
19: Test timeout computed to be: 30
19: [==========] Running 8 tests from 1 test suite.
19: [----------] Global test environment set-up.
19: ##### Starting Server For OOS SQL Testing #####
19: will be written at ./test_oos_sql_log
19: [----------] 8 tests from OosSqlBoundary
19: [ RUN      ] OosSqlBoundary.NullOosColumn
19: [       OK ] OosSqlBoundary.NullOosColumn (53 ms)
19: [ RUN      ] OosSqlBoundary.DropTableWithOos
19: [       OK ] OosSqlBoundary.DropTableWithOos (11 ms)
19: [ RUN      ] OosSqlBoundary.DropAndRecreateOosFile
19: [       OK ] OosSqlBoundary.DropAndRecreateOosFile (15 ms)
19: [ RUN      ] OosSqlBoundary.IndexScanWithOos
19: [       OK ] OosSqlBoundary.IndexScanWithOos (12 ms)
19: [ RUN      ] OosSqlBoundary.MvccHeaderWithOos
19: [       OK ] OosSqlBoundary.MvccHeaderWithOos (11 ms)
19: [ RUN      ] OosSqlBoundary.CopyReadPath
19: [       OK ] OosSqlBoundary.CopyReadPath (14 ms)
19: [ RUN      ] OosSqlBoundary.InsertSelect
19: [       OK ] OosSqlBoundary.InsertSelect (17 ms)
19: [ RUN      ] OosSqlBoundary.MidSizeColumnsEligibleForOos
19: [       OK ] OosSqlBoundary.MidSizeColumnsEligibleForOos (16 ms)
19: [----------] 8 tests from OosSqlBoundary (153 ms total)
19: 
19: [----------] Global test environment tear-down
19: ##### Stopping Server For OOS SQL Testing #####
19: [==========] 8 tests from 1 test suite ran. (456 ms total)
19: [  PASSED  ] 8 tests.
15/27 Test #19: test_oos_sql_boundary ............   Passed    0.48 sec
test 20
      Start 20: test_oos_sql_update_delete

20: Test command: /home/vimkim/gh/cb/CBRD-27398-pgbuf-inspector-contract/build_preset_debug_gcc/bin/test_oos_sql_update_delete
20: Working Directory: /home/vimkim/gh/cb/CBRD-27398-pgbuf-inspector-contract/build_preset_debug_gcc/unit_tests/oos/sql
20: Test timeout computed to be: 30
20: [==========] Running 7 tests from 1 test suite.
20: [----------] Global test environment set-up.
20: ##### Starting Server For OOS SQL Testing #####
20: will be written at ./test_oos_sql_log
20: [----------] 7 tests from OosSqlUpdateDelete
20: [ RUN      ] OosSqlUpdateDelete.UpdateOosValue
20: [       OK ] OosSqlUpdateDelete.UpdateOosValue (57 ms)
20: [ RUN      ] OosSqlUpdateDelete.UpdateNonOosColumn
20: [       OK ] OosSqlUpdateDelete.UpdateNonOosColumn (11 ms)
20: [ RUN      ] OosSqlUpdateDelete.RepeatedUpdates
20: [       OK ] OosSqlUpdateDelete.RepeatedUpdates (20 ms)
20: [ RUN      ] OosSqlUpdateDelete.SizeChangeChunkTransition
20: [       OK ] OosSqlUpdateDelete.SizeChangeChunkTransition (13 ms)
20: [ RUN      ] OosSqlUpdateDelete.DeleteOosRows
20: [       OK ] OosSqlUpdateDelete.DeleteOosRows (12 ms)
20: [ RUN      ] OosSqlUpdateDelete.TruncateAndReinsert
20: [       OK ] OosSqlUpdateDelete.TruncateAndReinsert (17 ms)
20: [ RUN      ] OosSqlUpdateDelete.UpdateMultiChunk
20: [       OK ] OosSqlUpdateDelete.UpdateMultiChunk (12 ms)
20: [----------] 7 tests from OosSqlUpdateDelete (145 ms total)
20: 
20: [----------] Global test environment tear-down
20: ##### Stopping Server For OOS SQL Testing #####
20: [==========] 7 tests from 1 test suite ran. (450 ms total)
20: [  PASSED  ] 7 tests.
16/27 Test #20: test_oos_sql_update_delete .......   Passed    0.47 sec
test 21
      Start 21: test_oos_sql_txn

21: Test command: /home/vimkim/gh/cb/CBRD-27398-pgbuf-inspector-contract/build_preset_debug_gcc/bin/test_oos_sql_txn
21: Working Directory: /home/vimkim/gh/cb/CBRD-27398-pgbuf-inspector-contract/build_preset_debug_gcc/unit_tests/oos/sql
21: Test timeout computed to be: 30
21: [==========] Running 8 tests from 1 test suite.
21: [----------] Global test environment set-up.
21: ##### Starting Server For OOS SQL Testing #####
21: will be written at ./test_oos_sql_log
21: [----------] 8 tests from OosSqlTxn
21: [ RUN      ] OosSqlTxn.RollbackInsert
21: [       OK ] OosSqlTxn.RollbackInsert (51 ms)
21: [ RUN      ] OosSqlTxn.RollbackUpdate
21: [       OK ] OosSqlTxn.RollbackUpdate (10 ms)
21: [ RUN      ] OosSqlTxn.CommittedDataPersists
21: [       OK ] OosSqlTxn.CommittedDataPersists (10 ms)
21: [ RUN      ] OosSqlTxn.RollbackMultiChunk
21: [       OK ] OosSqlTxn.RollbackMultiChunk (10 ms)
21: [ RUN      ] OosSqlTxn.ComboThenCommit
21: [       OK ] OosSqlTxn.ComboThenCommit (11 ms)
21: [ RUN      ] OosSqlTxn.RollbackDelete
21: [       OK ] OosSqlTxn.RollbackDelete (10 ms)
21: [ RUN      ] OosSqlTxn.DeleteCommit
21: [       OK ] OosSqlTxn.DeleteCommit (9 ms)
21: [ RUN      ] OosSqlTxn.DeleteRollback
21: [       OK ] OosSqlTxn.DeleteRollback (9 ms)
21: [----------] 8 tests from OosSqlTxn (124 ms total)
21: 
21: [----------] Global test environment tear-down
21: ##### Stopping Server For OOS SQL Testing #####
21: [==========] 8 tests from 1 test suite ran. (429 ms total)
21: [  PASSED  ] 8 tests.
17/27 Test #21: test_oos_sql_txn .................   Passed    0.45 sec
test 22
      Start 22: test_oos_sql_bigone

22: Test command: /home/vimkim/gh/cb/CBRD-27398-pgbuf-inspector-contract/build_preset_debug_gcc/bin/test_oos_sql_bigone
22: Working Directory: /home/vimkim/gh/cb/CBRD-27398-pgbuf-inspector-contract/build_preset_debug_gcc/unit_tests/oos/sql
22: Test timeout computed to be: 30
22: [==========] Running 4 tests from 1 test suite.
22: [----------] Global test environment set-up.
22: ##### Starting Server For OOS SQL Testing #####
22: will be written at ./test_oos_sql_log
22: [----------] 4 tests from OosSqlBigone
22: [ RUN      ] OosSqlBigone.OosColumnWithBigoneRejected
22: [       OK ] OosSqlBigone.OosColumnWithBigoneRejected (51 ms)
22: [ RUN      ] OosSqlBigone.BigoneWithoutOosColumnSucceeds
22: [       OK ] OosSqlBigone.BigoneWithoutOosColumnSucceeds (6 ms)
22: [ RUN      ] OosSqlBigone.OosColumnInlineBetween4kAnd16kSucceeds
22: [       OK ] OosSqlBigone.OosColumnInlineBetween4kAnd16kSucceeds (7 ms)
22: [ RUN      ] OosSqlBigone.UpdateIntoOosBigoneRejected
22: [       OK ] OosSqlBigone.UpdateIntoOosBigoneRejected (8 ms)
22: [----------] 4 tests from OosSqlBigone (73 ms total)
22: 
22: [----------] Global test environment tear-down
22: ##### Stopping Server For OOS SQL Testing #####
22: [==========] 4 tests from 1 test suite ran. (378 ms total)
22: [  PASSED  ] 4 tests.
18/27 Test #22: test_oos_sql_bigone ..............   Passed    0.40 sec
test 23
      Start 23: test_oos_sql_eager_cleanup

23: Test command: /home/vimkim/gh/cb/CBRD-27398-pgbuf-inspector-contract/build_preset_debug_gcc/bin/test_oos_sql_eager_cleanup
23: Working Directory: /home/vimkim/gh/cb/CBRD-27398-pgbuf-inspector-contract/build_preset_debug_gcc/unit_tests/oos/sql
23: Test timeout computed to be: 30
23: [==========] Running 12 tests from 1 test suite.
23: [----------] Global test environment set-up.
23: ##### Starting Server For OOS SQL Testing #####
23: will be written at ./test_oos_sql_log
23: [----------] 12 tests from OosEagerCleanup
23: [ RUN      ] OosEagerCleanup.SingleUpdateCleansOldOos
23: [       OK ] OosEagerCleanup.SingleUpdateCleansOldOos (58 ms)
23: [ RUN      ] OosEagerCleanup.MultipleUpdatesPagesBounded
23: [       OK ] OosEagerCleanup.MultipleUpdatesPagesBounded (24 ms)
23: [ RUN      ] OosEagerCleanup.MultiOosColumnUpdateCleanup
23: [       OK ] OosEagerCleanup.MultiOosColumnUpdateCleanup (25 ms)
23: [ RUN      ] OosEagerCleanup.UpdateChurnStress
23: [       OK ] OosEagerCleanup.UpdateChurnStress (80 ms)
23: [ RUN      ] OosEagerCleanup.StepByStepLifecycleWithPageCounts
23: [Step 1] After INSERT 10 rows:  5 OOS pages
23: [Step 2] After UPDATE round 1: 5 OOS pages (should stay ~5)
23: [Step 2] After UPDATE round 2: 5 OOS pages (should stay ~5)
23: [Step 2] After UPDATE round 3: 5 OOS pages (should stay ~5)
23: [       OK ] OosEagerCleanup.StepByStepLifecycleWithPageCounts (35 ms)
23: [ RUN      ] OosEagerCleanup.UpdateVaryingOosSizes
23: [       OK ] OosEagerCleanup.UpdateVaryingOosSizes (16 ms)
23: [ RUN      ] OosEagerCleanup.MixedColumnsUpdateOnlyOos
23: [       OK ] OosEagerCleanup.MixedColumnsUpdateOnlyOos (15 ms)
23: [ RUN      ] OosEagerCleanup.SingleDeleteCleansOos
23: [       OK ] OosEagerCleanup.SingleDeleteCleansOos (12 ms)
23: [ RUN      ] OosEagerCleanup.InsertDeleteChurnPagesBounded
23: [       OK ] OosEagerCleanup.InsertDeleteChurnPagesBounded (40 ms)
23: [ RUN      ] OosEagerCleanup.MultiChunkDeleteCleansAllChunks
23: [       OK ] OosEagerCleanup.MultiChunkDeleteCleansAllChunks (25 ms)
23: [ RUN      ] OosEagerCleanup.MultiOosColumnDeleteCleanup
23: [       OK ] OosEagerCleanup.MultiOosColumnDeleteCleanup (27 ms)
23: [ RUN      ] OosEagerCleanup.MixedFillerDeleteChurnPagesBounded
23: [       OK ] OosEagerCleanup.MixedFillerDeleteChurnPagesBounded (35 ms)
23: [----------] 12 tests from OosEagerCleanup (396 ms total)
23: 
23: [----------] Global test environment tear-down
23: ##### Stopping Server For OOS SQL Testing #####
23: [==========] 12 tests from 1 test suite ran. (710 ms total)
23: [  PASSED  ] 12 tests.
19/27 Test #23: test_oos_sql_eager_cleanup .......   Passed    0.73 sec
test 24
      Start 24: test_oos_sql_storage

24: Test command: /home/vimkim/gh/cb/CBRD-27398-pgbuf-inspector-contract/build_preset_debug_gcc/bin/test_oos_sql_storage
24: Working Directory: /home/vimkim/gh/cb/CBRD-27398-pgbuf-inspector-contract/build_preset_debug_gcc/unit_tests/oos/sql
24: Test timeout computed to be: 30
24: [==========] Running 15 tests from 1 test suite.
24: [----------] Global test environment set-up.
24: ##### Starting Server For OOS SQL Testing #####
24: will be written at ./test_oos_sql_log
24: [----------] 15 tests from OosSqlStorage
24: [ RUN      ] OosSqlStorage.CreateTablePersistsPreferInline
24: [       OK ] OosSqlStorage.CreateTablePersistsPreferInline (57 ms)
24: [ RUN      ] OosSqlStorage.CreateTablePersistsForceOutline
24: [       OK ] OosSqlStorage.CreateTablePersistsForceOutline (7 ms)
24: [ RUN      ] OosSqlStorage.DefaultColumnHasNoStorageClause
24: [       OK ] OosSqlStorage.DefaultColumnHasNoStorageClause (7 ms)
24: [ RUN      ] OosSqlStorage.ExplicitDefaultStorageClausesActAsDefault
24: [       OK ] OosSqlStorage.ExplicitDefaultStorageClausesActAsDefault (7 ms)
24: [ RUN      ] OosSqlStorage.CreateTableLikeCopiesPreferInline
24: [       OK ] OosSqlStorage.CreateTableLikeCopiesPreferInline (13 ms)
24: [ RUN      ] OosSqlStorage.CreateTableLikeCopiesForceOutline
24: [       OK ] OosSqlStorage.CreateTableLikeCopiesForceOutline (13 ms)
24: [ RUN      ] OosSqlStorage.SharedAttributeRejectsPreferInline
24: [       OK ] OosSqlStorage.SharedAttributeRejectsPreferInline (0 ms)
24: [ RUN      ] OosSqlStorage.ForceOutlineRejectsUnsupportedAttributes
24: [       OK ] OosSqlStorage.ForceOutlineRejectsUnsupportedAttributes (8 ms)
24: [ RUN      ] OosSqlStorage.AlterModifyAddsAndDropsPreferInline
24: [       OK ] OosSqlStorage.AlterModifyAddsAndDropsPreferInline (13 ms)
24: [ RUN      ] OosSqlStorage.AlterModifyPreservesAndTransitionsForceOutline
24: [       OK ] OosSqlStorage.AlterModifyPreservesAndTransitionsForceOutline (16 ms)
24: [ RUN      ] OosSqlStorage.AlterModifyDropsForceOutlineForFixedType
24: [       OK ] OosSqlStorage.AlterModifyDropsForceOutlineForFixedType (7 ms)
24: [ RUN      ] OosSqlStorage.ForceOutlineBypassesRecordGateOnlyAboveInlineStubSize
24: [       OK ] OosSqlStorage.ForceOutlineBypassesRecordGateOnlyAboveInlineStubSize (10 ms)
24: [ RUN      ] OosSqlStorage.AlterForceOutlineAppliesOnlyAfterRewrite
24: [       OK ] OosSqlStorage.AlterForceOutlineAppliesOnlyAfterRewrite (12 ms)
24: [ RUN      ] OosSqlStorage.ForceOutlineRemainsNonReservedIdentifier
24: [       OK ] OosSqlStorage.ForceOutlineRemainsNonReservedIdentifier (5 ms)
24: [ RUN      ] OosSqlStorage.PreferInlineColumnRoundTripsLargeValue
24: [       OK ] OosSqlStorage.PreferInlineColumnRoundTripsLargeValue (9 ms)
24: [----------] 15 tests from OosSqlStorage (193 ms total)
24: 
24: [----------] Global test environment tear-down
24: ##### Stopping Server For OOS SQL Testing #####
24: [==========] 15 tests from 1 test suite ran. (505 ms total)
24: [  PASSED  ] 15 tests.
20/27 Test #24: test_oos_sql_storage .............   Passed    0.53 sec
test 25
      Start 25: test_oos_sql_show

25: Test command: /home/vimkim/gh/cb/CBRD-27398-pgbuf-inspector-contract/build_preset_debug_gcc/bin/test_oos_sql_show
25: Working Directory: /home/vimkim/gh/cb/CBRD-27398-pgbuf-inspector-contract/build_preset_debug_gcc/unit_tests/oos/sql
25: Test timeout computed to be: 30
25: [==========] Running 4 tests from 1 test suite.
25: [----------] Global test environment set-up.
25: ##### Starting Server For OOS SQL Testing #####
25: will be written at ./test_oos_sql_log
25: [----------] 4 tests from OosSqlShow
25: [ RUN      ] OosSqlShow.HeapWithoutOosReportsZeroStats
25: [       OK ] OosSqlShow.HeapWithoutOosReportsZeroStats (60 ms)
25: [ RUN      ] OosSqlShow.HeapWithOosReportsPositiveStats
25: [       OK ] OosSqlShow.HeapWithOosReportsPositiveStats (8 ms)
25: [ RUN      ] OosSqlShow.ShowAllHeapOosRunsForNonPartitionedClass
25: [       OK ] OosSqlShow.ShowAllHeapOosRunsForNonPartitionedClass (8 ms)
25: [ RUN      ] OosSqlShow.ShowAllHeapOosReportsPartitionRows
25: [       OK ] OosSqlShow.ShowAllHeapOosReportsPartitionRows (20 ms)
25: [----------] 4 tests from OosSqlShow (97 ms total)
25: 
25: [----------] Global test environment tear-down
25: ##### Stopping Server For OOS SQL Testing #####
25: [==========] 4 tests from 1 test suite ran. (401 ms total)
25: [  PASSED  ] 4 tests.
21/27 Test #25: test_oos_sql_show ................   Passed    0.42 sec
test 26
      Start 26: test_oos_sql_visible_version

26: Test command: /home/vimkim/gh/cb/CBRD-27398-pgbuf-inspector-contract/build_preset_debug_gcc/bin/test_oos_sql_visible_version
26: Working Directory: /home/vimkim/gh/cb/CBRD-27398-pgbuf-inspector-contract/build_preset_debug_gcc/unit_tests/oos/sql
26: Test timeout computed to be: 30
26: [==========] Running 2 tests from 1 test suite.
26: [----------] Global test environment set-up.
26: ##### Starting Server For OOS SQL Testing #####
26: will be written at ./test_oos_sql_log
26: [----------] 2 tests from OosSqlVisibleVersion
26: [ RUN      ] OosSqlVisibleVersion.ScanrangeNextFirstObjectFetchDoesNotExpandWholeRecord
26: [       OK ] OosSqlVisibleVersion.ScanrangeNextFirstObjectFetchDoesNotExpandWholeRecord (64 ms)
26: [ RUN      ] OosSqlVisibleVersion.LargeOldRecordUpdateDoesNotExpandWholeRecord
26: [       OK ] OosSqlVisibleVersion.LargeOldRecordUpdateDoesNotExpandWholeRecord (18 ms)
26: [----------] 2 tests from OosSqlVisibleVersion (83 ms total)
26: 
26: [----------] Global test environment tear-down
26: ##### Stopping Server For OOS SQL Testing #####
26: [==========] 2 tests from 1 test suite ran. (400 ms total)
26: [  PASSED  ] 2 tests.
22/27 Test #26: test_oos_sql_visible_version .....   Passed    0.42 sec
test 2
      Start  2: oos_cleanup_db

2: Test command: /usr/bin/cmake "-E" "env" "CUBRID=/home/vimkim/.cub/install/CBRD-27398-pgbuf-inspector-contract/debug_gcc" "CUBRID_DATABASES=/home/vimkim/.cub/db/CBRD-27398-pgbuf-inspector-contract/commondb" "PATH=/home/vimkim/gh/cb/CBRD-27398-pgbuf-inspector-contract/build_preset_debug_gcc/vm/jdk8/bin:/home/vimkim/gh/ctp/run-sql/CTP/bin:/home/vimkim/gh/ctp/run-sql/CTP/common/script:/home/vimkim/.local/opt/bison-3.0.5/bin:/home/vimkim/.cub/install/CBRD-27398-pgbuf-inspector-contract/debug_gcc/bin:/home/vimkim/.cargo/bin:/home/vimkim/.local/share/mise/shims:/home/vimkim/.cargo/bin/:/opt/bison-3.0.5/bin/:/home/vimkim/.local/bin/:/home/vimkim/mybin/:/home/vimkim/my-cubrid/bin/:/home/vimkim/.config/my-scripts/bin/:/home/linuxbrew/.linuxbrew/bin:/home/vimkim/.nix-profile/bin/:/nix/var/nix/profiles/default/bin/:/usr/local/bin:/usr/bin:/usr/local/sbin:/usr/sbin" "bash" "/home/vimkim/gh/cb/CBRD-27398-pgbuf-inspector-contract/unit_tests/oos/scripts/cleanup_unittestdb.sh"
2: Working Directory: /home/vimkim/gh/cb/CBRD-27398-pgbuf-inspector-contract/build_preset_debug_gcc/unit_tests/oos
2: Test timeout computed to be: 30
2: @ cubrid server stop: unittestdb
2: ++ cubrid server 'unittestdb' is not running.
23/27 Test  #2: oos_cleanup_db ...................   Passed    0.49 sec
test 7
      Start  7: test_oos_record_flags

7: Test command: /home/vimkim/gh/cb/CBRD-27398-pgbuf-inspector-contract/build_preset_debug_gcc/bin/test_oos_record_flags
7: Working Directory: /home/vimkim/gh/cb/CBRD-27398-pgbuf-inspector-contract/build_preset_debug_gcc/unit_tests/oos
7: Test timeout computed to be: 10000000
7: [==========] Running 1 test from 1 test suite.
7: [----------] Global test environment set-up.
7: [----------] 1 test from OosRecordFlags
7: [ RUN      ] OosRecordFlags.OosFlagIsSeparateFromMvccFlags
7: [       OK ] OosRecordFlags.OosFlagIsSeparateFromMvccFlags (0 ms)
7: [----------] 1 test from OosRecordFlags (0 ms total)
7: 
7: [----------] Global test environment tear-down
7: [==========] 1 test from 1 test suite ran. (0 ms total)
7: [  PASSED  ] 1 test.
24/27 Test  #7: test_oos_record_flags ............   Passed    0.02 sec
test 8
      Start  8: test_byte_span_writer

8: Test command: /home/vimkim/gh/cb/CBRD-27398-pgbuf-inspector-contract/build_preset_debug_gcc/bin/test_byte_span_writer
8: Working Directory: /home/vimkim/gh/cb/CBRD-27398-pgbuf-inspector-contract/build_preset_debug_gcc/unit_tests/oos
8: Test timeout computed to be: 10000000
8: [==========] Running 7 tests from 1 test suite.
8: [----------] Global test environment set-up.
8: [----------] 7 tests from ByteSpanWriter
8: [ RUN      ] ByteSpanWriter.EmptyState
8: [       OK ] ByteSpanWriter.EmptyState (0 ms)
8: [ RUN      ] ByteSpanWriter.AppendWithinCapacityAdvancesCursorAndCopies
8: [       OK ] ByteSpanWriter.AppendWithinCapacityAdvancesCursorAndCopies (0 ms)
8: [ RUN      ] ByteSpanWriter.AppendOverflowFailsAndDoesNotWrite
8: [       OK ] ByteSpanWriter.AppendOverflowFailsAndDoesNotWrite (0 ms)
8: [ RUN      ] ByteSpanWriter.RecoveryAfterFailedAppend
8: [       OK ] ByteSpanWriter.RecoveryAfterFailedAppend (0 ms)
8: [ RUN      ] ByteSpanWriter.FullWriterRejectsNonZeroAppendButAcceptsZero
8: [       OK ] ByteSpanWriter.FullWriterRejectsNonZeroAppendButAcceptsZero (0 ms)
8: [ RUN      ] ByteSpanWriter.ZeroCapacitySpanIsImmediatelyFull
8: [       OK ] ByteSpanWriter.ZeroCapacitySpanIsImmediatelyFull (0 ms)
8: [ RUN      ] ByteSpanWriter.OverflowByExactlyOneByteIsCaught
8: [       OK ] ByteSpanWriter.OverflowByExactlyOneByteIsCaught (0 ms)
8: [----------] 7 tests from ByteSpanWriter (0 ms total)
8: 
8: [----------] Global test environment tear-down
8: [==========] 7 tests from 1 test suite ran. (0 ms total)
8: [  PASSED  ] 7 tests.
25/27 Test  #8: test_byte_span_writer ............   Passed    0.01 sec
test 9
      Start  9: test_oos_tde_gate

9: Test command: /home/vimkim/gh/cb/CBRD-27398-pgbuf-inspector-contract/build_preset_debug_gcc/bin/test_oos_tde_gate
9: Working Directory: /home/vimkim/gh/cb/CBRD-27398-pgbuf-inspector-contract/build_preset_debug_gcc/unit_tests/oos
9: Test timeout computed to be: 10000000
9: [==========] Running 3 tests from 1 test suite.
9: [----------] Global test environment set-up.
9: [----------] 3 tests from TdeUserDataGate
9: [ RUN      ] TdeUserDataGate.OosForwardDeleteIsEncryptedRcvindex
9: [       OK ] TdeUserDataGate.OosForwardDeleteIsEncryptedRcvindex (0 ms)
9: [ RUN      ] TdeUserDataGate.SiblingAndBaselineDeletePathsAreGated
9: [       OK ] TdeUserDataGate.SiblingAndBaselineDeletePathsAreGated (0 ms)
9: [ RUN      ] TdeUserDataGate.MetadataOnlyHeapOpIsNotGated
9: [       OK ] TdeUserDataGate.MetadataOnlyHeapOpIsNotGated (0 ms)
9: [----------] 3 tests from TdeUserDataGate (0 ms total)
9: 
9: [----------] Global test environment tear-down
9: [==========] 3 tests from 1 test suite ran. (0 ms total)
9: [  PASSED  ] 3 tests.
26/27 Test  #9: test_oos_tde_gate ................   Passed    0.01 sec
test 27
      Start 27: test_pgbuf_inspector

27: Test command: /home/vimkim/gh/cb/CBRD-27398-pgbuf-inspector-contract/build_preset_debug_gcc/bin/test_pgbuf_inspector
27: Working Directory: /home/vimkim/gh/cb/CBRD-27398-pgbuf-inspector-contract/build_preset_debug_gcc/unit_tests/pgbuf_inspector
27: Test timeout computed to be: 10000000
27: ===============================================================================
27: All tests passed (382651 assertions in 61 test cases)
27: 
27/27 Test #27: test_pgbuf_inspector .............   Passed   34.69 sec

100% tests passed, 0 tests failed out of 27

Total Test time (real) = 134.37 sec
