[WebServer]    Compiling volmap v0.0.0 (/home/vimkim/temp/volmap)

[WebServer]     Finished `dev` profile [unoptimized + debuginfo] target(s) in 3.58s

[WebServer] Bound to 127.0.0.1:41739
[WebServer] Available at (non-exhaustive list):
[WebServer]     http://127.0.0.1:41739
[WebServer] Holding one immutable reading; a changed input invalidates this session.

[WebServer]     Finished `dev` profile [unoptimized + debuginfo] target(s) in 0.06s

[WebServer] Bound to 127.0.0.1:41740
[WebServer] Available at (non-exhaustive list):
[WebServer]     http://127.0.0.1:41740
[WebServer] Holding one immutable reading; a changed input invalidates this session.

[WebServer]     Finished `dev` profile [unoptimized + debuginfo] target(s) in 0.06s

[WebServer] Bound to 127.0.0.1:41741
[WebServer] Available at (non-exhaustive list):
[WebServer]     http://127.0.0.1:41741
[WebServer] Following the input every 500 ms; a change publishes a new generation.


Running 6 tests using 1 worker

(node:1309917) Warning: The 'NO_COLOR' env is ignored due to the 'FORCE_COLOR' env being set.
(Use `node --trace-warnings ...` to show where the warning was created)


[1/6] [chromium] › e2e/observations.spec.ts:6:1 › selected-page observation uses the real producer, HTTP boundary and non-color detail
[2/6] [chromium] › e2e/observations.spec.ts:194:3 › volume/0 composes state marks and switches to explicitly labelled LRU colors
[3/6] [chromium] › e2e/observations.spec.ts:194:3 › sector/0/0 composes state marks and switches to explicitly labelled LRU colors
(node:1310219) Warning: The 'NO_COLOR' env is ignored due to the 'FORCE_COLOR' env being set.
(Use `node --trace-warnings ...` to show where the warning was created)


[4/6] [firefox] › e2e/observations.spec.ts:6:1 › selected-page observation uses the real producer, HTTP boundary and non-color detail
[5/6] [firefox] › e2e/observations.spec.ts:194:3 › volume/0 composes state marks and switches to explicitly labelled LRU colors
[6/6] [firefox] › e2e/observations.spec.ts:194:3 › sector/0/0 composes state marks and switches to explicitly labelled LRU colors
  6 passed (17.1s)
