["/home/vimkim/.cub/install/CBRD-27398-pgbuf-inspector-develop/debug_gcc/bin/cubrid", "createdb", "--db-page-size=16K", "--db-volume-size=32M", "--log-volume-size=20M", "-F", "/home/vimkim/tmp/volmap126-develop-disk-02", "volmap_develop", "en_US.utf8"]
Creating database with 64.0M size using locale en_US.utf8. The total amount of disk space needed is 104.0M.

CUBRID 11.5.0 (11.5.0.2569) (64 debug build)

exit_code=0
["/home/vimkim/.cub/install/CBRD-27398-pgbuf-inspector-develop/debug_gcc/bin/csql", "-S", "-u", "dba", "-i", "/home/vimkim/temp/volmap/fixtures/8cb558b3/generate.sql", "volmap_develop"]
Execute OK. (0.007000 sec) Committed. (0.000000 sec) 
Execute OK. (0.002000 sec) Committed. (0.000000 sec) 
1 row affected. (0.000000 sec) Committed. (0.000000 sec) 
1 row affected. (0.001000 sec) Committed. (0.000000 sec) 
Execute OK. (0.004000 sec) Committed. (0.000000 sec) 
256 rows affected. (0.020001 sec) Committed. (0.000000 sec) 
Execute OK. (0.000000 sec) 

=== <Result of SELECT Command in Line 9> ===

              count(*)
======================
                     2

1 row selected. (0.001000 sec) Committed. (0.000000 sec) 

=== <Result of SELECT Command in Line 10> ===

              count(*)
======================
                   256

1 row selected. (0.001000 sec) Committed. (0.000000 sec) 
exit_code=0
